Children with Parents containing more than two parents
GO:0000012
GO:0000018
GO:0000019
GO:0000023
GO:0000024
GO:0000025
GO:0000032
GO:0000038
GO:0000042
GO:0000050
GO:0000052
GO:0000053
GO:0000054
GO:0000055
GO:0000056
GO:0000060
GO:0000070
GO:0000079
GO:0000083
GO:0000096
GO:0000097
GO:0000098
GO:0000105
GO:0000110
GO:0000111
GO:0000112
GO:0000113
GO:0000117
GO:0000122
GO:0000132
GO:0000142
GO:0000144
GO:0000147
GO:0000154
GO:0000161
GO:0000162
GO:0000165
GO:0000167
GO:0000168
GO:0000169
GO:0000173
GO:0000183
GO:0000184
GO:0000185
GO:0000186
GO:0000187
GO:0000188
GO:0000189
GO:0000196
GO:0000197
GO:0000198
GO:0000199
GO:0000200
GO:0000201
GO:0000208
GO:0000209
GO:0000256
GO:0000270
GO:0000271
GO:0000274
GO:0000275
GO:0000276
GO:0000288
GO:0000289
GO:0000290
GO:0000291
GO:0000292
GO:0000294
GO:0000296
GO:0000308
GO:0000311
GO:0000312
GO:0000313
GO:0000314
GO:0000315
GO:0000321
GO:0000329
GO:0000335
GO:0000336
GO:0000337
GO:0000338
GO:0000365
GO:0000366
GO:0000372
GO:0000373
GO:0000374
GO:0000375
GO:0000376
GO:0000377
GO:0000378
GO:0000379
GO:0000380
GO:0000381
GO:0000394
GO:0000398
GO:0000409
GO:0000410
GO:0000411
GO:0000412
GO:0000413
GO:0000414
GO:0000415
GO:0000416
GO:0000421
GO:0000423
GO:0000424
GO:0000429
GO:0000430
GO:0000431
GO:0000432
GO:0000433
GO:0000434
GO:0000435
GO:0000436
GO:0000437
GO:0000447
GO:0000448
GO:0000449
GO:0000450
GO:0000451
GO:0000452
GO:0000453
GO:0000454
GO:0000455
GO:0000456
GO:0000457
GO:0000458
GO:0000459
GO:0000460
GO:0000461
GO:0000462
GO:0000463
GO:0000464
GO:0000465
GO:0000466
GO:0000467
GO:0000468
GO:0000469
GO:0000470
GO:0000471
GO:0000472
GO:0000473
GO:0000474
GO:0000475
GO:0000476
GO:0000477
GO:0000478
GO:0000479
GO:0000480
GO:0000481
GO:0000482
GO:0000483
GO:0000484
GO:0000485
GO:0000486
GO:0000487
GO:0000488
GO:0000489
GO:0000494
GO:0000495
GO:0000706
GO:0000708
GO:0000710
GO:0000711
GO:0000713
GO:0000714
GO:0000718
GO:0000719
GO:0000720
GO:0000722
GO:0000723
GO:0000724
GO:0000725
GO:0000726
GO:0000727
GO:0000728
GO:0000729
GO:0000731
GO:0000732
GO:0000733
GO:0000734
GO:0000735
GO:0000736
GO:0000737
GO:0000738
GO:0000740
GO:0000743
GO:0000745
GO:0000753
GO:0000754
GO:0000759
GO:0000760
GO:0000766
GO:0000767
GO:0000768
GO:0000769
GO:0000777
GO:0000778
GO:0000787
GO:0000788
GO:0000799
GO:0000820
GO:0000821
GO:0000836
GO:0000837
GO:0000838
GO:0000839
GO:0000902
GO:0000904
GO:0000915
GO:0000947
GO:0000948
GO:0000949
GO:0000950
GO:0000951
GO:0000952
GO:0000953
GO:0000954
GO:0000955
GO:0000956
GO:0000957
GO:0000958
GO:0000959
GO:0000960
GO:0000961
GO:0000962
GO:0000963
GO:0000964
GO:0000965
GO:0000966
GO:0000967
GO:0000968
GO:0000969
GO:0000970
GO:0000971
GO:0001005
GO:0001008
GO:0001009
GO:0001014
GO:0001015
GO:0001022
GO:0001023
GO:0001024
GO:0001033
GO:0001035
GO:0001036
GO:0001038
GO:0001041
GO:0001059
GO:0001060
GO:0001079
GO:0001080
GO:0001081
GO:0001100
GO:0001109
GO:0001110
GO:0001111
GO:0001121
GO:0001122
GO:0001123
GO:0001124
GO:0001125
GO:0001128
GO:0001171
GO:0001172
GO:0001173
GO:0001174
GO:0001175
GO:0001176
GO:0001177
GO:0001178
GO:0001180
GO:0001182
GO:0001183
GO:0001184
GO:0001185
GO:0001192
GO:0001193
GO:0001194
GO:0001195
GO:0001196
GO:0001197
GO:0001198
GO:0001308
GO:0001311
GO:0001312
GO:0001313
GO:0001314
GO:0001316
GO:0001317
GO:0001318
GO:0001320
GO:0001324
GO:0001325
GO:0001326
GO:0001401
GO:0001405
GO:0001410
GO:0001507
GO:0001510
GO:0001514
GO:0001516
GO:0001522
GO:0001523
GO:0001561
GO:0001569
GO:0001572
GO:0001573
GO:0001574
GO:0001575
GO:0001576
GO:0001658
GO:0001661
GO:0001675
GO:0001676
GO:0001680
GO:0001682
GO:0001692
GO:0001694
GO:0001695
GO:0001697
GO:0001698
GO:0001699
GO:0001700
GO:0001701
GO:0001717
GO:0001720
GO:0001766
GO:0001788
GO:0001794
GO:0001795
GO:0001796
GO:0001797
GO:0001798
GO:0001799
GO:0001800
GO:0001801
GO:0001804
GO:0001805
GO:0001808
GO:0001809
GO:0001811
GO:0001812
GO:0001813
GO:0001814
GO:0001815
GO:0001820
GO:0001828
GO:0001831
GO:0001844
GO:0001867
GO:0001868
GO:0001869
GO:0001870
GO:0001883
GO:0001884
GO:0001886
GO:0001897
GO:0001899
GO:0001900
GO:0001905
GO:0001915
GO:0001916
GO:0001920
GO:0001921
GO:0001925
GO:0001926
GO:0001929
GO:0001930
GO:0001932
GO:0001933
GO:0001934
GO:0001951
GO:0001956
GO:0001959
GO:0001960
GO:0001961
GO:0001963
GO:0001969
GO:0001970
GO:0001971
GO:0001981
GO:0001995
GO:0002000
GO:0002001
GO:0002002
GO:0002003
GO:0002005
GO:0002018
GO:0002029
GO:0002030
GO:0002031
GO:0002032
GO:0002036
GO:0002037
GO:0002038
GO:0002048
GO:0002049
GO:0002050
GO:0002052
GO:0002055
GO:0002056
GO:0002057
GO:0002058
GO:0002059
GO:0002060
GO:0002061
GO:0002077
GO:0002080
GO:0002082
GO:0002084
GO:0002085
GO:0002091
GO:0002092
GO:0002093
GO:0002097
GO:0002098
GO:0002099
GO:0002100
GO:0002101
GO:0002103
GO:0002104
GO:0002105
GO:0002106
GO:0002107
GO:0002108
GO:0002109
GO:0002110
GO:0002117
GO:0002119
GO:0002127
GO:0002128
GO:0002129
GO:0002130
GO:0002131
GO:0002132
GO:0002134
GO:0002135
GO:0002136
GO:0002138
GO:0002143
GO:0002146
GO:0002147
GO:0002148
GO:0002149
GO:0002150
GO:0002152
GO:0002155
GO:0002156
GO:0002157
GO:0002164
GO:0002165
GO:0002168
GO:0002179
GO:0002181
GO:0002182
GO:0002195
GO:0002203
GO:0002204
GO:0002206
GO:0002207
GO:0002218
GO:0002220
GO:0002221
GO:0002222
GO:0002223
GO:0002224
GO:0002225
GO:0002230
GO:0002234
GO:0002253
GO:0002254
GO:0002255
GO:0002256
GO:0002257
GO:0002258
GO:0002284
GO:0002289
GO:0002294
GO:0002298
GO:0002302
GO:0002345
GO:0002353
GO:0002374
GO:0002375
GO:0002380
GO:0002382
GO:0002392
GO:0002402
GO:0002403
GO:0002411
GO:0002419
GO:0002420
GO:0002429
GO:0002430
GO:0002431
GO:0002442
GO:0002452
GO:0002496
GO:0002497
GO:0002498
GO:0002499
GO:0002500
GO:0002511
GO:0002529
GO:0002533
GO:0002535
GO:0002541
GO:0002542
GO:0002543
GO:0002546
GO:0002547
GO:0002549
GO:0002550
GO:0002552
GO:0002553
GO:0002554
GO:0002556
GO:0002562
GO:0002565
GO:0002623
GO:0002624
GO:0002626
GO:0002627
GO:0002628
GO:0002629
GO:0002630
GO:0002632
GO:0002633
GO:0002635
GO:0002636
GO:0002641
GO:0002642
GO:0002647
GO:0002648
GO:0002650
GO:0002651
GO:0002653
GO:0002654
GO:0002656
GO:0002657
GO:0002659
GO:0002660
GO:0002662
GO:0002663
GO:0002665
GO:0002666
GO:0002668
GO:0002669
GO:0002671
GO:0002672
GO:0002674
GO:0002675
GO:0002677
GO:0002678
GO:0002681
GO:0002686
GO:0002687
GO:0002689
GO:0002690
GO:0002692
GO:0002693
GO:0002710
GO:0002711
GO:0002713
GO:0002714
GO:0002716
GO:0002717
GO:0002719
GO:0002720
GO:0002721
GO:0002722
GO:0002723
GO:0002724
GO:0002725
GO:0002726
GO:0002727
GO:0002728
GO:0002729
GO:0002730
GO:0002731
GO:0002732
GO:0002733
GO:0002734
GO:0002735
GO:0002736
GO:0002737
GO:0002738
GO:0002739
GO:0002740
GO:0002741
GO:0002742
GO:0002743
GO:0002744
GO:0002752
GO:0002753
GO:0002754
GO:0002755
GO:0002756
GO:0002757
GO:0002758
GO:0002760
GO:0002762
GO:0002763
GO:0002777
GO:0002780
GO:0002783
GO:0002784
GO:0002785
GO:0002786
GO:0002787
GO:0002788
GO:0002789
GO:0002794
GO:0002795
GO:0002796
GO:0002797
GO:0002798
GO:0002799
GO:0002800
GO:0002801
GO:0002802
GO:0002803
GO:0002804
GO:0002805
GO:0002806
GO:0002807
GO:0002808
GO:0002809
GO:0002810
GO:0002811
GO:0002812
GO:0002813
GO:0002814
GO:0002815
GO:0002816
GO:0002817
GO:0002820
GO:0002821
GO:0002823
GO:0002824
GO:0002826
GO:0002827
GO:0002829
GO:0002830
GO:0002838
GO:0002839
GO:0002841
GO:0002842
GO:0002844
GO:0002845
GO:0002846
GO:0002847
GO:0002848
GO:0002850
GO:0002851
GO:0002853
GO:0002854
GO:0002856
GO:0002857
GO:0002859
GO:0002860
GO:0002862
GO:0002863
GO:0002865
GO:0002866
GO:0002868
GO:0002869
GO:0002872
GO:0002873
GO:0002875
GO:0002876
GO:0002878
GO:0002879
GO:0002881
GO:0002882
GO:0002884
GO:0002885
GO:0002890
GO:0002891
GO:0002893
GO:0002894
GO:0002896
GO:0002897
GO:0002898
GO:0002899
GO:0002900
GO:0002906
GO:0002907
GO:0002908
GO:0002909
GO:0002910
GO:0002912
GO:0002913
GO:0002915
GO:0002916
GO:0002918
GO:0002919
GO:0002921
GO:0002922
GO:0002924
GO:0002925
GO:0002926
GO:0002927
GO:0002933
GO:0002936
GO:0002937
GO:0002938
GO:0002939
GO:0002940
GO:0002942
GO:0002943
GO:0002944
GO:0002945
GO:0002946
GO:0002949
GO:0003023
GO:0003024
GO:0003055
GO:0003091
GO:0003129
GO:0003130
GO:0003131
GO:0003132
GO:0003133
GO:0003134
GO:0003136
GO:0003154
GO:0003155
GO:0003251
GO:0003252
GO:0003256
GO:0003257
GO:0003258
GO:0003269
GO:0003303
GO:0003307
GO:0003308
GO:0003316
GO:0003331
GO:0003332
GO:0003333
GO:0003340
GO:0003364
GO:0003371
GO:0003372
GO:0003380
GO:0003381
GO:0003382
GO:0003385
GO:0003390
GO:0003391
GO:0003399
GO:0003412
GO:0003414
GO:0003425
GO:0003426
GO:0003427
GO:0003429
GO:0003434
GO:0003708
GO:0004008
GO:0004880
GO:0004882
GO:0004884
GO:0004886
GO:0004887
GO:0004970
GO:0004971
GO:0004972
GO:0005219
GO:0005220
GO:0005222
GO:0005223
GO:0005242
GO:0005260
GO:0005278
GO:0005291
GO:0005292
GO:0005297
GO:0005298
GO:0005300
GO:0005309
GO:0005314
GO:0005316
GO:0005330
GO:0005332
GO:0005335
GO:0005369
GO:0005388
GO:0005391
GO:0005395
GO:0005436
GO:0005471
GO:0005472
GO:0005525
GO:0005528
GO:0005640
GO:0005675
GO:0005741
GO:0005742
GO:0005744
GO:0005745
GO:0005747
GO:0005749
GO:0005750
GO:0005751
GO:0005753
GO:0005754
GO:0005756
GO:0005761
GO:0005762
GO:0005763
GO:0005765
GO:0005778
GO:0005958
GO:0005977
GO:0005978
GO:0005979
GO:0005980
GO:0005981
GO:0005982
GO:0005983
GO:0005985
GO:0005986
GO:0005987
GO:0005988
GO:0005989
GO:0005990
GO:0005991
GO:0005992
GO:0005993
GO:0005994
GO:0005995
GO:0005998
GO:0005999
GO:0006001
GO:0006005
GO:0006007
GO:0006009
GO:0006011
GO:0006015
GO:0006016
GO:0006017
GO:0006018
GO:0006019
GO:0006021
GO:0006023
GO:0006024
GO:0006025
GO:0006026
GO:0006027
GO:0006028
GO:0006029
GO:0006030
GO:0006031
GO:0006032
GO:0006034
GO:0006035
GO:0006036
GO:0006037
GO:0006038
GO:0006039
GO:0006047
GO:0006048
GO:0006049
GO:0006054
GO:0006055
GO:0006056
GO:0006057
GO:0006058
GO:0006059
GO:0006060
GO:0006061
GO:0006062
GO:0006063
GO:0006064
GO:0006065
GO:0006068
GO:0006070
GO:0006071
GO:0006072
GO:0006073
GO:0006074
GO:0006075
GO:0006076
GO:0006077
GO:0006078
GO:0006079
GO:0006083
GO:0006084
GO:0006085
GO:0006086
GO:0006089
GO:0006090
GO:0006094
GO:0006096
GO:0006097
GO:0006098
GO:0006099
GO:0006101
GO:0006102
GO:0006103
GO:0006104
GO:0006105
GO:0006106
GO:0006107
GO:0006108
GO:0006110
GO:0006112
GO:0006113
GO:0006114
GO:0006115
GO:0006116
GO:0006117
GO:0006119
GO:0006120
GO:0006121
GO:0006122
GO:0006123
GO:0006124
GO:0006127
GO:0006140
GO:0006141
GO:0006142
GO:0006144
GO:0006145
GO:0006146
GO:0006147
GO:0006148
GO:0006149
GO:0006150
GO:0006151
GO:0006152
GO:0006154
GO:0006157
GO:0006161
GO:0006163
GO:0006164
GO:0006165
GO:0006166
GO:0006167
GO:0006168
GO:0006169
GO:0006170
GO:0006171
GO:0006172
GO:0006173
GO:0006174
GO:0006175
GO:0006176
GO:0006177
GO:0006178
GO:0006179
GO:0006180
GO:0006181
GO:0006182
GO:0006183
GO:0006185
GO:0006186
GO:0006187
GO:0006188
GO:0006189
GO:0006190
GO:0006191
GO:0006192
GO:0006193
GO:0006194
GO:0006195
GO:0006196
GO:0006198
GO:0006201
GO:0006202
GO:0006203
GO:0006204
GO:0006206
GO:0006207
GO:0006208
GO:0006209
GO:0006210
GO:0006211
GO:0006212
GO:0006213
GO:0006214
GO:0006216
GO:0006217
GO:0006218
GO:0006219
GO:0006220
GO:0006221
GO:0006222
GO:0006223
GO:0006225
GO:0006226
GO:0006227
GO:0006228
GO:0006229
GO:0006230
GO:0006231
GO:0006232
GO:0006233
GO:0006234
GO:0006235
GO:0006236
GO:0006237
GO:0006238
GO:0006239
GO:0006240
GO:0006241
GO:0006242
GO:0006244
GO:0006245
GO:0006246
GO:0006248
GO:0006249
GO:0006251
GO:0006253
GO:0006254
GO:0006256
GO:0006257
GO:0006258
GO:0006259
GO:0006260
GO:0006261
GO:0006264
GO:0006265
GO:0006266
GO:0006269
GO:0006270
GO:0006271
GO:0006272
GO:0006273
GO:0006274
GO:0006275
GO:0006277
GO:0006278
GO:0006279
GO:0006281
GO:0006282
GO:0006283
GO:0006284
GO:0006285
GO:0006286
GO:0006287
GO:0006288
GO:0006289
GO:0006290
GO:0006293
GO:0006295
GO:0006296
GO:0006297
GO:0006298
GO:0006301
GO:0006302
GO:0006303
GO:0006304
GO:0006305
GO:0006306
GO:0006307
GO:0006308
GO:0006309
GO:0006310
GO:0006311
GO:0006312
GO:0006313
GO:0006314
GO:0006315
GO:0006316
GO:0006342
GO:0006346
GO:0006348
GO:0006349
GO:0006351
GO:0006352
GO:0006353
GO:0006354
GO:0006355
GO:0006356
GO:0006357
GO:0006359
GO:0006360
GO:0006361
GO:0006362
GO:0006363
GO:0006364
GO:0006366
GO:0006367
GO:0006368
GO:0006369
GO:0006370
GO:0006378
GO:0006379
GO:0006382
GO:0006383
GO:0006384
GO:0006385
GO:0006386
GO:0006388
GO:0006390
GO:0006391
GO:0006392
GO:0006393
GO:0006396
GO:0006397
GO:0006398
GO:0006399
GO:0006400
GO:0006401
GO:0006402
GO:0006406
GO:0006407
GO:0006409
GO:0006412
GO:0006414
GO:0006417
GO:0006418
GO:0006419
GO:0006420
GO:0006421
GO:0006422
GO:0006423
GO:0006424
GO:0006425
GO:0006426
GO:0006427
GO:0006428
GO:0006429
GO:0006430
GO:0006431
GO:0006432
GO:0006433
GO:0006434
GO:0006435
GO:0006436
GO:0006437
GO:0006438
GO:0006446
GO:0006447
GO:0006448
GO:0006449
GO:0006450
GO:0006451
GO:0006452
GO:0006464
GO:0006465
GO:0006468
GO:0006469
GO:0006470
GO:0006471
GO:0006473
GO:0006474
GO:0006475
GO:0006476
GO:0006477
GO:0006478
GO:0006479
GO:0006480
GO:0006481
GO:0006482
GO:0006486
GO:0006487
GO:0006488
GO:0006489
GO:0006490
GO:0006491
GO:0006493
GO:0006497
GO:0006498
GO:0006499
GO:0006500
GO:0006501
GO:0006505
GO:0006506
GO:0006507
GO:0006508
GO:0006509
GO:0006511
GO:0006513
GO:0006515
GO:0006516
GO:0006517
GO:0006520
GO:0006522
GO:0006523
GO:0006524
GO:0006525
GO:0006526
GO:0006527
GO:0006528
GO:0006529
GO:0006530
GO:0006531
GO:0006532
GO:0006533
GO:0006534
GO:0006535
GO:0006536
GO:0006537
GO:0006538
GO:0006539
GO:0006540
GO:0006541
GO:0006542
GO:0006543
GO:0006544
GO:0006545
GO:0006546
GO:0006547
GO:0006548
GO:0006549
GO:0006550
GO:0006551
GO:0006552
GO:0006553
GO:0006554
GO:0006555
GO:0006556
GO:0006557
GO:0006558
GO:0006559
GO:0006560
GO:0006561
GO:0006562
GO:0006563
GO:0006564
GO:0006565
GO:0006566
GO:0006567
GO:0006568
GO:0006569
GO:0006570
GO:0006571
GO:0006572
GO:0006573
GO:0006574
GO:0006580
GO:0006581
GO:0006582
GO:0006583
GO:0006584
GO:0006585
GO:0006586
GO:0006587
GO:0006588
GO:0006589
GO:0006590
GO:0006591
GO:0006592
GO:0006593
GO:0006596
GO:0006597
GO:0006600
GO:0006601
GO:0006602
GO:0006603
GO:0006604
GO:0006605
GO:0006606
GO:0006607
GO:0006608
GO:0006609
GO:0006610
GO:0006611
GO:0006612
GO:0006613
GO:0006614
GO:0006616
GO:0006618
GO:0006620
GO:0006621
GO:0006622
GO:0006623
GO:0006624
GO:0006625
GO:0006626
GO:0006627
GO:0006631
GO:0006633
GO:0006634
GO:0006635
GO:0006636
GO:0006638
GO:0006639
GO:0006640
GO:0006641
GO:0006642
GO:0006643
GO:0006644
GO:0006646
GO:0006647
GO:0006648
GO:0006649
GO:0006650
GO:0006651
GO:0006653
GO:0006654
GO:0006655
GO:0006656
GO:0006657
GO:0006658
GO:0006659
GO:0006660
GO:0006661
GO:0006663
GO:0006664
GO:0006665
GO:0006666
GO:0006667
GO:0006668
GO:0006669
GO:0006670
GO:0006671
GO:0006672
GO:0006673
GO:0006675
GO:0006676
GO:0006677
GO:0006678
GO:0006679
GO:0006680
GO:0006681
GO:0006682
GO:0006683
GO:0006684
GO:0006685
GO:0006686
GO:0006687
GO:0006688
GO:0006689
GO:0006690
GO:0006691
GO:0006692
GO:0006693
GO:0006694
GO:0006695
GO:0006696
GO:0006697
GO:0006699
GO:0006700
GO:0006701
GO:0006702
GO:0006703
GO:0006704
GO:0006705
GO:0006706
GO:0006707
GO:0006708
GO:0006709
GO:0006710
GO:0006711
GO:0006712
GO:0006713
GO:0006714
GO:0006715
GO:0006716
GO:0006718
GO:0006719
GO:0006720
GO:0006721
GO:0006722
GO:0006727
GO:0006728
GO:0006729
GO:0006734
GO:0006735
GO:0006738
GO:0006739
GO:0006740
GO:0006741
GO:0006742
GO:0006743
GO:0006744
GO:0006746
GO:0006747
GO:0006750
GO:0006751
GO:0006753
GO:0006754
GO:0006756
GO:0006757
GO:0006760
GO:0006761
GO:0006768
GO:0006769
GO:0006771
GO:0006772
GO:0006776
GO:0006777
GO:0006778
GO:0006779
GO:0006780
GO:0006781
GO:0006782
GO:0006783
GO:0006784
GO:0006785
GO:0006786
GO:0006787
GO:0006788
GO:0006789
GO:0006797
GO:0006798
GO:0006799
GO:0006837
GO:0006839
GO:0006844
GO:0006847
GO:0006849
GO:0006850
GO:0006853
GO:0006863
GO:0006880
GO:0006884
GO:0006886
GO:0006888
GO:0006895
GO:0006896
GO:0006906
GO:0006919
GO:0006956
GO:0006957
GO:0006958
GO:0006963
GO:0006964
GO:0006965
GO:0006967
GO:0006975
GO:0006977
GO:0006985
GO:0006987
GO:0006990
GO:0006995
GO:0007004
GO:0007007
GO:0007008
GO:0007014
GO:0007016
GO:0007026
GO:0007027
GO:0007034
GO:0007036
GO:0007037
GO:0007038
GO:0007039
GO:0007041
GO:0007060
GO:0007063
GO:0007068
GO:0007069
GO:0007070
GO:0007071
GO:0007072
GO:0007073
GO:0007074
GO:0007075
GO:0007079
GO:0007080
GO:0007086
GO:0007087
GO:0007089
GO:0007091
GO:0007094
GO:0007095
GO:0007096
GO:0007097
GO:0007120
GO:0007121
GO:0007131
GO:0007171
GO:0007172
GO:0007174
GO:0007175
GO:0007176
GO:0007182
GO:0007184
GO:0007190
GO:0007194
GO:0007204
GO:0007220
GO:0007221
GO:0007225
GO:0007228
GO:0007231
GO:0007232
GO:0007234
GO:0007250
GO:0007252
GO:0007253
GO:0007254
GO:0007256
GO:0007257
GO:0007258
GO:0007260
GO:0007262
GO:0007268
GO:0007270
GO:0007271
GO:0007274
GO:0007286
GO:0007303
GO:0007304
GO:0007305
GO:0007306
GO:0007307
GO:0007310
GO:0007311
GO:0007312
GO:0007313
GO:0007314
GO:0007317
GO:0007319
GO:0007321
GO:0007323
GO:0007329
GO:0007357
GO:0007360
GO:0007363
GO:0007394
GO:0007406
GO:0007409
GO:0007428
GO:0007429
GO:0007430
GO:0007484
GO:0007485
GO:0007486
GO:0007489
GO:0007495
GO:0007499
GO:0007504
GO:0007505
GO:0007520
GO:0007532
GO:0007533
GO:0007534
GO:0007536
GO:0007537
GO:0007552
GO:0007554
GO:0007555
GO:0007557
GO:0007558
GO:0007597
GO:0007598
GO:0007602
GO:0007603
GO:0007604
GO:0007612
GO:0007613
GO:0007614
GO:0007615
GO:0007616
GO:0007633
GO:0007634
GO:0008024
GO:0008033
GO:0008048
GO:0008064
GO:0008068
GO:0008070
GO:0008071
GO:0008088
GO:0008089
GO:0008090
GO:0008153
GO:0008156
GO:0008202
GO:0008203
GO:0008204
GO:0008205
GO:0008206
GO:0008207
GO:0008208
GO:0008209
GO:0008210
GO:0008211
GO:0008212
GO:0008213
GO:0008214
GO:0008277
GO:0008292
GO:0008293
GO:0008295
GO:0008299
GO:0008300
GO:0008306
GO:0008333
GO:0008334
GO:0008335
GO:0008348
GO:0008355
GO:0008359
GO:0008361
GO:0008377
GO:0008380
GO:0008434
GO:0008507
GO:0008508
GO:0008510
GO:0008511
GO:0008512
GO:0008520
GO:0008542
GO:0008551
GO:0008553
GO:0008554
GO:0008555
GO:0008556
GO:0008558
GO:0008559
GO:0008564
GO:0008566
GO:0008582
GO:0008584
GO:0008585
GO:0008588
GO:0008589
GO:0008591
GO:0008592
GO:0008593
GO:0008594
GO:0008610
GO:0008611
GO:0008612
GO:0008614
GO:0008615
GO:0008616
GO:0008617
GO:0008618
GO:0008627
GO:0008635
GO:0008652
GO:0008653
GO:0008654
GO:0008655
GO:0008900
GO:0009050
GO:0009051
GO:0009052
GO:0009060
GO:0009061
GO:0009062
GO:0009063
GO:0009064
GO:0009065
GO:0009066
GO:0009067
GO:0009068
GO:0009069
GO:0009070
GO:0009071
GO:0009072
GO:0009073
GO:0009074
GO:0009078
GO:0009079
GO:0009080
GO:0009081
GO:0009082
GO:0009083
GO:0009084
GO:0009085
GO:0009086
GO:0009087
GO:0009088
GO:0009089
GO:0009090
GO:0009091
GO:0009092
GO:0009093
GO:0009094
GO:0009095
GO:0009097
GO:0009098
GO:0009099
GO:0009100
GO:0009101
GO:0009102
GO:0009103
GO:0009104
GO:0009106
GO:0009107
GO:0009112
GO:0009113
GO:0009114
GO:0009115
GO:0009116
GO:0009117
GO:0009118
GO:0009119
GO:0009120
GO:0009123
GO:0009124
GO:0009125
GO:0009126
GO:0009127
GO:0009128
GO:0009129
GO:0009130
GO:0009131
GO:0009132
GO:0009133
GO:0009134
GO:0009135
GO:0009136
GO:0009137
GO:0009138
GO:0009139
GO:0009140
GO:0009141
GO:0009142
GO:0009143
GO:0009144
GO:0009145
GO:0009146
GO:0009147
GO:0009148
GO:0009149
GO:0009150
GO:0009151
GO:0009152
GO:0009153
GO:0009154
GO:0009155
GO:0009156
GO:0009157
GO:0009158
GO:0009159
GO:0009161
GO:0009162
GO:0009163
GO:0009164
GO:0009165
GO:0009166
GO:0009167
GO:0009168
GO:0009169
GO:0009170
GO:0009171
GO:0009172
GO:0009173
GO:0009174
GO:0009175
GO:0009176
GO:0009177
GO:0009178
GO:0009179
GO:0009180
GO:0009181
GO:0009182
GO:0009183
GO:0009184
GO:0009185
GO:0009186
GO:0009187
GO:0009188
GO:0009189
GO:0009190
GO:0009191
GO:0009192
GO:0009193
GO:0009194
GO:0009195
GO:0009196
GO:0009197
GO:0009198
GO:0009199
GO:0009200
GO:0009201
GO:0009202
GO:0009203
GO:0009204
GO:0009205
GO:0009206
GO:0009207
GO:0009208
GO:0009209
GO:0009210
GO:0009211
GO:0009212
GO:0009213
GO:0009214
GO:0009215
GO:0009216
GO:0009217
GO:0009218
GO:0009219
GO:0009220
GO:0009221
GO:0009222
GO:0009223
GO:0009224
GO:0009225
GO:0009226
GO:0009227
GO:0009228
GO:0009229
GO:0009230
GO:0009231
GO:0009232
GO:0009233
GO:0009234
GO:0009235
GO:0009236
GO:0009238
GO:0009239
GO:0009240
GO:0009242
GO:0009243
GO:0009244
GO:0009245
GO:0009246
GO:0009247
GO:0009248
GO:0009249
GO:0009250
GO:0009251
GO:0009252
GO:0009253
GO:0009254
GO:0009255
GO:0009256
GO:0009257
GO:0009258
GO:0009259
GO:0009260
GO:0009261
GO:0009262
GO:0009263
GO:0009264
GO:0009265
GO:0009267
GO:0009269
GO:0009270
GO:0009298
GO:0009299
GO:0009300
GO:0009301
GO:0009302
GO:0009303
GO:0009304
GO:0009305
GO:0009307
GO:0009312
GO:0009313
GO:0009371
GO:0009373
GO:0009376
GO:0009386
GO:0009394
GO:0009395
GO:0009396
GO:0009397
GO:0009398
GO:0009403
GO:0009407
GO:0009413
GO:0009414
GO:0009423
GO:0009432
GO:0009435
GO:0009436
GO:0009438
GO:0009439
GO:0009440
GO:0009441
GO:0009442
GO:0009443
GO:0009444
GO:0009446
GO:0009448
GO:0009449
GO:0009450
GO:0009451
GO:0009452
GO:0009503
GO:0009515
GO:0009517
GO:0009518
GO:0009527
GO:0009533
GO:0009534
GO:0009544
GO:0009547
GO:0009553
GO:0009554
GO:0009555
GO:0009556
GO:0009562
GO:0009584
GO:0009585
GO:0009588
GO:0009589
GO:0009616
GO:0009655
GO:0009656
GO:0009671
GO:0009675
GO:0009676
GO:0009683
GO:0009684
GO:0009685
GO:0009686
GO:0009687
GO:0009688
GO:0009689
GO:0009691
GO:0009693
GO:0009694
GO:0009695
GO:0009696
GO:0009697
GO:0009699
GO:0009700
GO:0009701
GO:0009705
GO:0009707
GO:0009708
GO:0009709
GO:0009710
GO:0009711
GO:0009712
GO:0009713
GO:0009714
GO:0009715
GO:0009716
GO:0009717
GO:0009721
GO:0009722
GO:0009724
GO:0009727
GO:0009728
GO:0009729
GO:0009752
GO:0009754
GO:0009759
GO:0009760
GO:0009761
GO:0009762
GO:0009763
GO:0009764
GO:0009766
GO:0009767
GO:0009770
GO:0009771
GO:0009772
GO:0009773
GO:0009777
GO:0009778
GO:0009779
GO:0009780
GO:0009787
GO:0009788
GO:0009789
GO:0009790
GO:0009792
GO:0009793
GO:0009800
GO:0009801
GO:0009802
GO:0009803
GO:0009804
GO:0009805
GO:0009806
GO:0009807
GO:0009808
GO:0009809
GO:0009811
GO:0009819
GO:0009823
GO:0009826
GO:0009836
GO:0009837
GO:0009843
GO:0009848
GO:0009849
GO:0009860
GO:0009864
GO:0009866
GO:0009870
GO:0009902
GO:0009903
GO:0009904
GO:0009908
GO:0009910
GO:0009911
GO:0009932
GO:0009937
GO:0009938
GO:0009939
GO:0009961
GO:0009967
GO:0009968
GO:0009969
GO:0009970
GO:0009972
GO:0009977
GO:0009992
GO:0009996
GO:0009997
GO:0009998
GO:0009999
GO:0010023
GO:0010024
GO:0010025
GO:0010028
GO:0010030
GO:0010059
GO:0010060
GO:0010062
GO:0010063
GO:0010074
GO:0010076
GO:0010077
GO:0010078
GO:0010079
GO:0010080
GO:0010090
GO:0010091
GO:0010094
GO:0010095
GO:0010096
GO:0010097
GO:0010100
GO:0010104
GO:0010105
GO:0010106
GO:0010107
GO:0010113
GO:0010116
GO:0010120
GO:0010121
GO:0010122
GO:0010123
GO:0010124
GO:0010125
GO:0010128
GO:0010132
GO:0010133
GO:0010134
GO:0010138
GO:0010139
GO:0010142
GO:0010144
GO:0010145
GO:0010146
GO:0010147
GO:0010163
GO:0010187
GO:0010189
GO:0010204
GO:0010205
GO:0010206
GO:0010208
GO:0010213
GO:0010216
GO:0010223
GO:0010229
GO:0010230
GO:0010231
GO:0010236
GO:0010238
GO:0010239
GO:0010241
GO:0010246
GO:0010253
GO:0010259
GO:0010262
GO:0010263
GO:0010264
GO:0010267
GO:0010289
GO:0010304
GO:0010306
GO:0010315
GO:0010322
GO:0010323
GO:0010325
GO:0010345
GO:0010350
GO:0010360
GO:0010362
GO:0010364
GO:0010365
GO:0010366
GO:0010372
GO:0010373
GO:0010379
GO:0010384
GO:0010390
GO:0010395
GO:0010399
GO:0010400
GO:0010401
GO:0010402
GO:0010403
GO:0010404
GO:0010405
GO:0010406
GO:0010407
GO:0010408
GO:0010409
GO:0010411
GO:0010412
GO:0010415
GO:0010417
GO:0010423
GO:0010424
GO:0010425
GO:0010426
GO:0010430
GO:0010438
GO:0010442
GO:0010452
GO:0010454
GO:0010455
GO:0010462
GO:0010466
GO:0010469
GO:0010478
GO:0010486
GO:0010492
GO:0010493
GO:0010495
GO:0010498
GO:0010499
GO:0010500
GO:0010501
GO:0010507
GO:0010508
GO:0010510
GO:0010511
GO:0010512
GO:0010513
GO:0010514
GO:0010515
GO:0010520
GO:0010523
GO:0010524
GO:0010533
GO:0010536
GO:0010543
GO:0010544
GO:0010550
GO:0010559
GO:0010560
GO:0010561
GO:0010562
GO:0010563
GO:0010569
GO:0010571
GO:0010572
GO:0010578
GO:0010579
GO:0010581
GO:0010584
GO:0010586
GO:0010587
GO:0010592
GO:0010595
GO:0010596
GO:0010597
GO:0010599
GO:0010601
GO:0010602
GO:0010606
GO:0010615
GO:0010616
GO:0010617
GO:0010620
GO:0010621
GO:0010625
GO:0010626
GO:0010630
GO:0010633
GO:0010634
GO:0010640
GO:0010641
GO:0010642
GO:0010672
GO:0010673
GO:0010674
GO:0010676
GO:0010677
GO:0010678
GO:0010679
GO:0010680
GO:0010681
GO:0010682
GO:0010683
GO:0010684
GO:0010685
GO:0010686
GO:0010688
GO:0010689
GO:0010690
GO:0010691
GO:0010693
GO:0010694
GO:0010699
GO:0010700
GO:0010701
GO:0010704
GO:0010705
GO:0010706
GO:0010707
GO:0010708
GO:0010709
GO:0010711
GO:0010713
GO:0010714
GO:0010718
GO:0010719
GO:0010720
GO:0010721
GO:0010723
GO:0010726
GO:0010727
GO:0010729
GO:0010730
GO:0010731
GO:0010732
GO:0010733
GO:0010734
GO:0010735
GO:0010738
GO:0010739
GO:0010744
GO:0010745
GO:0010746
GO:0010747
GO:0010748
GO:0010749
GO:0010750
GO:0010751
GO:0010752
GO:0010753
GO:0010754
GO:0010755
GO:0010756
GO:0010757
GO:0010759
GO:0010760
GO:0010763
GO:0010764
GO:0010767
GO:0010768
GO:0010770
GO:0010771
GO:0010774
GO:0010775
GO:0010776
GO:0010777
GO:0010778
GO:0010779
GO:0010780
GO:0010781
GO:0010791
GO:0010792
GO:0010793
GO:0010796
GO:0010797
GO:0010798
GO:0010799
GO:0010800
GO:0010801
GO:0010803
GO:0010804
GO:0010805
GO:0010806
GO:0010807
GO:0010808
GO:0010809
GO:0010813
GO:0010814
GO:0010815
GO:0010816
GO:0010820
GO:0010825
GO:0010826
GO:0010831
GO:0010832
GO:0010833
GO:0010835
GO:0010836
GO:0010840
GO:0010841
GO:0010845
GO:0010846
GO:0010862
GO:0010864
GO:0010867
GO:0010868
GO:0010870
GO:0010871
GO:0010873
GO:0010875
GO:0010880
GO:0010881
GO:0010892
GO:0010893
GO:0010894
GO:0010895
GO:0010897
GO:0010898
GO:0010899
GO:0010900
GO:0010904
GO:0010905
GO:0010907
GO:0010908
GO:0010909
GO:0010910
GO:0010914
GO:0010920
GO:0010922
GO:0010923
GO:0010925
GO:0010928
GO:0010929
GO:0010930
GO:0010933
GO:0010935
GO:0010936
GO:0010937
GO:0010938
GO:0010944
GO:0010946
GO:0010947
GO:0010949
GO:0010950
GO:0010951
GO:0010952
GO:0010954
GO:0010955
GO:0010956
GO:0010957
GO:0010958
GO:0010962
GO:0010963
GO:0010964
GO:0010965
GO:0010968
GO:0010969
GO:0010970
GO:0010971
GO:0010972
GO:0010973
GO:0010974
GO:0010976
GO:0010977
GO:0010980
GO:0010990
GO:0010991
GO:0010998
GO:0010999
GO:0011000
GO:0012507
GO:0012508
GO:0012509
GO:0012510
GO:0014007
GO:0014008
GO:0014012
GO:0014014
GO:0014015
GO:0014039
GO:0014040
GO:0014042
GO:0014043
GO:0014046
GO:0014048
GO:0014049
GO:0014050
GO:0014052
GO:0014053
GO:0014054
GO:0014055
GO:0014056
GO:0014057
GO:0014058
GO:0014060
GO:0014063
GO:0014064
GO:0014066
GO:0014067
GO:0014068
GO:0014069
GO:0014701
GO:0014702
GO:0014709
GO:0014710
GO:0014712
GO:0014713
GO:0014717
GO:0014718
GO:0014726
GO:0014727
GO:0014730
GO:0014736
GO:0014737
GO:0014739
GO:0014740
GO:0014808
GO:0014809
GO:0014810
GO:0014811
GO:0014814
GO:0014815
GO:0014853
GO:0014860
GO:0014866
GO:0014868
GO:0014871
GO:0014880
GO:0014881
GO:0014898
GO:0014905
GO:0014911
GO:0014912
GO:0014915
GO:0015009
GO:0015010
GO:0015011
GO:0015012
GO:0015013
GO:0015014
GO:0015015
GO:0015032
GO:0015074
GO:0015126
GO:0015219
GO:0015228
GO:0015264
GO:0015266
GO:0015272
GO:0015277
GO:0015278
GO:0015280
GO:0015306
GO:0015310
GO:0015317
GO:0015319
GO:0015327
GO:0015330
GO:0015344
GO:0015345
GO:0015346
GO:0015360
GO:0015361
GO:0015362
GO:0015366
GO:0015369
GO:0015373
GO:0015375
GO:0015377
GO:0015378
GO:0015379
GO:0015382
GO:0015403
GO:0015407
GO:0015408
GO:0015410
GO:0015411
GO:0015412
GO:0015413
GO:0015414
GO:0015415
GO:0015416
GO:0015417
GO:0015418
GO:0015419
GO:0015420
GO:0015421
GO:0015422
GO:0015423
GO:0015424
GO:0015425
GO:0015426
GO:0015430
GO:0015431
GO:0015432
GO:0015433
GO:0015436
GO:0015437
GO:0015438
GO:0015439
GO:0015440
GO:0015441
GO:0015444
GO:0015445
GO:0015446
GO:0015450
GO:0015462
GO:0015467
GO:0015492
GO:0015493
GO:0015496
GO:0015498
GO:0015501
GO:0015532
GO:0015533
GO:0015539
GO:0015557
GO:0015558
GO:0015565
GO:0015594
GO:0015595
GO:0015598
GO:0015599
GO:0015608
GO:0015609
GO:0015610
GO:0015611
GO:0015612
GO:0015614
GO:0015615
GO:0015619
GO:0015620
GO:0015622
GO:0015623
GO:0015624
GO:0015625
GO:0015628
GO:0015634
GO:0015649
GO:0015650
GO:0015655
GO:0015657
GO:0015661
GO:0015662
GO:0015680
GO:0015685
GO:0015722
GO:0015734
GO:0015838
GO:0015847
GO:0015848
GO:0015853
GO:0015854
GO:0015855
GO:0015856
GO:0015857
GO:0015859
GO:0015860
GO:0015869
GO:0015872
GO:0015874
GO:0015879
GO:0015887
GO:0015911
GO:0015917
GO:0015919
GO:0015934
GO:0015935
GO:0015936
GO:0015937
GO:0015938
GO:0015939
GO:0015940
GO:0015941
GO:0015942
GO:0015943
GO:0015944
GO:0015947
GO:0015948
GO:0015949
GO:0015950
GO:0015951
GO:0015952
GO:0015953
GO:0015954
GO:0015955
GO:0015956
GO:0015957
GO:0015958
GO:0015959
GO:0015960
GO:0015961
GO:0015962
GO:0015963
GO:0015964
GO:0015965
GO:0015966
GO:0015967
GO:0015968
GO:0015969
GO:0015970
GO:0015971
GO:0015972
GO:0015973
GO:0015974
GO:0015986
GO:0015994
GO:0015995
GO:0015996
GO:0016024
GO:0016031
GO:0016036
GO:0016042
GO:0016047
GO:0016053
GO:0016054
GO:0016056
GO:0016059
GO:0016060
GO:0016062
GO:0016063
GO:0016070
GO:0016071
GO:0016072
GO:0016073
GO:0016074
GO:0016075
GO:0016076
GO:0016077
GO:0016078
GO:0016079
GO:0016090
GO:0016091
GO:0016092
GO:0016093
GO:0016094
GO:0016095
GO:0016098
GO:0016099
GO:0016100
GO:0016101
GO:0016102
GO:0016103
GO:0016104
GO:0016105
GO:0016106
GO:0016107
GO:0016108
GO:0016109
GO:0016110
GO:0016111
GO:0016112
GO:0016113
GO:0016114
GO:0016115
GO:0016116
GO:0016117
GO:0016118
GO:0016119
GO:0016120
GO:0016121
GO:0016122
GO:0016123
GO:0016124
GO:0016125
GO:0016126
GO:0016127
GO:0016128
GO:0016129
GO:0016130
GO:0016131
GO:0016132
GO:0016133
GO:0016135
GO:0016136
GO:0016138
GO:0016139
GO:0016144
GO:0016145
GO:0016180
GO:0016182
GO:0016197
GO:0016204
GO:0016233
GO:0016239
GO:0016242
GO:0016243
GO:0016246
GO:0016254
GO:0016255
GO:0016256
GO:0016257
GO:0016258
GO:0016259
GO:0016260
GO:0016261
GO:0016266
GO:0016267
GO:0016268
GO:0016269
GO:0016270
GO:0016320
GO:0016321
GO:0016325
GO:0016344
GO:0016345
GO:0016346
GO:0016444
GO:0016447
GO:0016456
GO:0016463
GO:0016464
GO:0016479
GO:0016480
GO:0016482
GO:0016485
GO:0016486
GO:0016487
GO:0016488
GO:0016525
GO:0016539
GO:0016540
GO:0016553
GO:0016554
GO:0016555
GO:0016556
GO:0016558
GO:0016561
GO:0016567
GO:0016570
GO:0016571
GO:0016572
GO:0016573
GO:0016574
GO:0016575
GO:0016576
GO:0016577
GO:0016578
GO:0016579
GO:0016598
GO:0016925
GO:0016926
GO:0016934
GO:0016973
GO:0017003
GO:0017006
GO:0017007
GO:0017008
GO:0017009
GO:0017010
GO:0017011
GO:0017012
GO:0017013
GO:0017014
GO:0017015
GO:0017055
GO:0017059
GO:0017082
GO:0017116
GO:0017143
GO:0017148
GO:0017153
GO:0017179
GO:0017180
GO:0017181
GO:0017182
GO:0017183
GO:0017184
GO:0017185
GO:0017186
GO:0017187
GO:0017189
GO:0017190
GO:0017192
GO:0017193
GO:0017194
GO:0017195
GO:0017196
GO:0017197
GO:0017198
GO:0017199
GO:0018000
GO:0018001
GO:0018002
GO:0018003
GO:0018004
GO:0018005
GO:0018006
GO:0018007
GO:0018008
GO:0018009
GO:0018011
GO:0018012
GO:0018013
GO:0018014
GO:0018015
GO:0018016
GO:0018019
GO:0018020
GO:0018021
GO:0018022
GO:0018023
GO:0018026
GO:0018027
GO:0018028
GO:0018029
GO:0018032
GO:0018033
GO:0018034
GO:0018035
GO:0018036
GO:0018037
GO:0018038
GO:0018039
GO:0018040
GO:0018041
GO:0018042
GO:0018043
GO:0018044
GO:0018045
GO:0018046
GO:0018047
GO:0018048
GO:0018049
GO:0018050
GO:0018051
GO:0018052
GO:0018053
GO:0018054
GO:0018055
GO:0018057
GO:0018058
GO:0018059
GO:0018060
GO:0018061
GO:0018062
GO:0018063
GO:0018065
GO:0018067
GO:0018068
GO:0018069
GO:0018070
GO:0018072
GO:0018073
GO:0018074
GO:0018075
GO:0018076
GO:0018077
GO:0018078
GO:0018079
GO:0018080
GO:0018081
GO:0018082
GO:0018083
GO:0018084
GO:0018085
GO:0018091
GO:0018094
GO:0018095
GO:0018096
GO:0018097
GO:0018101
GO:0018102
GO:0018103
GO:0018104
GO:0018105
GO:0018106
GO:0018107
GO:0018108
GO:0018109
GO:0018115
GO:0018116
GO:0018117
GO:0018118
GO:0018119
GO:0018120
GO:0018122
GO:0018123
GO:0018124
GO:0018125
GO:0018126
GO:0018132
GO:0018133
GO:0018134
GO:0018137
GO:0018138
GO:0018139
GO:0018140
GO:0018141
GO:0018142
GO:0018143
GO:0018144
GO:0018145
GO:0018146
GO:0018147
GO:0018148
GO:0018149
GO:0018150
GO:0018151
GO:0018152
GO:0018153
GO:0018154
GO:0018155
GO:0018156
GO:0018157
GO:0018158
GO:0018159
GO:0018160
GO:0018161
GO:0018162
GO:0018163
GO:0018164
GO:0018165
GO:0018166
GO:0018167
GO:0018168
GO:0018170
GO:0018171
GO:0018172
GO:0018173
GO:0018174
GO:0018175
GO:0018177
GO:0018178
GO:0018180
GO:0018181
GO:0018182
GO:0018184
GO:0018185
GO:0018186
GO:0018187
GO:0018188
GO:0018189
GO:0018190
GO:0018191
GO:0018192
GO:0018193
GO:0018194
GO:0018195
GO:0018196
GO:0018197
GO:0018198
GO:0018199
GO:0018200
GO:0018201
GO:0018202
GO:0018203
GO:0018204
GO:0018205
GO:0018206
GO:0018207
GO:0018208
GO:0018209
GO:0018210
GO:0018211
GO:0018212
GO:0018213
GO:0018214
GO:0018215
GO:0018216
GO:0018217
GO:0018218
GO:0018219
GO:0018220
GO:0018221
GO:0018222
GO:0018226
GO:0018227
GO:0018228
GO:0018229
GO:0018230
GO:0018231
GO:0018232
GO:0018233
GO:0018234
GO:0018235
GO:0018238
GO:0018240
GO:0018241
GO:0018242
GO:0018243
GO:0018244
GO:0018245
GO:0018246
GO:0018247
GO:0018248
GO:0018249
GO:0018250
GO:0018251
GO:0018252
GO:0018253
GO:0018254
GO:0018255
GO:0018256
GO:0018257
GO:0018258
GO:0018259
GO:0018260
GO:0018261
GO:0018262
GO:0018263
GO:0018264
GO:0018265
GO:0018266
GO:0018267
GO:0018268
GO:0018269
GO:0018270
GO:0018272
GO:0018273
GO:0018274
GO:0018275
GO:0018276
GO:0018277
GO:0018278
GO:0018279
GO:0018280
GO:0018281
GO:0018282
GO:0018283
GO:0018284
GO:0018285
GO:0018287
GO:0018288
GO:0018289
GO:0018290
GO:0018291
GO:0018292
GO:0018293
GO:0018294
GO:0018295
GO:0018296
GO:0018297
GO:0018298
GO:0018299
GO:0018301
GO:0018302
GO:0018303
GO:0018304
GO:0018305
GO:0018306
GO:0018307
GO:0018309
GO:0018310
GO:0018311
GO:0018312
GO:0018313
GO:0018315
GO:0018316
GO:0018317
GO:0018320
GO:0018321
GO:0018322
GO:0018323
GO:0018324
GO:0018325
GO:0018326
GO:0018327
GO:0018328
GO:0018329
GO:0018330
GO:0018331
GO:0018332
GO:0018333
GO:0018334
GO:0018335
GO:0018336
GO:0018339
GO:0018340
GO:0018341
GO:0018342
GO:0018343
GO:0018344
GO:0018345
GO:0018350
GO:0018351
GO:0018352
GO:0018353
GO:0018355
GO:0018356
GO:0018357
GO:0018358
GO:0018359
GO:0018360
GO:0018361
GO:0018362
GO:0018363
GO:0018364
GO:0018366
GO:0018376
GO:0018377
GO:0018378
GO:0018379
GO:0018386
GO:0018387
GO:0018388
GO:0018389
GO:0018390
GO:0018391
GO:0018393
GO:0018394
GO:0018395
GO:0018396
GO:0018397
GO:0018398
GO:0018399
GO:0018400
GO:0018401
GO:0018402
GO:0018403
GO:0018404
GO:0018405
GO:0018406
GO:0018407
GO:0018408
GO:0018410
GO:0018411
GO:0018412
GO:0018413
GO:0018414
GO:0018415
GO:0018416
GO:0018417
GO:0018418
GO:0018420
GO:0018424
GO:0018425
GO:0018426
GO:0018427
GO:0018428
GO:0018429
GO:0018439
GO:0018441
GO:0018442
GO:0018443
GO:0018533
GO:0018864
GO:0018866
GO:0018867
GO:0018868
GO:0018870
GO:0018871
GO:0018872
GO:0018873
GO:0018874
GO:0018875
GO:0018877
GO:0018878
GO:0018880
GO:0018881
GO:0018882
GO:0018883
GO:0018885
GO:0018886
GO:0018887
GO:0018888
GO:0018892
GO:0018896
GO:0018897
GO:0018898
GO:0018899
GO:0018900
GO:0018901
GO:0018902
GO:0018903
GO:0018909
GO:0018918
GO:0018919
GO:0018920
GO:0018921
GO:0018922
GO:0018923
GO:0018924
GO:0018925
GO:0018926
GO:0018928
GO:0018929
GO:0018933
GO:0018934
GO:0018935
GO:0018936
GO:0018939
GO:0018940
GO:0018953
GO:0018956
GO:0018957
GO:0018959
GO:0018960
GO:0018961
GO:0018962
GO:0018963
GO:0018967
GO:0018968
GO:0018969
GO:0018972
GO:0018975
GO:0018976
GO:0018977
GO:0018978
GO:0018979
GO:0018980
GO:0018981
GO:0018982
GO:0019002
GO:0019003
GO:0019051
GO:0019056
GO:0019057
GO:0019060
GO:0019071
GO:0019090
GO:0019091
GO:0019092
GO:0019121
GO:0019122
GO:0019123
GO:0019124
GO:0019125
GO:0019126
GO:0019128
GO:0019129
GO:0019182
GO:0019184
GO:0019240
GO:0019241
GO:0019242
GO:0019243
GO:0019244
GO:0019245
GO:0019246
GO:0019247
GO:0019248
GO:0019249
GO:0019250
GO:0019251
GO:0019252
GO:0019253
GO:0019256
GO:0019258
GO:0019260
GO:0019262
GO:0019263
GO:0019264
GO:0019265
GO:0019266
GO:0019267
GO:0019270
GO:0019272
GO:0019273
GO:0019276
GO:0019277
GO:0019278
GO:0019279
GO:0019280
GO:0019281
GO:0019283
GO:0019284
GO:0019285
GO:0019286
GO:0019287
GO:0019288
GO:0019289
GO:0019290
GO:0019292
GO:0019293
GO:0019294
GO:0019295
GO:0019297
GO:0019298
GO:0019300
GO:0019301
GO:0019302
GO:0019303
GO:0019304
GO:0019305
GO:0019306
GO:0019307
GO:0019308
GO:0019309
GO:0019310
GO:0019315
GO:0019316
GO:0019317
GO:0019319
GO:0019320
GO:0019322
GO:0019323
GO:0019325
GO:0019327
GO:0019328
GO:0019331
GO:0019332
GO:0019334
GO:0019335
GO:0019336
GO:0019337
GO:0019338
GO:0019339
GO:0019340
GO:0019341
GO:0019342
GO:0019343
GO:0019344
GO:0019345
GO:0019346
GO:0019347
GO:0019348
GO:0019349
GO:0019350
GO:0019351
GO:0019352
GO:0019353
GO:0019354
GO:0019355
GO:0019356
GO:0019357
GO:0019358
GO:0019359
GO:0019360
GO:0019361
GO:0019362
GO:0019363
GO:0019364
GO:0019365
GO:0019367
GO:0019368
GO:0019369
GO:0019370
GO:0019371
GO:0019372
GO:0019373
GO:0019374
GO:0019375
GO:0019376
GO:0019377
GO:0019379
GO:0019380
GO:0019381
GO:0019382
GO:0019383
GO:0019384
GO:0019385
GO:0019386
GO:0019387
GO:0019388
GO:0019389
GO:0019390
GO:0019391
GO:0019392
GO:0019393
GO:0019394
GO:0019395
GO:0019396
GO:0019397
GO:0019398
GO:0019399
GO:0019401
GO:0019402
GO:0019403
GO:0019404
GO:0019405
GO:0019406
GO:0019407
GO:0019408
GO:0019409
GO:0019410
GO:0019411
GO:0019412
GO:0019413
GO:0019414
GO:0019415
GO:0019420
GO:0019423
GO:0019424
GO:0019426
GO:0019427
GO:0019428
GO:0019431
GO:0019432
GO:0019433
GO:0019434
GO:0019435
GO:0019436
GO:0019440
GO:0019441
GO:0019442
GO:0019444
GO:0019445
GO:0019446
GO:0019447
GO:0019448
GO:0019449
GO:0019450
GO:0019451
GO:0019452
GO:0019453
GO:0019454
GO:0019455
GO:0019456
GO:0019457
GO:0019458
GO:0019460
GO:0019461
GO:0019462
GO:0019463
GO:0019464
GO:0019465
GO:0019466
GO:0019467
GO:0019468
GO:0019469
GO:0019470
GO:0019471
GO:0019472
GO:0019473
GO:0019474
GO:0019475
GO:0019476
GO:0019477
GO:0019478
GO:0019479
GO:0019480
GO:0019481
GO:0019482
GO:0019483
GO:0019484
GO:0019485
GO:0019486
GO:0019487
GO:0019488
GO:0019489
GO:0019490
GO:0019491
GO:0019492
GO:0019493
GO:0019495
GO:0019496
GO:0019497
GO:0019498
GO:0019500
GO:0019501
GO:0019502
GO:0019503
GO:0019504
GO:0019505
GO:0019506
GO:0019507
GO:0019508
GO:0019509
GO:0019510
GO:0019511
GO:0019512
GO:0019513
GO:0019515
GO:0019516
GO:0019517
GO:0019518
GO:0019519
GO:0019520
GO:0019521
GO:0019522
GO:0019523
GO:0019524
GO:0019525
GO:0019526
GO:0019527
GO:0019528
GO:0019529
GO:0019530
GO:0019535
GO:0019536
GO:0019537
GO:0019539
GO:0019540
GO:0019541
GO:0019542
GO:0019543
GO:0019544
GO:0019545
GO:0019546
GO:0019547
GO:0019548
GO:0019549
GO:0019550
GO:0019551
GO:0019552
GO:0019553
GO:0019554
GO:0019555
GO:0019556
GO:0019557
GO:0019558
GO:0019559
GO:0019560
GO:0019561
GO:0019562
GO:0019563
GO:0019564
GO:0019567
GO:0019568
GO:0019569
GO:0019570
GO:0019571
GO:0019572
GO:0019573
GO:0019574
GO:0019576
GO:0019577
GO:0019578
GO:0019579
GO:0019580
GO:0019583
GO:0019584
GO:0019585
GO:0019586
GO:0019588
GO:0019589
GO:0019590
GO:0019592
GO:0019593
GO:0019594
GO:0019595
GO:0019596
GO:0019597
GO:0019598
GO:0019599
GO:0019601
GO:0019602
GO:0019603
GO:0019604
GO:0019605
GO:0019606
GO:0019607
GO:0019608
GO:0019609
GO:0019610
GO:0019611
GO:0019612
GO:0019614
GO:0019615
GO:0019616
GO:0019617
GO:0019618
GO:0019619
GO:0019620
GO:0019621
GO:0019622
GO:0019623
GO:0019624
GO:0019625
GO:0019626
GO:0019628
GO:0019629
GO:0019630
GO:0019631
GO:0019632
GO:0019633
GO:0019636
GO:0019638
GO:0019639
GO:0019640
GO:0019643
GO:0019645
GO:0019646
GO:0019647
GO:0019648
GO:0019649
GO:0019650
GO:0019651
GO:0019652
GO:0019653
GO:0019654
GO:0019655
GO:0019656
GO:0019657
GO:0019658
GO:0019659
GO:0019660
GO:0019661
GO:0019662
GO:0019664
GO:0019665
GO:0019666
GO:0019667
GO:0019668
GO:0019669
GO:0019670
GO:0019671
GO:0019672
GO:0019673
GO:0019674
GO:0019676
GO:0019677
GO:0019678
GO:0019679
GO:0019680
GO:0019681
GO:0019682
GO:0019683
GO:0019685
GO:0019686
GO:0019687
GO:0019688
GO:0019689
GO:0019690
GO:0019696
GO:0019697
GO:0019698
GO:0019701
GO:0019703
GO:0019704
GO:0019708
GO:0019709
GO:0019710
GO:0019711
GO:0019712
GO:0019713
GO:0019714
GO:0019715
GO:0019716
GO:0019720
GO:0019728
GO:0019729
GO:0019736
GO:0019741
GO:0019742
GO:0019743
GO:0019744
GO:0019745
GO:0019746
GO:0019749
GO:0019752
GO:0019756
GO:0019757
GO:0019758
GO:0019759
GO:0019760
GO:0019761
GO:0019762
GO:0019800
GO:0019801
GO:0019802
GO:0019803
GO:0019805
GO:0019817
GO:0019829
GO:0019836
GO:0019852
GO:0019853
GO:0019854
GO:0019856
GO:0019857
GO:0019858
GO:0019859
GO:0019860
GO:0019872
GO:0019877
GO:0019878
GO:0019879
GO:0019889
GO:0019896
GO:0019907
GO:0019908
GO:0019916
GO:0019917
GO:0019918
GO:0019919
GO:0019920
GO:0019921
GO:0019922
GO:0019923
GO:0019926
GO:0019927
GO:0019928
GO:0019929
GO:0019930
GO:0019931
GO:0019937
GO:0019938
GO:0019939
GO:0019941
GO:0019950
GO:0019951
GO:0019985
GO:0019988
GO:0019990
GO:0020018
GO:0020027
GO:0020028
GO:0021540
GO:0021777
GO:0021809
GO:0021810
GO:0021811
GO:0021817
GO:0021818
GO:0021822
GO:0021882
GO:0021909
GO:0021911
GO:0021912
GO:0021913
GO:0021914
GO:0021918
GO:0021919
GO:0021920
GO:0021937
GO:0021939
GO:0021940
GO:0021941
GO:0021943
GO:0021945
GO:0021952
GO:0021955
GO:0021956
GO:0021957
GO:0021958
GO:0021959
GO:0021960
GO:0021961
GO:0021962
GO:0021963
GO:0021964
GO:0021965
GO:0021974
GO:0021975
GO:0021976
GO:0021977
GO:0022001
GO:0022002
GO:0022003
GO:0022024
GO:0022400
GO:0022401
GO:0022417
GO:0022616
GO:0022625
GO:0022626
GO:0022627
GO:0022628
GO:0022629
GO:0022824
GO:0022848
GO:0022849
GO:0022850
GO:0022851
GO:0022852
GO:0022855
GO:0022856
GO:0022869
GO:0022870
GO:0022871
GO:0022872
GO:0022873
GO:0022874
GO:0022875
GO:0022876
GO:0022877
GO:0022878
GO:0022879
GO:0022880
GO:0022881
GO:0022882
GO:0022885
GO:0022893
GO:0022904
GO:0023002
GO:0023003
GO:0023014
GO:0023015
GO:0023016
GO:0023021
GO:0023022
GO:0023058
GO:0023059
GO:0030016
GO:0030047
GO:0030050
GO:0030070
GO:0030071
GO:0030073
GO:0030083
GO:0030084
GO:0030085
GO:0030091
GO:0030093
GO:0030095
GO:0030111
GO:0030148
GO:0030149
GO:0030150
GO:0030152
GO:0030153
GO:0030162
GO:0030163
GO:0030164
GO:0030166
GO:0030167
GO:0030170
GO:0030174
GO:0030177
GO:0030178
GO:0030186
GO:0030187
GO:0030194
GO:0030195
GO:0030200
GO:0030201
GO:0030202
GO:0030203
GO:0030204
GO:0030205
GO:0030206
GO:0030207
GO:0030208
GO:0030209
GO:0030210
GO:0030211
GO:0030212
GO:0030213
GO:0030214
GO:0030239
GO:0030241
GO:0030243
GO:0030244
GO:0030245
GO:0030253
GO:0030254
GO:0030255
GO:0030258
GO:0030259
GO:0030265
GO:0030285
GO:0030299
GO:0030309
GO:0030310
GO:0030311
GO:0030327
GO:0030328
GO:0030329
GO:0030335
GO:0030336
GO:0030393
GO:0030394
GO:0030417
GO:0030418
GO:0030419
GO:0030420
GO:0030422
GO:0030433
GO:0030437
GO:0030449
GO:0030450
GO:0030451
GO:0030466
GO:0030473
GO:0030476
GO:0030485
GO:0030488
GO:0030490
GO:0030491
GO:0030493
GO:0030494
GO:0030495
GO:0030497
GO:0030501
GO:0030502
GO:0030509
GO:0030510
GO:0030511
GO:0030512
GO:0030513
GO:0030514
GO:0030517
GO:0030538
GO:0030539
GO:0030540
GO:0030573
GO:0030579
GO:0030581
GO:0030592
GO:0030631
GO:0030632
GO:0030633
GO:0030634
GO:0030643
GO:0030645
GO:0030648
GO:0030649
GO:0030651
GO:0030652
GO:0030653
GO:0030654
GO:0030655
GO:0030663
GO:0030665
GO:0030669
GO:0030670
GO:0030671
GO:0030672
GO:0030673
GO:0030683
GO:0030702
GO:0030704
GO:0030705
GO:0030706
GO:0030708
GO:0030710
GO:0030711
GO:0030712
GO:0030713
GO:0030715
GO:0030718
GO:0030722
GO:0030799
GO:0030800
GO:0030801
GO:0030802
GO:0030803
GO:0030804
GO:0030805
GO:0030806
GO:0030807
GO:0030808
GO:0030809
GO:0030810
GO:0030811
GO:0030812
GO:0030813
GO:0030814
GO:0030815
GO:0030816
GO:0030817
GO:0030818
GO:0030819
GO:0030820
GO:0030821
GO:0030822
GO:0030823
GO:0030824
GO:0030825
GO:0030826
GO:0030827
GO:0030828
GO:0030829
GO:0030830
GO:0030831
GO:0030832
GO:0030833
GO:0030834
GO:0030835
GO:0030836
GO:0030837
GO:0030838
GO:0030841
GO:0030846
GO:0030847
GO:0030853
GO:0030854
GO:0030857
GO:0030858
GO:0030861
GO:0030862
GO:0030866
GO:0030867
GO:0030868
GO:0030886
GO:0030887
GO:0030889
GO:0030890
GO:0030908
GO:0030909
GO:0030912
GO:0030913
GO:0030919
GO:0030920
GO:0030921
GO:0030922
GO:0030923
GO:0030924
GO:0030925
GO:0030926
GO:0030927
GO:0030947
GO:0030948
GO:0030949
GO:0030950
GO:0030951
GO:0030953
GO:0030954
GO:0030959
GO:0030960
GO:0030961
GO:0030962
GO:0030963
GO:0030965
GO:0030969
GO:0030970
GO:0030978
GO:0030979
GO:0030980
GO:0030989
GO:0030995
GO:0031022
GO:0031028
GO:0031029
GO:0031030
GO:0031031
GO:0031032
GO:0031033
GO:0031034
GO:0031035
GO:0031036
GO:0031037
GO:0031038
GO:0031041
GO:0031042
GO:0031043
GO:0031044
GO:0031048
GO:0031049
GO:0031050
GO:0031051
GO:0031053
GO:0031054
GO:0031056
GO:0031057
GO:0031058
GO:0031059
GO:0031060
GO:0031061
GO:0031062
GO:0031063
GO:0031064
GO:0031065
GO:0031066
GO:0031067
GO:0031068
GO:0031070
GO:0031086
GO:0031087
GO:0031088
GO:0031089
GO:0031092
GO:0031093
GO:0031101
GO:0031103
GO:0031104
GO:0031108
GO:0031115
GO:0031116
GO:0031117
GO:0031118
GO:0031119
GO:0031120
GO:0031123
GO:0031124
GO:0031125
GO:0031126
GO:0031131
GO:0031133
GO:0031138
GO:0031139
GO:0031140
GO:0031141
GO:0031142
GO:0031145
GO:0031146
GO:0031147
GO:0031148
GO:0031152
GO:0031157
GO:0031158
GO:0031159
GO:0031161
GO:0031162
GO:0031164
GO:0031167
GO:0031168
GO:0031169
GO:0031170
GO:0031171
GO:0031204
GO:0031222
GO:0031263
GO:0031274
GO:0031277
GO:0031282
GO:0031283
GO:0031284
GO:0031286
GO:0031287
GO:0031289
GO:0031292
GO:0031293
GO:0031294
GO:0031295
GO:0031296
GO:0031297
GO:0031318
GO:0031319
GO:0031321
GO:0031327
GO:0031328
GO:0031330
GO:0031331
GO:0031335
GO:0031336
GO:0031337
GO:0031363
GO:0031364
GO:0031365
GO:0031366
GO:0031367
GO:0031372
GO:0031382
GO:0031383
GO:0031384
GO:0031385
GO:0031387
GO:0031388
GO:0031392
GO:0031393
GO:0031394
GO:0031396
GO:0031397
GO:0031398
GO:0031399
GO:0031400
GO:0031401
GO:0031407
GO:0031408
GO:0031425
GO:0031426
GO:0031437
GO:0031438
GO:0031439
GO:0031440
GO:0031441
GO:0031442
GO:0031456
GO:0031457
GO:0031458
GO:0031459
GO:0031460
GO:0031495
GO:0031496
GO:0031506
GO:0031508
GO:0031509
GO:0031524
GO:0031525
GO:0031532
GO:0031536
GO:0031548
GO:0031549
GO:0031550
GO:0031551
GO:0031552
GO:0031553
GO:0031554
GO:0031555
GO:0031556
GO:0031564
GO:0031567
GO:0031568
GO:0031569
GO:0031571
GO:0031573
GO:0031578
GO:0031582
GO:0031585
GO:0031586
GO:0031587
GO:0031591
GO:0031595
GO:0031597
GO:0031621
GO:0031622
GO:0031627
GO:0031629
GO:0031630
GO:0031631
GO:0031632
GO:0031638
GO:0031639
GO:0031642
GO:0031643
GO:0031657
GO:0031658
GO:0031659
GO:0031660
GO:0031661
GO:0031662
GO:0031664
GO:0031665
GO:0031666
GO:0031669
GO:0031670
GO:0031848
GO:0031860
GO:0031887
GO:0031900
GO:0031901
GO:0031902
GO:0031920
GO:0031921
GO:0031922
GO:0031923
GO:0031935
GO:0031936
GO:0031937
GO:0031938
GO:0031939
GO:0031940
GO:0031942
GO:0031944
GO:0031945
GO:0031946
GO:0031947
GO:0031948
GO:0031949
GO:0031950
GO:0031951
GO:0031952
GO:0031953
GO:0031954
GO:0031960
GO:0031979
GO:0031990
GO:0031999
GO:0032000
GO:0032006
GO:0032007
GO:0032008
GO:0032012
GO:0032013
GO:0032014
GO:0032015
GO:0032016
GO:0032017
GO:0032020
GO:0032023
GO:0032024
GO:0032042
GO:0032043
GO:0032048
GO:0032049
GO:0032055
GO:0032056
GO:0032057
GO:0032058
GO:0032061
GO:0032062
GO:0032063
GO:0032064
GO:0032065
GO:0032066
GO:0032069
GO:0032070
GO:0032071
GO:0032072
GO:0032073
GO:0032074
GO:0032075
GO:0032076
GO:0032077
GO:0032078
GO:0032079
GO:0032080
GO:0032081
GO:0032082
GO:0032083
GO:0032084
GO:0032085
GO:0032086
GO:0032087
GO:0032088
GO:0032110
GO:0032111
GO:0032112
GO:0032117
GO:0032120
GO:0032127
GO:0032146
GO:0032147
GO:0032148
GO:0032150
GO:0032151
GO:0032152
GO:0032157
GO:0032168
GO:0032169
GO:0032170
GO:0032172
GO:0032174
GO:0032175
GO:0032177
GO:0032180
GO:0032193
GO:0032194
GO:0032199
GO:0032201
GO:0032204
GO:0032205
GO:0032206
GO:0032207
GO:0032208
GO:0032209
GO:0032210
GO:0032211
GO:0032212
GO:0032213
GO:0032214
GO:0032215
GO:0032223
GO:0032224
GO:0032226
GO:0032227
GO:0032229
GO:0032230
GO:0032232
GO:0032233
GO:0032237
GO:0032254
GO:0032255
GO:0032256
GO:0032257
GO:0032258
GO:0032260
GO:0032261
GO:0032262
GO:0032263
GO:0032264
GO:0032265
GO:0032268
GO:0032269
GO:0032270
GO:0032273
GO:0032276
GO:0032277
GO:0032278
GO:0032288
GO:0032289
GO:0032290
GO:0032297
GO:0032298
GO:0032301
GO:0032302
GO:0032303
GO:0032304
GO:0032305
GO:0032306
GO:0032307
GO:0032308
GO:0032322
GO:0032323
GO:0032324
GO:0032325
GO:0032326
GO:0032327
GO:0032331
GO:0032332
GO:0032335
GO:0032336
GO:0032337
GO:0032338
GO:0032339
GO:0032340
GO:0032341
GO:0032342
GO:0032343
GO:0032345
GO:0032346
GO:0032347
GO:0032348
GO:0032349
GO:0032353
GO:0032361
GO:0032363
GO:0032365
GO:0032366
GO:0032367
GO:0032372
GO:0032373
GO:0032375
GO:0032376
GO:0032378
GO:0032379
GO:0032381
GO:0032382
GO:0032384
GO:0032385
GO:0032389
GO:0032390
GO:0032401
GO:0032402
GO:0032413
GO:0032414
GO:0032416
GO:0032417
GO:0032423
GO:0032424
GO:0032425
GO:0032434
GO:0032435
GO:0032436
GO:0032446
GO:0032447
GO:0032455
GO:0032456
GO:0032457
GO:0032458
GO:0032461
GO:0032464
GO:0032468
GO:0032469
GO:0032470
GO:0032471
GO:0032483
GO:0032485
GO:0032487
GO:0032489
GO:0032497
GO:0032498
GO:0032499
GO:0032507
GO:0032509
GO:0032510
GO:0032511
GO:0032515
GO:0032516
GO:0032518
GO:0032519
GO:0032520
GO:0032521
GO:0032522
GO:0032527
GO:0032532
GO:0032533
GO:0032536
GO:0032543
GO:0032544
GO:0032546
GO:0032547
GO:0032548
GO:0032549
GO:0032550
GO:0032551
GO:0032565
GO:0032566
GO:0032567
GO:0032570
GO:0032575
GO:0032585
GO:0032586
GO:0032590
GO:0032591
GO:0032594
GO:0032595
GO:0032596
GO:0032597
GO:0032598
GO:0032599
GO:0032600
GO:0032763
GO:0032764
GO:0032765
GO:0032769
GO:0032770
GO:0032772
GO:0032773
GO:0032774
GO:0032775
GO:0032776
GO:0032778
GO:0032782
GO:0032784
GO:0032785
GO:0032786
GO:0032787
GO:0032788
GO:0032789
GO:0032792
GO:0032793
GO:0032802
GO:0032803
GO:0032804
GO:0032805
GO:0032811
GO:0032812
GO:0032815
GO:0032816
GO:0032818
GO:0032819
GO:0032821
GO:0032822
GO:0032824
GO:0032825
GO:0032827
GO:0032828
GO:0032830
GO:0032831
GO:0032833
GO:0032834
GO:0032837
GO:0032848
GO:0032849
GO:0032865
GO:0032869
GO:0032872
GO:0032873
GO:0032874
GO:0032875
GO:0032876
GO:0032877
GO:0032883
GO:0032884
GO:0032888
GO:0032925
GO:0032926
GO:0032927
GO:0032929
GO:0032930
GO:0032932
GO:0032933
GO:0032938
GO:0032939
GO:0032949
GO:0032951
GO:0032953
GO:0032955
GO:0032957
GO:0032958
GO:0032959
GO:0032960
GO:0032961
GO:0032962
GO:0032966
GO:0032967
GO:0032968
GO:0032972
GO:0032974
GO:0032975
GO:0032979
GO:0032990
GO:0033004
GO:0033005
GO:0033007
GO:0033008
GO:0033014
GO:0033015
GO:0033017
GO:0033021
GO:0033022
GO:0033026
GO:0033027
GO:0033030
GO:0033031
GO:0033046
GO:0033047
GO:0033048
GO:0033049
GO:0033050
GO:0033052
GO:0033053
GO:0033054
GO:0033055
GO:0033056
GO:0033068
GO:0033070
GO:0033072
GO:0033073
GO:0033074
GO:0033075
GO:0033085
GO:0033086
GO:0033087
GO:0033088
GO:0033089
GO:0033090
GO:0033091
GO:0033092
GO:0033103
GO:0033119
GO:0033120
GO:0033121
GO:0033122
GO:0033123
GO:0033127
GO:0033128
GO:0033129
GO:0033132
GO:0033133
GO:0033135
GO:0033137
GO:0033138
GO:0033139
GO:0033140
GO:0033141
GO:0033143
GO:0033144
GO:0033145
GO:0033146
GO:0033147
GO:0033148
GO:0033151
GO:0033152
GO:0033153
GO:0033154
GO:0033158
GO:0033159
GO:0033160
GO:0033168
GO:0033169
GO:0033174
GO:0033175
GO:0033182
GO:0033183
GO:0033184
GO:0033217
GO:0033220
GO:0033221
GO:0033225
GO:0033228
GO:0033230
GO:0033232
GO:0033233
GO:0033234
GO:0033235
GO:0033239
GO:0033240
GO:0033242
GO:0033243
GO:0033245
GO:0033246
GO:0033247
GO:0033248
GO:0033249
GO:0033258
GO:0033259
GO:0033260
GO:0033262
GO:0033266
GO:0033272
GO:0033283
GO:0033284
GO:0033285
GO:0033286
GO:0033288
GO:0033297
GO:0033299
GO:0033303
GO:0033304
GO:0033305
GO:0033306
GO:0033307
GO:0033310
GO:0033311
GO:0033312
GO:0033314
GO:0033315
GO:0033316
GO:0033317
GO:0033318
GO:0033319
GO:0033320
GO:0033321
GO:0033322
GO:0033323
GO:0033324
GO:0033325
GO:0033330
GO:0033331
GO:0033332
GO:0033345
GO:0033346
GO:0033348
GO:0033350
GO:0033351
GO:0033352
GO:0033353
GO:0033354
GO:0033355
GO:0033356
GO:0033357
GO:0033358
GO:0033359
GO:0033360
GO:0033361
GO:0033362
GO:0033369
GO:0033370
GO:0033372
GO:0033373
GO:0033376
GO:0033377
GO:0033378
GO:0033379
GO:0033381
GO:0033382
GO:0033383
GO:0033384
GO:0033385
GO:0033386
GO:0033387
GO:0033388
GO:0033389
GO:0033390
GO:0033393
GO:0033394
GO:0033395
GO:0033396
GO:0033397
GO:0033398
GO:0033399
GO:0033400
GO:0033465
GO:0033466
GO:0033467
GO:0033468
GO:0033469
GO:0033470
GO:0033471
GO:0033472
GO:0033473
GO:0033474
GO:0033475
GO:0033476
GO:0033478
GO:0033479
GO:0033480
GO:0033481
GO:0033482
GO:0033485
GO:0033486
GO:0033487
GO:0033488
GO:0033489
GO:0033490
GO:0033492
GO:0033493
GO:0033494
GO:0033495
GO:0033496
GO:0033497
GO:0033498
GO:0033499
GO:0033503
GO:0033506
GO:0033507
GO:0033508
GO:0033509
GO:0033511
GO:0033512
GO:0033513
GO:0033514
GO:0033515
GO:0033516
GO:0033517
GO:0033518
GO:0033519
GO:0033520
GO:0033521
GO:0033522
GO:0033523
GO:0033524
GO:0033525
GO:0033526
GO:0033527
GO:0033529
GO:0033532
GO:0033534
GO:0033536
GO:0033537
GO:0033538
GO:0033539
GO:0033540
GO:0033541
GO:0033542
GO:0033543
GO:0033544
GO:0033545
GO:0033546
GO:0033548
GO:0033559
GO:0033561
GO:0033567
GO:0033569
GO:0033570
GO:0033575
GO:0033576
GO:0033577
GO:0033578
GO:0033579
GO:0033580
GO:0033581
GO:0033582
GO:0033584
GO:0033585
GO:0033586
GO:0033587
GO:0033602
GO:0033603
GO:0033604
GO:0033605
GO:0033606
GO:0033609
GO:0033610
GO:0033611
GO:0033619
GO:0033621
GO:0033625
GO:0033626
GO:0033660
GO:0033661
GO:0033662
GO:0033663
GO:0033664
GO:0033671
GO:0033672
GO:0033673
GO:0033674
GO:0033681
GO:0033682
GO:0033683
GO:0033684
GO:0033685
GO:0033686
GO:0033692
GO:0033693
GO:0033697
GO:0033700
GO:0033859
GO:0033861
GO:0033864
GO:0033865
GO:0033866
GO:0033869
GO:0033875
GO:0033967
GO:0033979
GO:0034030
GO:0034031
GO:0034032
GO:0034033
GO:0034034
GO:0034035
GO:0034036
GO:0034037
GO:0034040
GO:0034041
GO:0034051
GO:0034052
GO:0034053
GO:0034054
GO:0034055
GO:0034058
GO:0034078
GO:0034079
GO:0034091
GO:0034092
GO:0034093
GO:0034094
GO:0034095
GO:0034096
GO:0034107
GO:0034108
GO:0034121
GO:0034122
GO:0034123
GO:0034124
GO:0034125
GO:0034126
GO:0034127
GO:0034128
GO:0034129
GO:0034130
GO:0034131
GO:0034132
GO:0034133
GO:0034134
GO:0034135
GO:0034136
GO:0034137
GO:0034138
GO:0034139
GO:0034140
GO:0034141
GO:0034142
GO:0034143
GO:0034144
GO:0034145
GO:0034146
GO:0034147
GO:0034148
GO:0034149
GO:0034150
GO:0034151
GO:0034152
GO:0034153
GO:0034154
GO:0034155
GO:0034156
GO:0034157
GO:0034158
GO:0034159
GO:0034160
GO:0034161
GO:0034162
GO:0034163
GO:0034164
GO:0034165
GO:0034166
GO:0034167
GO:0034168
GO:0034169
GO:0034170
GO:0034171
GO:0034172
GO:0034173
GO:0034174
GO:0034175
GO:0034176
GO:0034177
GO:0034178
GO:0034179
GO:0034180
GO:0034181
GO:0034182
GO:0034183
GO:0034184
GO:0034192
GO:0034193
GO:0034194
GO:0034195
GO:0034198
GO:0034199
GO:0034201
GO:0034205
GO:0034207
GO:0034208
GO:0034209
GO:0034210
GO:0034213
GO:0034215
GO:0034216
GO:0034217
GO:0034218
GO:0034221
GO:0034222
GO:0034223
GO:0034224
GO:0034225
GO:0034227
GO:0034230
GO:0034231
GO:0034232
GO:0034233
GO:0034234
GO:0034238
GO:0034240
GO:0034241
GO:0034243
GO:0034244
GO:0034247
GO:0034249
GO:0034250
GO:0034252
GO:0034253
GO:0034263
GO:0034264
GO:0034265
GO:0034266
GO:0034267
GO:0034268
GO:0034269
GO:0034275
GO:0034276
GO:0034291
GO:0034294
GO:0034295
GO:0034296
GO:0034300
GO:0034301
GO:0034302
GO:0034303
GO:0034304
GO:0034307
GO:0034309
GO:0034310
GO:0034312
GO:0034313
GO:0034314
GO:0034315
GO:0034316
GO:0034354
GO:0034355
GO:0034356
GO:0034369
GO:0034370
GO:0034371
GO:0034372
GO:0034373
GO:0034374
GO:0034375
GO:0034376
GO:0034377
GO:0034378
GO:0034379
GO:0034380
GO:0034395
GO:0034396
GO:0034404
GO:0034406
GO:0034407
GO:0034408
GO:0034409
GO:0034410
GO:0034411
GO:0034412
GO:0034413
GO:0034414
GO:0034415
GO:0034418
GO:0034420
GO:0034421
GO:0034422
GO:0034427
GO:0034428
GO:0034429
GO:0034433
GO:0034434
GO:0034435
GO:0034438
GO:0034439
GO:0034440
GO:0034441
GO:0034442
GO:0034443
GO:0034444
GO:0034445
GO:0034446
GO:0034459
GO:0034466
GO:0034467
GO:0034470
GO:0034471
GO:0034472
GO:0034473
GO:0034474
GO:0034475
GO:0034476
GO:0034477
GO:0034478
GO:0034484
GO:0034487
GO:0034488
GO:0034489
GO:0034490
GO:0034491
GO:0034493
GO:0034498
GO:0034499
GO:0034514
GO:0034515
GO:0034585
GO:0034586
GO:0034587
GO:0034588
GO:0034592
GO:0034614
GO:0034620
GO:0034625
GO:0034626
GO:0034627
GO:0034628
GO:0034636
GO:0034637
GO:0034638
GO:0034640
GO:0034642
GO:0034643
GO:0034650
GO:0034651
GO:0034653
GO:0034654
GO:0034655
GO:0034656
GO:0034660
GO:0034661
GO:0034665
GO:0034666
GO:0034667
GO:0034668
GO:0034669
GO:0034674
GO:0034675
GO:0034676
GO:0034677
GO:0034678
GO:0034679
GO:0034680
GO:0034681
GO:0034682
GO:0034683
GO:0034684
GO:0034685
GO:0034686
GO:0034687
GO:0034688
GO:0034689
GO:0034690
GO:0034691
GO:0034694
GO:0034695
GO:0034696
GO:0034697
GO:0034720
GO:0034721
GO:0034729
GO:0034760
GO:0034761
GO:0034770
GO:0034771
GO:0034772
GO:0034773
GO:0034774
GO:0034775
GO:0034959
GO:0034963
GO:0034964
GO:0034965
GO:0034966
GO:0034968
GO:0034969
GO:0034970
GO:0034971
GO:0034972
GO:0034982
GO:0034983
GO:0034998
GO:0034999
GO:0035000
GO:0035006
GO:0035008
GO:0035009
GO:0035011
GO:0035019
GO:0035020
GO:0035021
GO:0035022
GO:0035023
GO:0035024
GO:0035025
GO:0035046
GO:0035048
GO:0035065
GO:0035066
GO:0035067
GO:0035075
GO:0035103
GO:0035105
GO:0035106
GO:0035126
GO:0035155
GO:0035157
GO:0035190
GO:0035191
GO:0035192
GO:0035194
GO:0035195
GO:0035196
GO:0035203
GO:0035204
GO:0035205
GO:0035207
GO:0035208
GO:0035209
GO:0035210
GO:0035213
GO:0035214
GO:0035215
GO:0035216
GO:0035217
GO:0035218
GO:0035219
GO:0035220
GO:0035231
GO:0035238
GO:0035245
GO:0035246
GO:0035247
GO:0035249
GO:0035260
GO:0035261
GO:0035268
GO:0035269
GO:0035278
GO:0035279
GO:0035294
GO:0035304
GO:0035305
GO:0035306
GO:0035307
GO:0035308
GO:0035318
GO:0035319
GO:0035330
GO:0035331
GO:0035332
GO:0035333
GO:0035334
GO:0035335
GO:0035336
GO:0035337
GO:0035338
GO:0035339
GO:0035344
GO:0035349
GO:0035351
GO:0035353
GO:0035358
GO:0035359
GO:0035360
GO:0035364
GO:0035370
GO:0035386
GO:0035387
GO:0035388
GO:0035397
GO:0035398
GO:0035399
GO:0035404
GO:0035405
GO:0035406
GO:0035407
GO:0035408
GO:0035409
GO:0035411
GO:0035412
GO:0035413
GO:0035414
GO:0035419
GO:0035420
GO:0035421
GO:0035422
GO:0035423
GO:0035424
GO:0035425
GO:0035429
GO:0035431
GO:0035432
GO:0035433
GO:0035435
GO:0035437
GO:0035440
GO:0035445
GO:0035464
GO:0035470
GO:0035480
GO:0035481
GO:0035491
GO:0035492
GO:0035498
GO:0035499
GO:0035504
GO:0035505
GO:0035506
GO:0035507
GO:0035508
GO:0035509
GO:0035510
GO:0035511
GO:0035512
GO:0035513
GO:0035518
GO:0035519
GO:0035520
GO:0035521
GO:0035522
GO:0035523
GO:0035524
GO:0035528
GO:0035534
GO:0035535
GO:0035536
GO:0035537
GO:0035543
GO:0035544
GO:0035546
GO:0035547
GO:0035548
GO:0035549
GO:0035551
GO:0035552
GO:0035553
GO:0035554
GO:0035568
GO:0035570
GO:0035571
GO:0035572
GO:0035573
GO:0035574
GO:0035577
GO:0035578
GO:0035579
GO:0035580
GO:0035581
GO:0035582
GO:0035583
GO:0035593
GO:0035600
GO:0035601
GO:0035606
GO:0035608
GO:0035609
GO:0035610
GO:0035611
GO:0035616
GO:0035621
GO:0035624
GO:0035625
GO:0035629
GO:0035632
GO:0035646
GO:0035652
GO:0035653
GO:0035654
GO:0035660
GO:0035661
GO:0035664
GO:0035665
GO:0035666
GO:0035667
GO:0035668
GO:0035669
GO:0035674
GO:0035678
GO:0035679
GO:0035680
GO:0035681
GO:0035682
GO:0035694
GO:0035695
GO:0035708
GO:0035714
GO:0035720
GO:0035721
GO:0035724
GO:0035735
GO:0035753
GO:0035760
GO:0035773
GO:0035774
GO:0035780
GO:0035781
GO:0035783
GO:0035793
GO:0035794
GO:0035795
GO:0035806
GO:0035807
GO:0035814
GO:0035815
GO:0035816
GO:0035819
GO:0035820
GO:0035822
GO:0035823
GO:0035824
GO:0035825
GO:0035830
GO:0035831
GO:0035832
GO:0035833
GO:0035835
GO:0035837
GO:0035862
GO:0035863
GO:0035871
GO:0035873
GO:0035874
GO:0035879
GO:0035884
GO:0035892
GO:0035893
GO:0035894
GO:0035895
GO:0035896
GO:0035897
GO:0035899
GO:0035926
GO:0035927
GO:0035928
GO:0035940
GO:0035945
GO:0035946
GO:0035947
GO:0035948
GO:0035949
GO:0035950
GO:0035951
GO:0035952
GO:0035953
GO:0035954
GO:0035955
GO:0035956
GO:0035957
GO:0035958
GO:0035959
GO:0035960
GO:0035961
GO:0035965
GO:0035968
GO:0035969
GO:0035970
GO:0035971
GO:0035975
GO:0035977
GO:0035978
GO:0035984
GO:0035986
GO:0035995
GO:0035998
GO:0035999
GO:0036001
GO:0036003
GO:0036008
GO:0036013
GO:0036020
GO:0036039
GO:0036040
GO:0036042
GO:0036046
GO:0036047
GO:0036048
GO:0036049
GO:0036050
GO:0036066
GO:0036067
GO:0036068
GO:0036069
GO:0036070
GO:0036078
GO:0036083
GO:0036086
GO:0036088
GO:0036091
GO:0036092
GO:0036095
GO:0036098
GO:0036099
GO:0036100
GO:0036101
GO:0036102
GO:0036103
GO:0036104
GO:0036107
GO:0036108
GO:0036109
GO:0036110
GO:0036111
GO:0036112
GO:0036113
GO:0036114
GO:0036115
GO:0036116
GO:0036121
GO:0036123
GO:0036124
GO:0036129
GO:0036138
GO:0036148
GO:0036149
GO:0036150
GO:0036151
GO:0036152
GO:0036153
GO:0036154
GO:0036155
GO:0036172
GO:0036182
GO:0036183
GO:0036184
GO:0036186
GO:0036196
GO:0036197
GO:0036198
GO:0036205
GO:0036210
GO:0036211
GO:0036223
GO:0036225
GO:0036228
GO:0036233
GO:0036234
GO:0036235
GO:0036236
GO:0036241
GO:0036242
GO:0036250
GO:0036251
GO:0036252
GO:0036254
GO:0036256
GO:0036259
GO:0036260
GO:0036261
GO:0036265
GO:0036266
GO:0036278
GO:0036279
GO:0036280
GO:0036283
GO:0036289
GO:0036290
GO:0036291
GO:0036297
GO:0036298
GO:0036299
GO:0036300
GO:0036315
GO:0036316
GO:0036340
GO:0036341
GO:0036344
GO:0036346
GO:0036351
GO:0036352
GO:0036353
GO:0036358
GO:0036369
GO:0036371
GO:0036378
GO:0036391
GO:0036394
GO:0036395
GO:0036404
GO:0036413
GO:0036414
GO:0036442
GO:0036444
GO:0036450
GO:0036451
GO:0036453
GO:0036465
GO:0036466
GO:0036490
GO:0036491
GO:0036492
GO:0036493
GO:0036494
GO:0036495
GO:0036496
GO:0036497
GO:0036503
GO:0036504
GO:0036507
GO:0036508
GO:0036509
GO:0036510
GO:0036511
GO:0036512
GO:0036520
GO:0036523
GO:0036525
GO:0036526
GO:0036527
GO:0036528
GO:0036529
GO:0036530
GO:0036531
GO:0038001
GO:0038002
GO:0038004
GO:0038005
GO:0038009
GO:0038010
GO:0038011
GO:0038012
GO:0038013
GO:0038014
GO:0038015
GO:0038016
GO:0038017
GO:0038018
GO:0038032
GO:0038033
GO:0038040
GO:0038041
GO:0038044
GO:0038050
GO:0038052
GO:0038055
GO:0038056
GO:0038066
GO:0038083
GO:0038089
GO:0038090
GO:0038096
GO:0038097
GO:0038098
GO:0038101
GO:0038105
GO:0038107
GO:0038123
GO:0038124
GO:0038175
GO:0038176
GO:0038177
GO:0038178
GO:0039016
GO:0039501
GO:0039502
GO:0039503
GO:0039504
GO:0039505
GO:0039510
GO:0039512
GO:0039513
GO:0039517
GO:0039520
GO:0039521
GO:0039523
GO:0039524
GO:0039528
GO:0039529
GO:0039530
GO:0039531
GO:0039532
GO:0039533
GO:0039534
GO:0039535
GO:0039536
GO:0039537
GO:0039538
GO:0039539
GO:0039540
GO:0039541
GO:0039542
GO:0039543
GO:0039544
GO:0039545
GO:0039546
GO:0039548
GO:0039549
GO:0039550
GO:0039551
GO:0039554
GO:0039555
GO:0039557
GO:0039558
GO:0039559
GO:0039560
GO:0039561
GO:0039566
GO:0039569
GO:0039570
GO:0039571
GO:0039572
GO:0039573
GO:0039574
GO:0039575
GO:0039576
GO:0039577
GO:0039578
GO:0039579
GO:0039580
GO:0039581
GO:0039582
GO:0039583
GO:0039584
GO:0039586
GO:0039588
GO:0039589
GO:0039591
GO:0039595
GO:0039596
GO:0039597
GO:0039600
GO:0039602
GO:0039604
GO:0039606
GO:0039607
GO:0039608
GO:0039611
GO:0039612
GO:0039613
GO:0039614
GO:0039639
GO:0039644
GO:0039647
GO:0039649
GO:0039650
GO:0039651
GO:0039652
GO:0039653
GO:0039671
GO:0039672
GO:0039673
GO:0039698
GO:0039699
GO:0039703
GO:0039705
GO:0039712
GO:0039722
GO:0039723
GO:0039724
GO:0040001
GO:0040015
GO:0040018
GO:0040024
GO:0040026
GO:0040027
GO:0040031
GO:0040033
GO:0040035
GO:0040036
GO:0040037
GO:0042023
GO:0042033
GO:0042034
GO:0042035
GO:0042036
GO:0042037
GO:0042038
GO:0042039
GO:0042040
GO:0042042
GO:0042046
GO:0042047
GO:0042058
GO:0042059
GO:0042062
GO:0042070
GO:0042073
GO:0042075
GO:0042076
GO:0042077
GO:0042081
GO:0042082
GO:0042089
GO:0042090
GO:0042091
GO:0042093
GO:0042094
GO:0042095
GO:0042097
GO:0042102
GO:0042103
GO:0042104
GO:0042107
GO:0042108
GO:0042109
GO:0042120
GO:0042121
GO:0042122
GO:0042125
GO:0042126
GO:0042128
GO:0042130
GO:0042138
GO:0042147
GO:0042148
GO:0042149
GO:0042150
GO:0042152
GO:0042157
GO:0042158
GO:0042159
GO:0042160
GO:0042161
GO:0042167
GO:0042168
GO:0042174
GO:0042176
GO:0042177
GO:0042179
GO:0042181
GO:0042182
GO:0042183
GO:0042185
GO:0042186
GO:0042187
GO:0042188
GO:0042189
GO:0042190
GO:0042192
GO:0042193
GO:0042194
GO:0042195
GO:0042196
GO:0042199
GO:0042200
GO:0042201
GO:0042202
GO:0042203
GO:0042204
GO:0042205
GO:0042206
GO:0042208
GO:0042209
GO:0042210
GO:0042211
GO:0042212
GO:0042213
GO:0042214
GO:0042215
GO:0042217
GO:0042218
GO:0042222
GO:0042223
GO:0042225
GO:0042226
GO:0042227
GO:0042228
GO:0042229
GO:0042230
GO:0042231
GO:0042232
GO:0042233
GO:0042234
GO:0042235
GO:0042236
GO:0042237
GO:0042238
GO:0042239
GO:0042240
GO:0042241
GO:0042243
GO:0042244
GO:0042245
GO:0042253
GO:0042258
GO:0042259
GO:0042262
GO:0042264
GO:0042265
GO:0042270
GO:0042271
GO:0042275
GO:0042276
GO:0042278
GO:0042297
GO:0042306
GO:0042307
GO:0042308
GO:0042313
GO:0042316
GO:0042317
GO:0042318
GO:0042320
GO:0042321
GO:0042322
GO:0042323
GO:0042326
GO:0042327
GO:0042339
GO:0042340
GO:0042342
GO:0042343
GO:0042344
GO:0042345
GO:0042346
GO:0042347
GO:0042348
GO:0042350
GO:0042351
GO:0042352
GO:0042353
GO:0042355
GO:0042357
GO:0042358
GO:0042359
GO:0042361
GO:0042362
GO:0042363
GO:0042364
GO:0042365
GO:0042366
GO:0042367
GO:0042368
GO:0042369
GO:0042370
GO:0042371
GO:0042372
GO:0042373
GO:0042374
GO:0042376
GO:0042377
GO:0042396
GO:0042397
GO:0042399
GO:0042400
GO:0042401
GO:0042403
GO:0042404
GO:0042407
GO:0042412
GO:0042413
GO:0042414
GO:0042415
GO:0042416
GO:0042417
GO:0042418
GO:0042419
GO:0042420
GO:0042421
GO:0042422
GO:0042423
GO:0042424
GO:0042425
GO:0042427
GO:0042428
GO:0042429
GO:0042431
GO:0042432
GO:0042433
GO:0042435
GO:0042436
GO:0042437
GO:0042438
GO:0042442
GO:0042444
GO:0042448
GO:0042450
GO:0042451
GO:0042452
GO:0042453
GO:0042454
GO:0042455
GO:0042457
GO:0042458
GO:0042459
GO:0042479
GO:0042480
GO:0042488
GO:0042489
GO:0042494
GO:0042495
GO:0042496
GO:0042501
GO:0042509
GO:0042531
GO:0042532
GO:0042533
GO:0042534
GO:0042535
GO:0042536
GO:0042540
GO:0042541
GO:0042543
GO:0042544
GO:0042559
GO:0042560
GO:0042572
GO:0042573
GO:0042574
GO:0042584
GO:0042589
GO:0042616
GO:0042617
GO:0042622
GO:0042625
GO:0042628
GO:0042631
GO:0042644
GO:0042647
GO:0042649
GO:0042652
GO:0042653
GO:0042655
GO:0042660
GO:0042662
GO:0042664
GO:0042666
GO:0042673
GO:0042683
GO:0042689
GO:0042690
GO:0042691
GO:0042720
GO:0042721
GO:0042723
GO:0042724
GO:0042725
GO:0042727
GO:0042728
GO:0042730
GO:0042758
GO:0042759
GO:0042760
GO:0042761
GO:0042773
GO:0042774
GO:0042775
GO:0042776
GO:0042777
GO:0042778
GO:0042779
GO:0042780
GO:0042782
GO:0042783
GO:0042784
GO:0042785
GO:0042786
GO:0042787
GO:0042788
GO:0042789
GO:0042790
GO:0042791
GO:0042792
GO:0042793
GO:0042794
GO:0042795
GO:0042796
GO:0042797
GO:0042811
GO:0042812
GO:0042814
GO:0042815
GO:0042816
GO:0042817
GO:0042818
GO:0042819
GO:0042820
GO:0042821
GO:0042822
GO:0042823
GO:0042836
GO:0042837
GO:0042838
GO:0042839
GO:0042840
GO:0042841
GO:0042842
GO:0042843
GO:0042845
GO:0042846
GO:0042847
GO:0042848
GO:0042849
GO:0042850
GO:0042851
GO:0042852
GO:0042853
GO:0042854
GO:0042855
GO:0042856
GO:0042857
GO:0042858
GO:0042859
GO:0042860
GO:0042861
GO:0042862
GO:0042863
GO:0042864
GO:0042865
GO:0042866
GO:0042867
GO:0042868
GO:0042902
GO:0042904
GO:0042905
GO:0042906
GO:0042912
GO:0042913
GO:0042928
GO:0042961
GO:0042967
GO:0042976
GO:0042982
GO:0042983
GO:0042984
GO:0042985
GO:0042986
GO:0042987
GO:0042989
GO:0042990
GO:0042991
GO:0042992
GO:0042993
GO:0042994
GO:0042996
GO:0042997
GO:0042998
GO:0042999
GO:0043000
GO:0043001
GO:0043002
GO:0043003
GO:0043004
GO:0043007
GO:0043009
GO:0043013
GO:0043016
GO:0043017
GO:0043018
GO:0043031
GO:0043032
GO:0043038
GO:0043039
GO:0043040
GO:0043041
GO:0043042
GO:0043045
GO:0043046
GO:0043048
GO:0043060
GO:0043061
GO:0043077
GO:0043096
GO:0043097
GO:0043098
GO:0043099
GO:0043100
GO:0043101
GO:0043102
GO:0043103
GO:0043111
GO:0043122
GO:0043123
GO:0043124
GO:0043127
GO:0043128
GO:0043137
GO:0043140
GO:0043141
GO:0043143
GO:0043144
GO:0043145
GO:0043149
GO:0043150
GO:0043151
GO:0043154
GO:0043155
GO:0043156
GO:0043160
GO:0043161
GO:0043162
GO:0043173
GO:0043174
GO:0043181
GO:0043182
GO:0043201
GO:0043211
GO:0043212
GO:0043214
GO:0043216
GO:0043225
GO:0043247
GO:0043253
GO:0043272
GO:0043280
GO:0043281
GO:0043288
GO:0043289
GO:0043290
GO:0043301
GO:0043302
GO:0043303
GO:0043304
GO:0043305
GO:0043306
GO:0043310
GO:0043311
GO:0043314
GO:0043315
GO:0043318
GO:0043319
GO:0043322
GO:0043323
GO:0043326
GO:0043328
GO:0043329
GO:0043371
GO:0043372
GO:0043377
GO:0043378
GO:0043381
GO:0043382
GO:0043385
GO:0043386
GO:0043387
GO:0043390
GO:0043391
GO:0043397
GO:0043403
GO:0043405
GO:0043406
GO:0043407
GO:0043408
GO:0043409
GO:0043410
GO:0043415
GO:0043417
GO:0043418
GO:0043419
GO:0043420
GO:0043421
GO:0043433
GO:0043436
GO:0043438
GO:0043441
GO:0043442
GO:0043443
GO:0043444
GO:0043445
GO:0043447
GO:0043448
GO:0043453
GO:0043454
GO:0043456
GO:0043458
GO:0043463
GO:0043464
GO:0043466
GO:0043468
GO:0043469
GO:0043483
GO:0043484
GO:0043485
GO:0043490
GO:0043504
GO:0043505
GO:0043506
GO:0043507
GO:0043508
GO:0043516
GO:0043517
GO:0043518
GO:0043536
GO:0043537
GO:0043538
GO:0043543
GO:0043552
GO:0043553
GO:0043554
GO:0043555
GO:0043556
GO:0043557
GO:0043558
GO:0043561
GO:0043562
GO:0043567
GO:0043568
GO:0043569
GO:0043570
GO:0043571
GO:0043574
GO:0043602
GO:0043611
GO:0043612
GO:0043613
GO:0043617
GO:0043618
GO:0043619
GO:0043620
GO:0043622
GO:0043628
GO:0043629
GO:0043630
GO:0043631
GO:0043632
GO:0043633
GO:0043634
GO:0043636
GO:0043637
GO:0043638
GO:0043639
GO:0043640
GO:0043641
GO:0043642
GO:0043644
GO:0043645
GO:0043646
GO:0043648
GO:0043649
GO:0043650
GO:0043651
GO:0043661
GO:0043666
GO:0043682
GO:0043685
GO:0043686
GO:0043687
GO:0043688
GO:0043692
GO:0043693
GO:0043694
GO:0043861
GO:0043872
GO:0043882
GO:0043893
GO:0043921
GO:0043922
GO:0043923
GO:0043927
GO:0043928
GO:0043935
GO:0043936
GO:0043940
GO:0043941
GO:0043942
GO:0043943
GO:0043944
GO:0043945
GO:0043949
GO:0043950
GO:0043951
GO:0043966
GO:0043967
GO:0043968
GO:0043969
GO:0043970
GO:0043971
GO:0043972
GO:0043973
GO:0043974
GO:0043975
GO:0043976
GO:0043977
GO:0043978
GO:0043979
GO:0043980
GO:0043981
GO:0043982
GO:0043983
GO:0043984
GO:0043985
GO:0043987
GO:0043988
GO:0043989
GO:0043990
GO:0043991
GO:0044026
GO:0044027
GO:0044028
GO:0044029
GO:0044030
GO:0044031
GO:0044038
GO:0044073
GO:0044074
GO:0044078
GO:0044079
GO:0044080
GO:0044081
GO:0044082
GO:0044083
GO:0044108
GO:0044109
GO:0044128
GO:0044129
GO:0044130
GO:0044131
GO:0044140
GO:0044141
GO:0044142
GO:0044143
GO:0044154
GO:0044179
GO:0044205
GO:0044206
GO:0044208
GO:0044209
GO:0044210
GO:0044211
GO:0044239
GO:0044240
GO:0044242
GO:0044244
GO:0044247
GO:0044250
GO:0044251
GO:0044254
GO:0044255
GO:0044257
GO:0044258
GO:0044267
GO:0044268
GO:0044269
GO:0044276
GO:0044294
GO:0044295
GO:0044313
GO:0044314
GO:0044315
GO:0044320
GO:0044324
GO:0044345
GO:0044348
GO:0044349
GO:0044375
GO:0044376
GO:0044387
GO:0044392
GO:0044394
GO:0044395
GO:0044416
GO:0044458
GO:0044467
GO:0044486
GO:0044490
GO:0044505
GO:0044507
GO:0044516
GO:0044518
GO:0044524
GO:0044525
GO:0044526
GO:0044527
GO:0044541
GO:0044542
GO:0044571
GO:0044572
GO:0044573
GO:0044576
GO:0044577
GO:0044578
GO:0044579
GO:0044580
GO:0044581
GO:0044582
GO:0044597
GO:0044598
GO:0044601
GO:0044602
GO:0044604
GO:0044608
GO:0044622
GO:0044623
GO:0044627
GO:0044628
GO:0044629
GO:0044630
GO:0044631
GO:0044632
GO:0044633
GO:0044634
GO:0044635
GO:0044648
GO:0044656
GO:0044725
GO:0044726
GO:0044727
GO:0044728
GO:0044736
GO:0044743
GO:0044744
GO:0044745
GO:0044746
GO:0044747
GO:0044751
GO:0044759
GO:0044760
GO:0044761
GO:0044762
GO:0044769
GO:0044773
GO:0044774
GO:0044779
GO:0044784
GO:0044785
GO:0044786
GO:0044787
GO:0044790
GO:0044791
GO:0044795
GO:0044810
GO:0044812
GO:0044813
GO:0044814
GO:0044818
GO:0044819
GO:0044821
GO:0044831
GO:0044832
GO:0044836
GO:0044837
GO:0044845
GO:0044849
GO:0044850
GO:0044855
GO:0044858
GO:0044861
GO:0044862
GO:0044869
GO:0044870
GO:0044871
GO:0044878
GO:0044879
GO:0045002
GO:0045003
GO:0045004
GO:0045005
GO:0045006
GO:0045007
GO:0045008
GO:0045010
GO:0045013
GO:0045014
GO:0045016
GO:0045017
GO:0045018
GO:0045019
GO:0045022
GO:0045036
GO:0045037
GO:0045038
GO:0045039
GO:0045040
GO:0045041
GO:0045046
GO:0045047
GO:0045053
GO:0045063
GO:0045064
GO:0045072
GO:0045073
GO:0045074
GO:0045075
GO:0045076
GO:0045077
GO:0045078
GO:0045079
GO:0045080
GO:0045081
GO:0045082
GO:0045083
GO:0045084
GO:0045085
GO:0045086
GO:0045089
GO:0045109
GO:0045110
GO:0045116
GO:0045122
GO:0045128
GO:0045141
GO:0045143
GO:0045144
GO:0045146
GO:0045149
GO:0045150
GO:0045151
GO:0045168
GO:0045173
GO:0045187
GO:0045188
GO:0045189
GO:0045190
GO:0045191
GO:0045204
GO:0045208
GO:0045209
GO:0045210
GO:0045214
GO:0045219
GO:0045220
GO:0045221
GO:0045222
GO:0045223
GO:0045224
GO:0045225
GO:0045226
GO:0045227
GO:0045228
GO:0045234
GO:0045257
GO:0045258
GO:0045276
GO:0045278
GO:0045282
GO:0045291
GO:0045292
GO:0045312
GO:0045315
GO:0045316
GO:0045320
GO:0045324
GO:0045325
GO:0045326
GO:0045327
GO:0045328
GO:0045329
GO:0045332
GO:0045333
GO:0045337
GO:0045338
GO:0045339
GO:0045344
GO:0045345
GO:0045347
GO:0045348
GO:0045349
GO:0045350
GO:0045351
GO:0045352
GO:0045353
GO:0045354
GO:0045355
GO:0045356
GO:0045357
GO:0045358
GO:0045359
GO:0045360
GO:0045361
GO:0045362
GO:0045363
GO:0045364
GO:0045365
GO:0045366
GO:0045367
GO:0045368
GO:0045369
GO:0045370
GO:0045371
GO:0045372
GO:0045373
GO:0045374
GO:0045375
GO:0045376
GO:0045377
GO:0045378
GO:0045379
GO:0045380
GO:0045381
GO:0045382
GO:0045383
GO:0045384
GO:0045385
GO:0045386
GO:0045387
GO:0045388
GO:0045389
GO:0045390
GO:0045391
GO:0045392
GO:0045393
GO:0045394
GO:0045395
GO:0045396
GO:0045397
GO:0045398
GO:0045399
GO:0045400
GO:0045401
GO:0045402
GO:0045403
GO:0045404
GO:0045405
GO:0045406
GO:0045407
GO:0045408
GO:0045409
GO:0045410
GO:0045411
GO:0045412
GO:0045413
GO:0045414
GO:0045415
GO:0045416
GO:0045417
GO:0045418
GO:0045419
GO:0045420
GO:0045421
GO:0045422
GO:0045423
GO:0045424
GO:0045425
GO:0045427
GO:0045429
GO:0045455
GO:0045456
GO:0045458
GO:0045459
GO:0045460
GO:0045461
GO:0045477
GO:0045487
GO:0045489
GO:0045490
GO:0045492
GO:0045493
GO:0045501
GO:0045524
GO:0045525
GO:0045526
GO:0045527
GO:0045528
GO:0045529
GO:0045530
GO:0045531
GO:0045532
GO:0045533
GO:0045534
GO:0045535
GO:0045536
GO:0045537
GO:0045538
GO:0045539
GO:0045541
GO:0045542
GO:0045553
GO:0045554
GO:0045555
GO:0045556
GO:0045558
GO:0045559
GO:0045561
GO:0045562
GO:0045563
GO:0045564
GO:0045565
GO:0045566
GO:0045567
GO:0045568
GO:0045571
GO:0045572
GO:0045574
GO:0045578
GO:0045579
GO:0045581
GO:0045582
GO:0045584
GO:0045585
GO:0045587
GO:0045588
GO:0045590
GO:0045591
GO:0045592
GO:0045593
GO:0045594
GO:0045599
GO:0045600
GO:0045602
GO:0045603
GO:0045605
GO:0045606
GO:0045608
GO:0045609
GO:0045611
GO:0045612
GO:0045613
GO:0045614
GO:0045615
GO:0045617
GO:0045618
GO:0045620
GO:0045621
GO:0045623
GO:0045624
GO:0045625
GO:0045626
GO:0045627
GO:0045628
GO:0045629
GO:0045630
GO:0045632
GO:0045633
GO:0045635
GO:0045636
GO:0045638
GO:0045639
GO:0045641
GO:0045642
GO:0045644
GO:0045645
GO:0045647
GO:0045648
GO:0045650
GO:0045651
GO:0045653
GO:0045654
GO:0045656
GO:0045657
GO:0045659
GO:0045660
GO:0045662
GO:0045663
GO:0045665
GO:0045666
GO:0045668
GO:0045669
GO:0045671
GO:0045672
GO:0045677
GO:0045678
GO:0045680
GO:0045681
GO:0045686
GO:0045687
GO:0045689
GO:0045690
GO:0045692
GO:0045693
GO:0045695
GO:0045696
GO:0045698
GO:0045699
GO:0045701
GO:0045702
GO:0045709
GO:0045710
GO:0045711
GO:0045712
GO:0045713
GO:0045714
GO:0045715
GO:0045716
GO:0045717
GO:0045719
GO:0045720
GO:0045721
GO:0045722
GO:0045723
GO:0045724
GO:0045725
GO:0045726
GO:0045727
GO:0045732
GO:0045733
GO:0045736
GO:0045737
GO:0045738
GO:0045739
GO:0045740
GO:0045741
GO:0045742
GO:0045743
GO:0045744
GO:0045745
GO:0045746
GO:0045747
GO:0045751
GO:0045752
GO:0045753
GO:0045754
GO:0045756
GO:0045761
GO:0045762
GO:0045763
GO:0045764
GO:0045766
GO:0045771
GO:0045772
GO:0045773
GO:0045774
GO:0045775
GO:0045792
GO:0045793
GO:0045794
GO:0045795
GO:0045796
GO:0045797
GO:0045808
GO:0045809
GO:0045812
GO:0045813
GO:0045818
GO:0045819
GO:0045820
GO:0045821
GO:0045824
GO:0045827
GO:0045828
GO:0045829
GO:0045830
GO:0045831
GO:0045832
GO:0045835
GO:0045836
GO:0045839
GO:0045840
GO:0045841
GO:0045842
GO:0045843
GO:0045844
GO:0045849
GO:0045850
GO:0045853
GO:0045854
GO:0045855
GO:0045856
GO:0045859
GO:0045860
GO:0045861
GO:0045862
GO:0045863
GO:0045864
GO:0045873
GO:0045874
GO:0045875
GO:0045876
GO:0045879
GO:0045880
GO:0045881
GO:0045886
GO:0045887
GO:0045892
GO:0045893
GO:0045894
GO:0045895
GO:0045896
GO:0045897
GO:0045898
GO:0045899
GO:0045900
GO:0045901
GO:0045902
GO:0045903
GO:0045904
GO:0045905
GO:0045910
GO:0045911
GO:0045914
GO:0045915
GO:0045916
GO:0045917
GO:0045920
GO:0045921
GO:0045922
GO:0045923
GO:0045928
GO:0045929
GO:0045934
GO:0045935
GO:0045936
GO:0045937
GO:0045938
GO:0045943
GO:0045944
GO:0045945
GO:0045947
GO:0045948
GO:0045950
GO:0045951
GO:0045952
GO:0045953
GO:0045954
GO:0045955
GO:0045956
GO:0045957
GO:0045958
GO:0045959
GO:0045960
GO:0045963
GO:0045964
GO:0045965
GO:0045966
GO:0045968
GO:0045969
GO:0045970
GO:0045971
GO:0045972
GO:0045973
GO:0045974
GO:0045975
GO:0045976
GO:0045977
GO:0045978
GO:0045979
GO:0045980
GO:0045981
GO:0045982
GO:0045983
GO:0045984
GO:0045985
GO:0045990
GO:0045991
GO:0045993
GO:0045994
GO:0045996
GO:0045997
GO:0045998
GO:0045999
GO:0046000
GO:0046001
GO:0046002
GO:0046003
GO:0046004
GO:0046005
GO:0046007
GO:0046010
GO:0046011
GO:0046012
GO:0046014
GO:0046015
GO:0046016
GO:0046017
GO:0046018
GO:0046019
GO:0046020
GO:0046021
GO:0046022
GO:0046023
GO:0046024
GO:0046031
GO:0046032
GO:0046033
GO:0046034
GO:0046035
GO:0046036
GO:0046037
GO:0046038
GO:0046039
GO:0046040
GO:0046041
GO:0046042
GO:0046043
GO:0046044
GO:0046045
GO:0046046
GO:0046047
GO:0046048
GO:0046049
GO:0046050
GO:0046051
GO:0046052
GO:0046053
GO:0046054
GO:0046055
GO:0046056
GO:0046057
GO:0046058
GO:0046059
GO:0046060
GO:0046061
GO:0046062
GO:0046063
GO:0046064
GO:0046065
GO:0046066
GO:0046067
GO:0046068
GO:0046069
GO:0046070
GO:0046071
GO:0046072
GO:0046073
GO:0046074
GO:0046075
GO:0046076
GO:0046077
GO:0046078
GO:0046079
GO:0046080
GO:0046081
GO:0046082
GO:0046083
GO:0046084
GO:0046085
GO:0046086
GO:0046087
GO:0046088
GO:0046089
GO:0046090
GO:0046091
GO:0046092
GO:0046093
GO:0046094
GO:0046095
GO:0046096
GO:0046097
GO:0046098
GO:0046099
GO:0046100
GO:0046101
GO:0046102
GO:0046103
GO:0046104
GO:0046105
GO:0046106
GO:0046107
GO:0046108
GO:0046109
GO:0046110
GO:0046111
GO:0046112
GO:0046113
GO:0046114
GO:0046115
GO:0046116
GO:0046117
GO:0046118
GO:0046119
GO:0046120
GO:0046121
GO:0046122
GO:0046123
GO:0046124
GO:0046125
GO:0046126
GO:0046127
GO:0046128
GO:0046129
GO:0046130
GO:0046131
GO:0046132
GO:0046133
GO:0046134
GO:0046135
GO:0046140
GO:0046141
GO:0046144
GO:0046145
GO:0046146
GO:0046147
GO:0046150
GO:0046153
GO:0046154
GO:0046155
GO:0046156
GO:0046157
GO:0046160
GO:0046161
GO:0046162
GO:0046163
GO:0046166
GO:0046167
GO:0046168
GO:0046169
GO:0046170
GO:0046171
GO:0046172
GO:0046173
GO:0046174
GO:0046175
GO:0046176
GO:0046177
GO:0046178
GO:0046179
GO:0046180
GO:0046181
GO:0046182
GO:0046183
GO:0046184
GO:0046185
GO:0046186
GO:0046187
GO:0046188
GO:0046189
GO:0046190
GO:0046191
GO:0046192
GO:0046193
GO:0046196
GO:0046197
GO:0046199
GO:0046201
GO:0046202
GO:0046206
GO:0046207
GO:0046211
GO:0046213
GO:0046214
GO:0046215
GO:0046216
GO:0046217
GO:0046218
GO:0046219
GO:0046220
GO:0046221
GO:0046222
GO:0046223
GO:0046224
GO:0046225
GO:0046226
GO:0046228
GO:0046230
GO:0046232
GO:0046235
GO:0046236
GO:0046239
GO:0046244
GO:0046246
GO:0046247
GO:0046248
GO:0046249
GO:0046250
GO:0046251
GO:0046253
GO:0046254
GO:0046256
GO:0046258
GO:0046260
GO:0046263
GO:0046265
GO:0046267
GO:0046269
GO:0046271
GO:0046272
GO:0046273
GO:0046274
GO:0046276
GO:0046277
GO:0046278
GO:0046279
GO:0046280
GO:0046281
GO:0046282
GO:0046284
GO:0046286
GO:0046287
GO:0046288
GO:0046289
GO:0046290
GO:0046292
GO:0046293
GO:0046294
GO:0046295
GO:0046296
GO:0046298
GO:0046300
GO:0046302
GO:0046305
GO:0046306
GO:0046309
GO:0046310
GO:0046311
GO:0046312
GO:0046313
GO:0046314
GO:0046315
GO:0046317
GO:0046318
GO:0046319
GO:0046321
GO:0046322
GO:0046327
GO:0046328
GO:0046329
GO:0046330
GO:0046331
GO:0046333
GO:0046334
GO:0046335
GO:0046336
GO:0046337
GO:0046338
GO:0046339
GO:0046340
GO:0046341
GO:0046342
GO:0046344
GO:0046345
GO:0046350
GO:0046351
GO:0046352
GO:0046354
GO:0046355
GO:0046356
GO:0046357
GO:0046358
GO:0046359
GO:0046360
GO:0046361
GO:0046362
GO:0046363
GO:0046364
GO:0046365
GO:0046366
GO:0046367
GO:0046368
GO:0046369
GO:0046370
GO:0046371
GO:0046375
GO:0046376
GO:0046377
GO:0046378
GO:0046379
GO:0046380
GO:0046381
GO:0046382
GO:0046383
GO:0046384
GO:0046385
GO:0046386
GO:0046387
GO:0046389
GO:0046390
GO:0046391
GO:0046392
GO:0046394
GO:0046395
GO:0046396
GO:0046397
GO:0046398
GO:0046399
GO:0046400
GO:0046402
GO:0046415
GO:0046416
GO:0046417
GO:0046418
GO:0046419
GO:0046425
GO:0046426
GO:0046427
GO:0046431
GO:0046432
GO:0046435
GO:0046436
GO:0046437
GO:0046438
GO:0046439
GO:0046440
GO:0046441
GO:0046442
GO:0046443
GO:0046444
GO:0046445
GO:0046446
GO:0046449
GO:0046450
GO:0046451
GO:0046452
GO:0046456
GO:0046457
GO:0046458
GO:0046459
GO:0046460
GO:0046461
GO:0046462
GO:0046463
GO:0046464
GO:0046465
GO:0046466
GO:0046467
GO:0046468
GO:0046469
GO:0046470
GO:0046471
GO:0046473
GO:0046474
GO:0046475
GO:0046476
GO:0046477
GO:0046478
GO:0046479
GO:0046482
GO:0046485
GO:0046486
GO:0046487
GO:0046488
GO:0046490
GO:0046491
GO:0046492
GO:0046493
GO:0046494
GO:0046495
GO:0046496
GO:0046497
GO:0046498
GO:0046499
GO:0046501
GO:0046502
GO:0046503
GO:0046504
GO:0046505
GO:0046506
GO:0046511
GO:0046512
GO:0046513
GO:0046514
GO:0046516
GO:0046517
GO:0046519
GO:0046520
GO:0046521
GO:0046533
GO:0046534
GO:0046550
GO:0046578
GO:0046579
GO:0046580
GO:0046585
GO:0046594
GO:0046600
GO:0046601
GO:0046602
GO:0046603
GO:0046604
GO:0046621
GO:0046622
GO:0046626
GO:0046627
GO:0046628
GO:0046635
GO:0046636
GO:0046638
GO:0046639
GO:0046641
GO:0046642
GO:0046644
GO:0046645
GO:0046647
GO:0046648
GO:0046653
GO:0046654
GO:0046655
GO:0046656
GO:0046657
GO:0046669
GO:0046670
GO:0046671
GO:0046672
GO:0046673
GO:0046676
GO:0046681
GO:0046693
GO:0046694
GO:0046701
GO:0046704
GO:0046705
GO:0046706
GO:0046707
GO:0046708
GO:0046709
GO:0046710
GO:0046711
GO:0046712
GO:0046722
GO:0046730
GO:0046731
GO:0046732
GO:0046733
GO:0046734
GO:0046735
GO:0046736
GO:0046737
GO:0046738
GO:0046752
GO:0046773
GO:0046774
GO:0046775
GO:0046776
GO:0046777
GO:0046778
GO:0046779
GO:0046780
GO:0046783
GO:0046787
GO:0046793
GO:0046804
GO:0046805
GO:0046819
GO:0046825
GO:0046826
GO:0046827
GO:0046834
GO:0046839
GO:0046841
GO:0046842
GO:0046854
GO:0046855
GO:0046856
GO:0046860
GO:0046861
GO:0046869
GO:0046874
GO:0046878
GO:0046880
GO:0046881
GO:0046882
GO:0046886
GO:0046887
GO:0046888
GO:0046891
GO:0046892
GO:0046893
GO:0046894
GO:0046895
GO:0046896
GO:0046897
GO:0046900
GO:0046901
GO:0046902
GO:0046918
GO:0046924
GO:0046925
GO:0046926
GO:0046927
GO:0046929
GO:0046932
GO:0046933
GO:0046938
GO:0046939
GO:0046940
GO:0046944
GO:0046945
GO:0046946
GO:0046947
GO:0046948
GO:0046949
GO:0046951
GO:0046952
GO:0046958
GO:0046959
GO:0046960
GO:0046961
GO:0046962
GO:0046967
GO:0046984
GO:0046985
GO:0046986
GO:0047496
GO:0047497
GO:0048022
GO:0048023
GO:0048024
GO:0048025
GO:0048026
GO:0048033
GO:0048034
GO:0048035
GO:0048042
GO:0048083
GO:0048084
GO:0048090
GO:0048091
GO:0048092
GO:0048093
GO:0048094
GO:0048095
GO:0048096
GO:0048108
GO:0048109
GO:0048139
GO:0048140
GO:0048170
GO:0048171
GO:0048173
GO:0048174
GO:0048175
GO:0048176
GO:0048177
GO:0048178
GO:0048206
GO:0048210
GO:0048215
GO:0048216
GO:0048229
GO:0048236
GO:0048239
GO:0048241
GO:0048242
GO:0048243
GO:0048252
GO:0048260
GO:0048261
GO:0048275
GO:0048279
GO:0048280
GO:0048282
GO:0048283
GO:0048288
GO:0048289
GO:0048290
GO:0048291
GO:0048292
GO:0048293
GO:0048294
GO:0048295
GO:0048296
GO:0048297
GO:0048298
GO:0048299
GO:0048300
GO:0048301
GO:0048302
GO:0048303
GO:0048304
GO:0048305
GO:0048324
GO:0048325
GO:0048326
GO:0048328
GO:0048329
GO:0048330
GO:0048335
GO:0048336
GO:0048337
GO:0048345
GO:0048346
GO:0048347
GO:0048349
GO:0048350
GO:0048351
GO:0048358
GO:0048374
GO:0048375
GO:0048376
GO:0048378
GO:0048379
GO:0048380
GO:0048385
GO:0048386
GO:0048387
GO:0048395
GO:0048396
GO:0048397
GO:0048399
GO:0048400
GO:0048401
GO:0048452
GO:0048454
GO:0048456
GO:0048463
GO:0048464
GO:0048465
GO:0048466
GO:0048467
GO:0048477
GO:0048478
GO:0048488
GO:0048489
GO:0048490
GO:0048491
GO:0048496
GO:0048497
GO:0048498
GO:0048502
GO:0048527
GO:0048528
GO:0048549
GO:0048550
GO:0048576
GO:0048577
GO:0048578
GO:0048579
GO:0048586
GO:0048587
GO:0048599
GO:0048601
GO:0048629
GO:0048632
GO:0048633
GO:0048642
GO:0048643
GO:0048667
GO:0048671
GO:0048672
GO:0048673
GO:0048680
GO:0048681
GO:0048683
GO:0048684
GO:0048685
GO:0048686
GO:0048687
GO:0048688
GO:0048690
GO:0048691
GO:0048692
GO:0048693
GO:0048694
GO:0048695
GO:0048696
GO:0048697
GO:0048698
GO:0048711
GO:0048712
GO:0048714
GO:0048715
GO:0048743
GO:0048744
GO:0048754
GO:0048755
GO:0048757
GO:0048763
GO:0048766
GO:0048768
GO:0048769
GO:0048776
GO:0048777
GO:0048779
GO:0048780
GO:0048782
GO:0048783
GO:0048788
GO:0048791
GO:0048792
GO:0048803
GO:0048804
GO:0048805
GO:0048807
GO:0048808
GO:0048812
GO:0048813
GO:0048815
GO:0048817
GO:0048818
GO:0048819
GO:0048825
GO:0048834
GO:0048835
GO:0048836
GO:0048838
GO:0048841
GO:0048842
GO:0048843
GO:0048858
GO:0048885
GO:0048894
GO:0048902
GO:0048911
GO:0048922
GO:0048929
GO:0048936
GO:0048938
GO:0048940
GO:0048942
GO:0050427
GO:0050428
GO:0050432
GO:0050493
GO:0050494
GO:0050495
GO:0050496
GO:0050650
GO:0050651
GO:0050652
GO:0050653
GO:0050654
GO:0050655
GO:0050663
GO:0050666
GO:0050667
GO:0050668
GO:0050669
GO:0050671
GO:0050672
GO:0050684
GO:0050685
GO:0050686
GO:0050687
GO:0050689
GO:0050691
GO:0050696
GO:0050701
GO:0050702
GO:0050703
GO:0050704
GO:0050705
GO:0050706
GO:0050707
GO:0050709
GO:0050710
GO:0050711
GO:0050712
GO:0050713
GO:0050714
GO:0050715
GO:0050716
GO:0050717
GO:0050718
GO:0050719
GO:0050720
GO:0050721
GO:0050722
GO:0050723
GO:0050724
GO:0050725
GO:0050726
GO:0050730
GO:0050731
GO:0050732
GO:0050739
GO:0050740
GO:0050741
GO:0050742
GO:0050743
GO:0050744
GO:0050745
GO:0050746
GO:0050747
GO:0050748
GO:0050751
GO:0050752
GO:0050753
GO:0050754
GO:0050755
GO:0050756
GO:0050757
GO:0050758
GO:0050759
GO:0050760
GO:0050762
GO:0050763
GO:0050765
GO:0050766
GO:0050768
GO:0050769
GO:0050771
GO:0050772
GO:0050774
GO:0050775
GO:0050783
GO:0050784
GO:0050796
GO:0050799
GO:0050813
GO:0050814
GO:0050834
GO:0050835
GO:0050836
GO:0050837
GO:0050838
GO:0050841
GO:0050842
GO:0050843
GO:0050844
GO:0050845
GO:0050846
GO:0050848
GO:0050849
GO:0050850
GO:0050851
GO:0050852
GO:0050853
GO:0050854
GO:0050855
GO:0050856
GO:0050857
GO:0050858
GO:0050859
GO:0050860
GO:0050861
GO:0050862
GO:0050868
GO:0050869
GO:0050870
GO:0050871
GO:0050908
GO:0050910
GO:0050924
GO:0050925
GO:0050927
GO:0050928
GO:0050929
GO:0050930
GO:0050941
GO:0050942
GO:0050943
GO:0050944
GO:0050945
GO:0050946
GO:0050947
GO:0050948
GO:0050949
GO:0050950
GO:0050960
GO:0050961
GO:0050962
GO:0050965
GO:0050966
GO:0050971
GO:0050972
GO:0050973
GO:0050974
GO:0050976
GO:0050980
GO:0050984
GO:0050985
GO:0050986
GO:0050987
GO:0050988
GO:0050989
GO:0050990
GO:0050991
GO:0050992
GO:0050993
GO:0051000
GO:0051001
GO:0051016
GO:0051023
GO:0051024
GO:0051025
GO:0051036
GO:0051037
GO:0051038
GO:0051039
GO:0051043
GO:0051044
GO:0051045
GO:0051052
GO:0051053
GO:0051054
GO:0051056
GO:0051057
GO:0051058
GO:0051066
GO:0051067
GO:0051070
GO:0051071
GO:0051072
GO:0051079
GO:0051080
GO:0051088
GO:0051089
GO:0051090
GO:0051091
GO:0051092
GO:0051102
GO:0051103
GO:0051104
GO:0051105
GO:0051106
GO:0051107
GO:0051110
GO:0051111
GO:0051112
GO:0051113
GO:0051114
GO:0051115
GO:0051121
GO:0051122
GO:0051125
GO:0051126
GO:0051127
GO:0051134
GO:0051135
GO:0051137
GO:0051138
GO:0051141
GO:0051142
GO:0051144
GO:0051148
GO:0051149
GO:0051151
GO:0051152
GO:0051154
GO:0051155
GO:0051157
GO:0051158
GO:0051159
GO:0051160
GO:0051161
GO:0051162
GO:0051163
GO:0051164
GO:0051165
GO:0051166
GO:0051175
GO:0051176
GO:0051194
GO:0051195
GO:0051197
GO:0051198
GO:0051199
GO:0051200
GO:0051201
GO:0051202
GO:0051203
GO:0051204
GO:0051206
GO:0051209
GO:0051214
GO:0051215
GO:0051217
GO:0051218
GO:0051221
GO:0051247
GO:0051248
GO:0051250
GO:0051251
GO:0051252
GO:0051253
GO:0051254
GO:0051256
GO:0051257
GO:0051263
GO:0051273
GO:0051274
GO:0051275
GO:0051278
GO:0051279
GO:0051280
GO:0051281
GO:0051283
GO:0051284
GO:0051294
GO:0051295
GO:0051296
GO:0051305
GO:0051308
GO:0051309
GO:0051310
GO:0051311
GO:0051334
GO:0051335
GO:0051357
GO:0051358
GO:0051359
GO:0051360
GO:0051361
GO:0051362
GO:0051363
GO:0051364
GO:0051365
GO:0051366
GO:0051367
GO:0051368
GO:0051369
GO:0051384
GO:0051385
GO:0051386
GO:0051387
GO:0051388
GO:0051389
GO:0051390
GO:0051391
GO:0051394
GO:0051395
GO:0051396
GO:0051403
GO:0051412
GO:0051413
GO:0051414
GO:0051436
GO:0051437
GO:0051438
GO:0051439
GO:0051440
GO:0051441
GO:0051442
GO:0051443
GO:0051444
GO:0051457
GO:0051459
GO:0051460
GO:0051461
GO:0051462
GO:0051463
GO:0051464
GO:0051465
GO:0051466
GO:0051467
GO:0051468
GO:0051469
GO:0051472
GO:0051473
GO:0051478
GO:0051479
GO:0051480
GO:0051481
GO:0051482
GO:0051483
GO:0051484
GO:0051485
GO:0051486
GO:0051491
GO:0051492
GO:0051496
GO:0051497
GO:0051501
GO:0051502
GO:0051504
GO:0051511
GO:0051512
GO:0051513
GO:0051514
GO:0051515
GO:0051516
GO:0051517
GO:0051518
GO:0051519
GO:0051520
GO:0051521
GO:0051522
GO:0051531
GO:0051532
GO:0051533
GO:0051534
GO:0051541
GO:0051542
GO:0051543
GO:0051544
GO:0051545
GO:0051548
GO:0051549
GO:0051550
GO:0051551
GO:0051555
GO:0051556
GO:0051557
GO:0051560
GO:0051561
GO:0051562
GO:0051563
GO:0051564
GO:0051565
GO:0051567
GO:0051568
GO:0051569
GO:0051570
GO:0051571
GO:0051572
GO:0051573
GO:0051574
GO:0051583
GO:0051584
GO:0051585
GO:0051586
GO:0051587
GO:0051596
GO:0051598
GO:0051599
GO:0051603
GO:0051604
GO:0051610
GO:0051612
GO:0051613
GO:0051614
GO:0051615
GO:0051619
GO:0051620
GO:0051625
GO:0051630
GO:0051634
GO:0051638
GO:0051652
GO:0051655
GO:0051657
GO:0051658
GO:0051659
GO:0051661
GO:0051672
GO:0051676
GO:0051677
GO:0051678
GO:0051679
GO:0051680
GO:0051681
GO:0051682
GO:0051684
GO:0051685
GO:0051687
GO:0051688
GO:0051689
GO:0051692
GO:0051693
GO:0051694
GO:0051695
GO:0051696
GO:0051697
GO:0051708
GO:0051713
GO:0051714
GO:0051725
GO:0051728
GO:0051729
GO:0051758
GO:0051759
GO:0051761
GO:0051762
GO:0051763
GO:0051770
GO:0051771
GO:0051790
GO:0051791
GO:0051792
GO:0051793
GO:0051794
GO:0051795
GO:0051796
GO:0051798
GO:0051799
GO:0051801
GO:0051803
GO:0051804
GO:0051813
GO:0051838
GO:0051840
GO:0051841
GO:0051859
GO:0051860
GO:0051865
GO:0051872
GO:0051873
GO:0051874
GO:0051876
GO:0051877
GO:0051884
GO:0051885
GO:0051886
GO:0051887
GO:0051888
GO:0051889
GO:0051891
GO:0051892
GO:0051894
GO:0051895
GO:0051896
GO:0051897
GO:0051898
GO:0051900
GO:0051901
GO:0051902
GO:0051904
GO:0051905
GO:0051906
GO:0051917
GO:0051918
GO:0051919
GO:0051932
GO:0051933
GO:0051934
GO:0051935
GO:0051936
GO:0051937
GO:0051941
GO:0051942
GO:0051943
GO:0051944
GO:0051945
GO:0051946
GO:0051947
GO:0051948
GO:0051949
GO:0051950
GO:0051951
GO:0051956
GO:0051957
GO:0051964
GO:0051965
GO:0051967
GO:0051968
GO:0051970
GO:0051971
GO:0051972
GO:0051973
GO:0051974
GO:0051975
GO:0051976
GO:0051977
GO:0051979
GO:0051999
GO:0052003
GO:0052004
GO:0052005
GO:0052009
GO:0052010
GO:0052011
GO:0052012
GO:0052013
GO:0052014
GO:0052015
GO:0052016
GO:0052017
GO:0052026
GO:0052032
GO:0052033
GO:0052034
GO:0052035
GO:0052036
GO:0052037
GO:0052042
GO:0052052
GO:0052053
GO:0052054
GO:0052057
GO:0052058
GO:0052059
GO:0052060
GO:0052061
GO:0052062
GO:0052063
GO:0052064
GO:0052065
GO:0052066
GO:0052067
GO:0052068
GO:0052069
GO:0052070
GO:0052071
GO:0052072
GO:0052073
GO:0052074
GO:0052075
GO:0052076
GO:0052077
GO:0052078
GO:0052079
GO:0052080
GO:0052081
GO:0052082
GO:0052083
GO:0052084
GO:0052085
GO:0052086
GO:0052087
GO:0052088
GO:0052089
GO:0052090
GO:0052101
GO:0052102
GO:0052103
GO:0052104
GO:0052105
GO:0052107
GO:0052109
GO:0052117
GO:0052120
GO:0052122
GO:0052132
GO:0052133
GO:0052134
GO:0052135
GO:0052136
GO:0052137
GO:0052138
GO:0052139
GO:0052140
GO:0052141
GO:0052144
GO:0052145
GO:0052146
GO:0052147
GO:0052149
GO:0052151
GO:0052154
GO:0052155
GO:0052156
GO:0052157
GO:0052158
GO:0052159
GO:0052160
GO:0052161
GO:0052162
GO:0052163
GO:0052164
GO:0052165
GO:0052166
GO:0052167
GO:0052168
GO:0052169
GO:0052170
GO:0052172
GO:0052177
GO:0052178
GO:0052179
GO:0052180
GO:0052189
GO:0052191
GO:0052196
GO:0052202
GO:0052220
GO:0052222
GO:0052228
GO:0052232
GO:0052233
GO:0052234
GO:0052235
GO:0052237
GO:0052238
GO:0052252
GO:0052253
GO:0052254
GO:0052257
GO:0052258
GO:0052259
GO:0052260
GO:0052262
GO:0052263
GO:0052264
GO:0052265
GO:0052266
GO:0052267
GO:0052268
GO:0052275
GO:0052282
GO:0052286
GO:0052287
GO:0052288
GO:0052289
GO:0052299
GO:0052301
GO:0052305
GO:0052307
GO:0052309
GO:0052311
GO:0052312
GO:0052314
GO:0052315
GO:0052316
GO:0052317
GO:0052320
GO:0052321
GO:0052322
GO:0052323
GO:0052324
GO:0052325
GO:0052329
GO:0052330
GO:0052331
GO:0052340
GO:0052341
GO:0052342
GO:0052344
GO:0052345
GO:0052347
GO:0052348
GO:0052353
GO:0052354
GO:0052355
GO:0052356
GO:0052357
GO:0052358
GO:0052359
GO:0052360
GO:0052362
GO:0052363
GO:0052365
GO:0052366
GO:0052369
GO:0052370
GO:0052382
GO:0052389
GO:0052390
GO:0052391
GO:0052403
GO:0052404
GO:0052408
GO:0052409
GO:0052410
GO:0052411
GO:0052412
GO:0052413
GO:0052417
GO:0052418
GO:0052420
GO:0052421
GO:0052423
GO:0052427
GO:0052472
GO:0052501
GO:0052502
GO:0052509
GO:0052521
GO:0052522
GO:0052527
GO:0052532
GO:0052533
GO:0052535
GO:0052537
GO:0052539
GO:0052541
GO:0052544
GO:0052547
GO:0052548
GO:0052553
GO:0052555
GO:0052556
GO:0052558
GO:0052559
GO:0052562
GO:0052573
GO:0052574
GO:0052643
GO:0052644
GO:0052645
GO:0052647
GO:0052648
GO:0052649
GO:0052651
GO:0052652
GO:0052653
GO:0052695
GO:0052696
GO:0052697
GO:0052698
GO:0052699
GO:0052700
GO:0052701
GO:0052702
GO:0052703
GO:0052704
GO:0052707
GO:0052708
GO:0052709
GO:0052710
GO:0052711
GO:0052721
GO:0052746
GO:0052776
GO:0052783
GO:0052784
GO:0052785
GO:0052786
GO:0052787
GO:0052799
GO:0052800
GO:0052801
GO:0052802
GO:0052804
GO:0052805
GO:0052837
GO:0052864
GO:0052865
GO:0052889
GO:0055003
GO:0055004
GO:0055005
GO:0055018
GO:0055019
GO:0055020
GO:0055022
GO:0055023
GO:0055025
GO:0055026
GO:0055038
GO:0055060
GO:0055086
GO:0055107
GO:0055108
GO:0055129
GO:0055130
GO:0060012
GO:0060044
GO:0060045
GO:0060049
GO:0060050
GO:0060051
GO:0060052
GO:0060058
GO:0060068
GO:0060084
GO:0060093
GO:0060094
GO:0060095
GO:0060096
GO:0060100
GO:0060101
GO:0060116
GO:0060123
GO:0060124
GO:0060125
GO:0060139
GO:0060141
GO:0060145
GO:0060146
GO:0060149
GO:0060159
GO:0060160
GO:0060161
GO:0060162
GO:0060167
GO:0060168
GO:0060169
GO:0060171
GO:0060172
GO:0060177
GO:0060188
GO:0060189
GO:0060190
GO:0060194
GO:0060195
GO:0060196
GO:0060201
GO:0060202
GO:0060203
GO:0060204
GO:0060211
GO:0060212
GO:0060213
GO:0060225
GO:0060226
GO:0060238
GO:0060239
GO:0060240
GO:0060243
GO:0060252
GO:0060253
GO:0060254
GO:0060260
GO:0060261
GO:0060262
GO:0060265
GO:0060266
GO:0060279
GO:0060280
GO:0060281
GO:0060282
GO:0060283
GO:0060291
GO:0060292
GO:0060298
GO:0060299
GO:0060305
GO:0060309
GO:0060310
GO:0060311
GO:0060314
GO:0060315
GO:0060316
GO:0060331
GO:0060332
GO:0060334
GO:0060335
GO:0060336
GO:0060338
GO:0060339
GO:0060340
GO:0060356
GO:0060357
GO:0060358
GO:0060360
GO:0060368
GO:0060369
GO:0060370
GO:0060371
GO:0060373
GO:0060376
GO:0060377
GO:0060382
GO:0060383
GO:0060385
GO:0060389
GO:0060390
GO:0060391
GO:0060392
GO:0060393
GO:0060394
GO:0060398
GO:0060399
GO:0060400
GO:0060402
GO:0060404
GO:0060406
GO:0060407
GO:0060409
GO:0060410
GO:0060421
GO:0060431
GO:0060433
GO:0060435
GO:0060441
GO:0060442
GO:0060444
GO:0060445
GO:0060446
GO:0060466
GO:0060468
GO:0060469
GO:0060470
GO:0060472
GO:0060474
GO:0060475
GO:0060477
GO:0060482
GO:0060492
GO:0060493
GO:0060495
GO:0060496
GO:0060497
GO:0060499
GO:0060500
GO:0060504
GO:0060513
GO:0060514
GO:0060516
GO:0060520
GO:0060521
GO:0060523
GO:0060526
GO:0060527
GO:0060528
GO:0060529
GO:0060531
GO:0060542
GO:0060543
GO:0060550
GO:0060552
GO:0060557
GO:0060558
GO:0060559
GO:0060566
GO:0060567
GO:0060568
GO:0060569
GO:0060570
GO:0060585
GO:0060587
GO:0060588
GO:0060597
GO:0060617
GO:0060621
GO:0060622
GO:0060624
GO:0060625
GO:0060629
GO:0060631
GO:0060633
GO:0060634
GO:0060635
GO:0060636
GO:0060637
GO:0060638
GO:0060639
GO:0060640
GO:0060655
GO:0060656
GO:0060657
GO:0060665
GO:0060668
GO:0060670
GO:0060671
GO:0060672
GO:0060673
GO:0060683
GO:0060684
GO:0060686
GO:0060695
GO:0060697
GO:0060699
GO:0060700
GO:0060701
GO:0060702
GO:0060707
GO:0060708
GO:0060709
GO:0060715
GO:0060716
GO:0060721
GO:0060725
GO:0060726
GO:0060727
GO:0060728
GO:0060732
GO:0060733
GO:0060734
GO:0060735
GO:0060737
GO:0060738
GO:0060739
GO:0060744
GO:0060745
GO:0060752
GO:0060754
GO:0060755
GO:0060764
GO:0060765
GO:0060766
GO:0060769
GO:0060770
GO:0060787
GO:0060796
GO:0060801
GO:0060802
GO:0060803
GO:0060804
GO:0060805
GO:0060806
GO:0060807
GO:0060808
GO:0060815
GO:0060818
GO:0060819
GO:0060820
GO:0060827
GO:0060828
GO:0060829
GO:0060832
GO:0060849
GO:0060850
GO:0060852
GO:0060854
GO:0060859
GO:0060860
GO:0060861
GO:0060862
GO:0060863
GO:0060864
GO:0060865
GO:0060868
GO:0060880
GO:0060899
GO:0060902
GO:0060903
GO:0060906
GO:0060907
GO:0060909
GO:0060910
GO:0060917
GO:0060962
GO:0060963
GO:0060964
GO:0060965
GO:0060967
GO:0060994
GO:0060995
GO:0060997
GO:0060999
GO:0061000
GO:0061002
GO:0061003
GO:0061013
GO:0061014
GO:0061026
GO:0061040
GO:0061044
GO:0061047
GO:0061048
GO:0061050
GO:0061051
GO:0061052
GO:0061058
GO:0061059
GO:0061060
GO:0061063
GO:0061064
GO:0061066
GO:0061067
GO:0061075
GO:0061076
GO:0061078
GO:0061081
GO:0061085
GO:0061086
GO:0061087
GO:0061089
GO:0061090
GO:0061092
GO:0061093
GO:0061094
GO:0061095
GO:0061096
GO:0061097
GO:0061098
GO:0061099
GO:0061106
GO:0061111
GO:0061112
GO:0061114
GO:0061117
GO:0061122
GO:0061123
GO:0061124
GO:0061125
GO:0061126
GO:0061127
GO:0061128
GO:0061129
GO:0061130
GO:0061132
GO:0061136
GO:0061138
GO:0061142
GO:0061149
GO:0061151
GO:0061157
GO:0061158
GO:0061164
GO:0061166
GO:0061167
GO:0061168
GO:0061169
GO:0061170
GO:0061178
GO:0061179
GO:0061182
GO:0061184
GO:0061185
GO:0061186
GO:0061187
GO:0061188
GO:0061189
GO:0061201
GO:0061202
GO:0061203
GO:0061204
GO:0061210
GO:0061213
GO:0061216
GO:0061218
GO:0061233
GO:0061235
GO:0061271
GO:0061272
GO:0061274
GO:0061275
GO:0061289
GO:0061290
GO:0061291
GO:0061292
GO:0061293
GO:0061294
GO:0061295
GO:0061296
GO:0061297
GO:0061306
GO:0061312
GO:0061327
GO:0061328
GO:0061336
GO:0061353
GO:0061355
GO:0061356
GO:0061357
GO:0061358
GO:0061359
GO:0061363
GO:0061369
GO:0061370
GO:0061390
GO:0061391
GO:0061392
GO:0061393
GO:0061394
GO:0061395
GO:0061396
GO:0061397
GO:0061398
GO:0061399
GO:0061400
GO:0061401
GO:0061402
GO:0061403
GO:0061404
GO:0061405
GO:0061406
GO:0061407
GO:0061408
GO:0061409
GO:0061410
GO:0061411
GO:0061412
GO:0061413
GO:0061414
GO:0061415
GO:0061416
GO:0061417
GO:0061418
GO:0061419
GO:0061420
GO:0061421
GO:0061422
GO:0061423
GO:0061424
GO:0061425
GO:0061426
GO:0061427
GO:0061428
GO:0061429
GO:0061431
GO:0061432
GO:0061434
GO:0061435
GO:0061436
GO:0061454
GO:0061460
GO:0061470
GO:0061472
GO:0061474
GO:0061475
GO:0061487
GO:0061500
GO:0061502
GO:0061504
GO:0061508
GO:0061520
GO:0061526
GO:0061527
GO:0061529
GO:0061530
GO:0061532
GO:0061533
GO:0061534
GO:0061535
GO:0061536
GO:0061537
GO:0061538
GO:0061540
GO:0061541
GO:0061544
GO:0061545
GO:0061546
GO:0061565
GO:0061566
GO:0061567
GO:0061568
GO:0061569
GO:0061570
GO:0061571
GO:0061585
GO:0061586
GO:0061587
GO:0061606
GO:0061610
GO:0061611
GO:0061613
GO:0061614
GO:0061615
GO:0061616
GO:0061617
GO:0061619
GO:0061620
GO:0061621
GO:0061622
GO:0061623
GO:0061624
GO:0061625
GO:0061633
GO:0061646
GO:0061647
GO:0061669
GO:0061670
GO:0061674
GO:0061678
GO:0061679
GO:0061680
GO:0061681
GO:0061683
GO:0061684
GO:0061688
GO:0061698
GO:0061699
GO:0061704
GO:0061705
GO:0061706
GO:0061707
GO:0061715
GO:0061718
GO:0061719
GO:0061720
GO:0061721
GO:0061722
GO:0061723
GO:0061724
GO:0061725
GO:0061727
GO:0061728
GO:0061729
GO:0061732
GO:0061734
GO:0061735
GO:0061739
GO:0061740
GO:0061743
GO:0061763
GO:0061764
GO:0061765
GO:0061774
GO:0061781
GO:0061782
GO:0061806
GO:0061807
GO:0061808
GO:0061814
GO:0061819
GO:0061820
GO:0061824
GO:0061837
GO:0061848
GO:0061854
GO:0061855
GO:0061862
GO:0061866
GO:0061870
GO:0061871
GO:0061884
GO:0061885
GO:0061886
GO:0065002
GO:0070028
GO:0070054
GO:0070055
GO:0070060
GO:0070076
GO:0070077
GO:0070078
GO:0070079
GO:0070082
GO:0070083
GO:0070084
GO:0070092
GO:0070093
GO:0070094
GO:0070099
GO:0070100
GO:0070101
GO:0070103
GO:0070104
GO:0070105
GO:0070107
GO:0070108
GO:0070109
GO:0070114
GO:0070125
GO:0070127
GO:0070129
GO:0070130
GO:0070131
GO:0070132
GO:0070133
GO:0070134
GO:0070135
GO:0070136
GO:0070143
GO:0070144
GO:0070145
GO:0070146
GO:0070147
GO:0070148
GO:0070149
GO:0070150
GO:0070151
GO:0070152
GO:0070153
GO:0070154
GO:0070155
GO:0070156
GO:0070157
GO:0070158
GO:0070159
GO:0070162
GO:0070163
GO:0070164
GO:0070165
GO:0070171
GO:0070172
GO:0070174
GO:0070175
GO:0070178
GO:0070179
GO:0070183
GO:0070184
GO:0070185
GO:0070189
GO:0070212
GO:0070213
GO:0070220
GO:0070221
GO:0070222
GO:0070223
GO:0070236
GO:0070237
GO:0070240
GO:0070241
GO:0070256
GO:0070257
GO:0070262
GO:0070267
GO:0070275
GO:0070280
GO:0070281
GO:0070282
GO:0070291
GO:0070292
GO:0070295
GO:0070297
GO:0070298
GO:0070299
GO:0070301
GO:0070302
GO:0070303
GO:0070304
GO:0070309
GO:0070312
GO:0070321
GO:0070322
GO:0070323
GO:0070329
GO:0070340
GO:0070367
GO:0070368
GO:0070371
GO:0070372
GO:0070373
GO:0070374
GO:0070375
GO:0070376
GO:0070377
GO:0070378
GO:0070383
GO:0070392
GO:0070395
GO:0070396
GO:0070398
GO:0070400
GO:0070407
GO:0070409
GO:0070413
GO:0070414
GO:0070415
GO:0070416
GO:0070420
GO:0070423
GO:0070424
GO:0070425
GO:0070426
GO:0070427
GO:0070428
GO:0070429
GO:0070430
GO:0070431
GO:0070432
GO:0070433
GO:0070434
GO:0070442
GO:0070446
GO:0070447
GO:0070452
GO:0070454
GO:0070455
GO:0070459
GO:0070462
GO:0070475
GO:0070476
GO:0070478
GO:0070479
GO:0070480
GO:0070481
GO:0070485
GO:0070490
GO:0070494
GO:0070495
GO:0070496
GO:0070501
GO:0070502
GO:0070510
GO:0070511
GO:0070512
GO:0070522
GO:0070525
GO:0070534
GO:0070535
GO:0070536
GO:0070537
GO:0070543
GO:0070544
GO:0070549
GO:0070560
GO:0070562
GO:0070563
GO:0070564
GO:0070571
GO:0070572
GO:0070575
GO:0070580
GO:0070581
GO:0070582
GO:0070584
GO:0070589
GO:0070592
GO:0070595
GO:0070596
GO:0070597
GO:0070598
GO:0070599
GO:0070600
GO:0070602
GO:0070606
GO:0070608
GO:0070610
GO:0070613
GO:0070617
GO:0070624
GO:0070629
GO:0070630
GO:0070637
GO:0070638
GO:0070639
GO:0070640
GO:0070641
GO:0070642
GO:0070646
GO:0070647
GO:0070651
GO:0070654
GO:0070655
GO:0070657
GO:0070659
GO:0070680
GO:0070681
GO:0070689
GO:0070690
GO:0070691
GO:0070692
GO:0070705
GO:0070706
GO:0070707
GO:0070708
GO:0070709
GO:0070710
GO:0070711
GO:0070712
GO:0070713
GO:0070714
GO:0070716
GO:0070723
GO:0070734
GO:0070749
GO:0070750
GO:0070751
GO:0070752
GO:0070758
GO:0070759
GO:0070760
GO:0070794
GO:0070795
GO:0070797
GO:0070798
GO:0070800
GO:0070801
GO:0070803
GO:0070804
GO:0070806
GO:0070807
GO:0070809
GO:0070810
GO:0070812
GO:0070816
GO:0070821
GO:0070832
GO:0070833
GO:0070834
GO:0070843
GO:0070844
GO:0070845
GO:0070846
GO:0070858
GO:0070859
GO:0070861
GO:0070862
GO:0070863
GO:0070869
GO:0070874
GO:0070875
GO:0070879
GO:0070880
GO:0070881
GO:0070884
GO:0070885
GO:0070886
GO:0070893
GO:0070894
GO:0070895
GO:0070896
GO:0070899
GO:0070900
GO:0070901
GO:0070902
GO:0070903
GO:0070904
GO:0070911
GO:0070912
GO:0070913
GO:0070914
GO:0070918
GO:0070919
GO:0070920
GO:0070921
GO:0070924
GO:0070927
GO:0070929
GO:0070930
GO:0070931
GO:0070932
GO:0070933
GO:0070936
GO:0070940
GO:0070943
GO:0070944
GO:0070945
GO:0070946
GO:0070947
GO:0070950
GO:0070951
GO:0070952
GO:0070953
GO:0070955
GO:0070956
GO:0070957
GO:0070958
GO:0070959
GO:0070961
GO:0070962
GO:0070963
GO:0070964
GO:0070965
GO:0070966
GO:0070970
GO:0070979
GO:0070981
GO:0070982
GO:0070987
GO:0070995
GO:0070999
GO:0071025
GO:0071026
GO:0071027
GO:0071028
GO:0071029
GO:0071030
GO:0071031
GO:0071032
GO:0071034
GO:0071035
GO:0071036
GO:0071037
GO:0071038
GO:0071039
GO:0071040
GO:0071041
GO:0071042
GO:0071043
GO:0071044
GO:0071045
GO:0071046
GO:0071047
GO:0071050
GO:0071051
GO:0071066
GO:0071072
GO:0071073
GO:0071076
GO:0071106
GO:0071108
GO:0071110
GO:0071139
GO:0071140
GO:0071167
GO:0071170
GO:0071171
GO:0071174
GO:0071211
GO:0071213
GO:0071215
GO:0071218
GO:0071222
GO:0071224
GO:0071225
GO:0071230
GO:0071231
GO:0071232
GO:0071233
GO:0071234
GO:0071235
GO:0071237
GO:0071238
GO:0071246
GO:0071249
GO:0071250
GO:0071262
GO:0071263
GO:0071264
GO:0071265
GO:0071266
GO:0071267
GO:0071268
GO:0071269
GO:0071271
GO:0071272
GO:0071273
GO:0071274
GO:0071295
GO:0071296
GO:0071297
GO:0071298
GO:0071299
GO:0071300
GO:0071301
GO:0071302
GO:0071303
GO:0071304
GO:0071305
GO:0071306
GO:0071307
GO:0071311
GO:0071312
GO:0071313
GO:0071314
GO:0071315
GO:0071316
GO:0071317
GO:0071318
GO:0071319
GO:0071320
GO:0071321
GO:0071323
GO:0071324
GO:0071325
GO:0071326
GO:0071327
GO:0071328
GO:0071329
GO:0071330
GO:0071331
GO:0071332
GO:0071333
GO:0071334
GO:0071344
GO:0071360
GO:0071361
GO:0071365
GO:0071366
GO:0071367
GO:0071368
GO:0071369
GO:0071370
GO:0071371
GO:0071372
GO:0071373
GO:0071374
GO:0071375
GO:0071376
GO:0071377
GO:0071378
GO:0071379
GO:0071380
GO:0071381
GO:0071382
GO:0071383
GO:0071384
GO:0071385
GO:0071386
GO:0071387
GO:0071388
GO:0071389
GO:0071390
GO:0071392
GO:0071393
GO:0071394
GO:0071395
GO:0071397
GO:0071398
GO:0071399
GO:0071400
GO:0071402
GO:0071403
GO:0071404
GO:0071405
GO:0071409
GO:0071412
GO:0071414
GO:0071415
GO:0071416
GO:0071418
GO:0071419
GO:0071420
GO:0071422
GO:0071423
GO:0071426
GO:0071427
GO:0071428
GO:0071429
GO:0071430
GO:0071431
GO:0071432
GO:0071435
GO:0071440
GO:0071441
GO:0071442
GO:0071446
GO:0071447
GO:0071448
GO:0071449
GO:0071450
GO:0071451
GO:0071452
GO:0071457
GO:0071460
GO:0071462
GO:0071463
GO:0071464
GO:0071465
GO:0071471
GO:0071472
GO:0071473
GO:0071474
GO:0071475
GO:0071476
GO:0071477
GO:0071504
GO:0071506
GO:0071507
GO:0071508
GO:0071509
GO:0071510
GO:0071511
GO:0071512
GO:0071514
GO:0071515
GO:0071516
GO:0071517
GO:0071524
GO:0071525
GO:0071528
GO:0071543
GO:0071544
GO:0071545
GO:0071548
GO:0071549
GO:0071557
GO:0071569
GO:0071572
GO:0071576
GO:0071583
GO:0071584
GO:0071586
GO:0071587
GO:0071589
GO:0071590
GO:0071591
GO:0071592
GO:0071596
GO:0071602
GO:0071616
GO:0071619
GO:0071620
GO:0071623
GO:0071624
GO:0071629
GO:0071630
GO:0071632
GO:0071672
GO:0071673
GO:0071676
GO:0071677
GO:0071681
GO:0071682
GO:0071688
GO:0071690
GO:0071693
GO:0071701
GO:0071707
GO:0071708
GO:0071710
GO:0071712
GO:0071732
GO:0071733
GO:0071737
GO:0071740
GO:0071744
GO:0071747
GO:0071755
GO:0071767
GO:0071768
GO:0071792
GO:0071793
GO:0071798
GO:0071799
GO:0071803
GO:0071805
GO:0071807
GO:0071809
GO:0071810
GO:0071811
GO:0071812
GO:0071829
GO:0071848
GO:0071868
GO:0071870
GO:0071871
GO:0071872
GO:0071873
GO:0071874
GO:0071877
GO:0071878
GO:0071879
GO:0071883
GO:0071891
GO:0071893
GO:0071894
GO:0071897
GO:0071900
GO:0071901
GO:0071902
GO:0071903
GO:0071904
GO:0071905
GO:0071911
GO:0071912
GO:0071915
GO:0071919
GO:0071922
GO:0071923
GO:0071929
GO:0071930
GO:0071931
GO:0071932
GO:0071934
GO:0071939
GO:0071942
GO:0071946
GO:0071947
GO:0071949
GO:0071950
GO:0071951
GO:0071952
GO:0071955
GO:0071969
GO:0071970
GO:0071990
GO:0071996
GO:0071997
GO:0071999
GO:0072000
GO:0072005
GO:0072034
GO:0072038
GO:0072040
GO:0072041
GO:0072043
GO:0072094
GO:0072095
GO:0072096
GO:0072097
GO:0072101
GO:0072107
GO:0072108
GO:0072125
GO:0072126
GO:0072183
GO:0072204
GO:0072212
GO:0072216
GO:0072217
GO:0072218
GO:0072221
GO:0072229
GO:0072230
GO:0072233
GO:0072235
GO:0072236
GO:0072237
GO:0072274
GO:0072285
GO:0072286
GO:0072299
GO:0072300
GO:0072301
GO:0072302
GO:0072303
GO:0072304
GO:0072305
GO:0072306
GO:0072308
GO:0072309
GO:0072316
GO:0072329
GO:0072330
GO:0072334
GO:0072335
GO:0072336
GO:0072339
GO:0072340
GO:0072344
GO:0072345
GO:0072346
GO:0072350
GO:0072351
GO:0072352
GO:0072353
GO:0072355
GO:0072361
GO:0072362
GO:0072363
GO:0072364
GO:0072365
GO:0072366
GO:0072367
GO:0072368
GO:0072369
GO:0072370
GO:0072375
GO:0072376
GO:0072377
GO:0072378
GO:0072381
GO:0072382
GO:0072383
GO:0072384
GO:0072385
GO:0072386
GO:0072387
GO:0072388
GO:0072389
GO:0072390
GO:0072391
GO:0072392
GO:0072428
GO:0072431
GO:0072434
GO:0072489
GO:0072522
GO:0072523
GO:0072525
GO:0072526
GO:0072528
GO:0072529
GO:0072539
GO:0072565
GO:0072571
GO:0072573
GO:0072580
GO:0072581
GO:0072595
GO:0072597
GO:0072601
GO:0072602
GO:0072603
GO:0072604
GO:0072605
GO:0072606
GO:0072607
GO:0072608
GO:0072609
GO:0072610
GO:0072611
GO:0072612
GO:0072613
GO:0072614
GO:0072615
GO:0072616
GO:0072617
GO:0072618
GO:0072619
GO:0072620
GO:0072621
GO:0072622
GO:0072623
GO:0072624
GO:0072625
GO:0072626
GO:0072628
GO:0072630
GO:0072632
GO:0072634
GO:0072636
GO:0072638
GO:0072640
GO:0072641
GO:0072642
GO:0072643
GO:0072644
GO:0072646
GO:0072648
GO:0072650
GO:0072652
GO:0072654
GO:0072656
GO:0072658
GO:0072660
GO:0072661
GO:0072664
GO:0072667
GO:0072670
GO:0072671
GO:0072673
GO:0072675
GO:0072684
GO:0072691
GO:0072693
GO:0072695
GO:0072696
GO:0072705
GO:0072709
GO:0072713
GO:0072717
GO:0072723
GO:0072725
GO:0072727
GO:0072731
GO:0072732
GO:0072734
GO:0072736
GO:0072740
GO:0072743
GO:0072745
GO:0072747
GO:0072749
GO:0072750
GO:0072751
GO:0072752
GO:0072753
GO:0072754
GO:0072755
GO:0072757
GO:0072760
GO:0072761
GO:0072762
GO:0072763
GO:0072764
GO:0075007
GO:0075008
GO:0075011
GO:0075012
GO:0075018
GO:0075019
GO:0075020
GO:0075021
GO:0075022
GO:0075023
GO:0075024
GO:0075027
GO:0075028
GO:0075031
GO:0075032
GO:0075037
GO:0075038
GO:0075041
GO:0075042
GO:0075043
GO:0075046
GO:0075047
GO:0075050
GO:0075051
GO:0075055
GO:0075056
GO:0075058
GO:0075059
GO:0075060
GO:0075063
GO:0075064
GO:0075075
GO:0075076
GO:0075077
GO:0075084
GO:0075085
GO:0075086
GO:0075087
GO:0075088
GO:0075089
GO:0075090
GO:0075091
GO:0075092
GO:0075093
GO:0075094
GO:0075095
GO:0075096
GO:0075097
GO:0075098
GO:0075106
GO:0075107
GO:0075108
GO:0075115
GO:0075116
GO:0075117
GO:0075118
GO:0075119
GO:0075120
GO:0075121
GO:0075122
GO:0075123
GO:0075124
GO:0075125
GO:0075126
GO:0075127
GO:0075128
GO:0075129
GO:0075147
GO:0075148
GO:0075149
GO:0075150
GO:0075151
GO:0075152
GO:0075153
GO:0075154
GO:0075155
GO:0075156
GO:0075157
GO:0075158
GO:0075159
GO:0075160
GO:0075161
GO:0075162
GO:0075163
GO:0075164
GO:0075165
GO:0075166
GO:0075167
GO:0075168
GO:0075169
GO:0075170
GO:0075171
GO:0075172
GO:0075173
GO:0075174
GO:0075175
GO:0075176
GO:0075177
GO:0075178
GO:0075179
GO:0075180
GO:0075181
GO:0075182
GO:0075185
GO:0075186
GO:0075189
GO:0075190
GO:0075194
GO:0075195
GO:0075199
GO:0075200
GO:0075203
GO:0075204
GO:0075205
GO:0075206
GO:0075207
GO:0075208
GO:0075209
GO:0075210
GO:0075211
GO:0075212
GO:0075213
GO:0075216
GO:0075217
GO:0075220
GO:0075221
GO:0075224
GO:0075225
GO:0075226
GO:0075228
GO:0075229
GO:0075236
GO:0075237
GO:0075239
GO:0075240
GO:0075241
GO:0075242
GO:0075243
GO:0075244
GO:0075245
GO:0075246
GO:0075247
GO:0075248
GO:0075249
GO:0075250
GO:0075251
GO:0075252
GO:0075253
GO:0075254
GO:0075255
GO:0075256
GO:0075257
GO:0075258
GO:0075265
GO:0075266
GO:0075269
GO:0075270
GO:0075273
GO:0075274
GO:0075277
GO:0075278
GO:0075281
GO:0075282
GO:0075285
GO:0075286
GO:0075287
GO:0075288
GO:0075289
GO:0075290
GO:0075291
GO:0075292
GO:0075296
GO:0075297
GO:0075298
GO:0075299
GO:0075300
GO:0075302
GO:0075303
GO:0075304
GO:0075307
GO:0075308
GO:0075311
GO:0075312
GO:0075315
GO:0075316
GO:0075319
GO:0075320
GO:0075323
GO:0075324
GO:0075330
GO:0075331
GO:0075334
GO:0075335
GO:0075336
GO:0075345
GO:0075346
GO:0075528
GO:0080003
GO:0080009
GO:0080020
GO:0080024
GO:0080029
GO:0080035
GO:0080036
GO:0080037
GO:0080038
GO:0080052
GO:0080053
GO:0080058
GO:0080064
GO:0080065
GO:0080092
GO:0080111
GO:0080120
GO:0080141
GO:0080143
GO:0080149
GO:0080151
GO:0080153
GO:0080156
GO:0080159
GO:0080162
GO:0080163
GO:0080169
GO:0080178
GO:0080179
GO:0080180
GO:0080181
GO:0080182
GO:0080185
GO:0080188
GO:0085000
GO:0085020
GO:0085021
GO:0085022
GO:0085023
GO:0085024
GO:0085025
GO:0085032
GO:0085033
GO:0085034
GO:0086018
GO:0086019
GO:0086026
GO:0086027
GO:0086028
GO:0086029
GO:0086037
GO:0086039
GO:0086095
GO:0089703
GO:0089704
GO:0089706
GO:0089707
GO:0089708
GO:0089709
GO:0089711
GO:0089712
GO:0089718
GO:0089722
GO:0090001
GO:0090002
GO:0090003
GO:0090004
GO:0090005
GO:0090006
GO:0090012
GO:0090013
GO:0090015
GO:0090016
GO:0090019
GO:0090020
GO:0090021
GO:0090023
GO:0090024
GO:0090026
GO:0090027
GO:0090028
GO:0090029
GO:0090031
GO:0090032
GO:0090035
GO:0090036
GO:0090037
GO:0090038
GO:0090042
GO:0090043
GO:0090044
GO:0090050
GO:0090051
GO:0090052
GO:0090053
GO:0090054
GO:0090055
GO:0090063
GO:0090064
GO:0090065
GO:0090080
GO:0090081
GO:0090082
GO:0090085
GO:0090086
GO:0090090
GO:0090092
GO:0090093
GO:0090096
GO:0090097
GO:0090098
GO:0090099
GO:0090100
GO:0090101
GO:0090108
GO:0090110
GO:0090115
GO:0090116
GO:0090117
GO:0090118
GO:0090119
GO:0090120
GO:0090121
GO:0090122
GO:0090124
GO:0090127
GO:0090129
GO:0090146
GO:0090151
GO:0090152
GO:0090154
GO:0090155
GO:0090157
GO:0090159
GO:0090160
GO:0090171
GO:0090173
GO:0090179
GO:0090180
GO:0090182
GO:0090187
GO:0090188
GO:0090190
GO:0090191
GO:0090193
GO:0090194
GO:0090195
GO:0090196
GO:0090197
GO:0090198
GO:0090199
GO:0090200
GO:0090201
GO:0090203
GO:0090208
GO:0090209
GO:0090211
GO:0090212
GO:0090216
GO:0090217
GO:0090218
GO:0090219
GO:0090220
GO:0090226
GO:0090227
GO:0090228
GO:0090229
GO:0090233
GO:0090236
GO:0090237
GO:0090238
GO:0090239
GO:0090240
GO:0090241
GO:0090254
GO:0090259
GO:0090260
GO:0090262
GO:0090263
GO:0090266
GO:0090267
GO:0090268
GO:0090273
GO:0090274
GO:0090275
GO:0090276
GO:0090277
GO:0090278
GO:0090282
GO:0090283
GO:0090284
GO:0090285
GO:0090286
GO:0090292
GO:0090293
GO:0090294
GO:0090295
GO:0090296
GO:0090297
GO:0090298
GO:0090300
GO:0090301
GO:0090304
GO:0090305
GO:0090308
GO:0090309
GO:0090310
GO:0090311
GO:0090312
GO:0090313
GO:0090314
GO:0090315
GO:0090316
GO:0090317
GO:0090324
GO:0090329
GO:0090330
GO:0090331
GO:0090334
GO:0090336
GO:0090337
GO:0090338
GO:0090339
GO:0090340
GO:0090341
GO:0090349
GO:0090350
GO:0090355
GO:0090356
GO:0090357
GO:0090358
GO:0090359
GO:0090365
GO:0090366
GO:0090367
GO:0090368
GO:0090370
GO:0090375
GO:0090378
GO:0090385
GO:0090387
GO:0090389
GO:0090394
GO:0090410
GO:0090414
GO:0090419
GO:0090423
GO:0090424
GO:0090427
GO:0090428
GO:0090431
GO:0090441
GO:0090442
GO:0090445
GO:0090446
GO:0090448
GO:0090453
GO:0090454
GO:0090455
GO:0090456
GO:0090457
GO:0090458
GO:0090468
GO:0090469
GO:0090472
GO:0090473
GO:0090474
GO:0090475
GO:0090476
GO:0090477
GO:0090481
GO:0090493
GO:0090494
GO:0090495
GO:0090501
GO:0090502
GO:0090503
GO:0090507
GO:0090508
GO:0090513
GO:0090514
GO:0090515
GO:0090516
GO:0090517
GO:0090518
GO:0090525
GO:0090531
GO:0090532
GO:0090540
GO:0090547
GO:0090561
GO:0090562
GO:0090564
GO:0090565
GO:0090566
GO:0090581
GO:0090582
GO:0090583
GO:0090584
GO:0090585
GO:0090586
GO:0090587
GO:0090588
GO:0090589
GO:0090590
GO:0090591
GO:0090592
GO:0090593
GO:0090597
GO:0090611
GO:0090615
GO:0090616
GO:0090617
GO:0090625
GO:0090629
GO:0090638
GO:0090639
GO:0090640
GO:0090646
GO:0090650
GO:0090656
GO:0090657
GO:0090680
GO:0090687
GO:0090700
GO:0090727
GO:0090728
GO:0090731
GO:0090737
GO:0093001
GO:0097013
GO:0097019
GO:0097037
GO:0097039
GO:0097040
GO:0097041
GO:0097043
GO:0097044
GO:0097045
GO:0097046
GO:0097052
GO:0097053
GO:0097054
GO:0097056
GO:0097067
GO:0097068
GO:0097069
GO:0097089
GO:0097092
GO:0097093
GO:0097121
GO:0097122
GO:0097123
GO:0097124
GO:0097125
GO:0097126
GO:0097127
GO:0097128
GO:0097129
GO:0097130
GO:0097131
GO:0097132
GO:0097133
GO:0097134
GO:0097135
GO:0097150
GO:0097151
GO:0097167
GO:0097170
GO:0097171
GO:0097172
GO:0097173
GO:0097174
GO:0097175
GO:0097198
GO:0097201
GO:0097202
GO:0097211
GO:0097216
GO:0097222
GO:0097232
GO:0097233
GO:0097234
GO:0097235
GO:0097236
GO:0097239
GO:0097246
GO:0097247
GO:0097248
GO:0097249
GO:0097251
GO:0097264
GO:0097267
GO:0097270
GO:0097288
GO:0097290
GO:0097292
GO:0097293
GO:0097294
GO:0097295
GO:0097296
GO:0097297
GO:0097298
GO:0097301
GO:0097302
GO:0097303
GO:0097304
GO:0097308
GO:0097309
GO:0097310
GO:0097339
GO:0097340
GO:0097341
GO:0097345
GO:0097359
GO:0097368
GO:0097370
GO:0097381
GO:0097384
GO:0097393
GO:0097394
GO:0097403
GO:0097428
GO:0097430
GO:0097432
GO:0097434
GO:0097464
GO:0097466
GO:0097480
GO:0097482
GO:0097494
GO:0097500
GO:0097510
GO:0097512
GO:0097551
GO:0097552
GO:0097553
GO:0097579
GO:0097580
GO:0097582
GO:0097583
GO:0097584
GO:0097585
GO:0097586
GO:0097587
GO:0097622
GO:0097623
GO:0097624
GO:0097638
GO:0097639
GO:0097640
GO:0097659
GO:0097676
GO:0097680
GO:0097681
GO:0097692
GO:0097698
GO:0097719
GO:0097725
GO:0097739
GO:0097745
GO:0098038
GO:0098039
GO:0098501
GO:0098502
GO:0098503
GO:0098504
GO:0098506
GO:0098507
GO:0098508
GO:0098530
GO:0098532
GO:0098564
GO:0098566
GO:0098583
GO:0098596
GO:0098597
GO:0098598
GO:0098628
GO:0098640
GO:0098643
GO:0098645
GO:0098646
GO:0098648
GO:0098652
GO:0098658
GO:0098668
GO:0098679
GO:0098695
GO:0098697
GO:0098702
GO:0098703
GO:0098706
GO:0098707
GO:0098709
GO:0098710
GO:0098712
GO:0098713
GO:0098714
GO:0098715
GO:0098717
GO:0098718
GO:0098720
GO:0098721
GO:0098723
GO:0098731
GO:0098746
GO:0098747
GO:0098755
GO:0098779
GO:0098781
GO:0098787
GO:0098789
GO:0098790
GO:0098795
GO:0098804
GO:0098806
GO:0098810
GO:0098812
GO:0098814
GO:0098815
GO:0098822
GO:0098823
GO:0098824
GO:0098825
GO:0098826
GO:0098828
GO:0098829
GO:0098840
GO:0098852
GO:0098863
GO:0098866
GO:0098877
GO:0098881
GO:0098884
GO:0098887
GO:0098891
GO:0098894
GO:0098895
GO:0098896
GO:0098898
GO:0098899
GO:0098902
GO:0098908
GO:0098916
GO:0098917
GO:0098920
GO:0098921
GO:0098923
GO:0098924
GO:0098925
GO:0098930
GO:0098932
GO:0098934
GO:0098935
GO:0098937
GO:0098938
GO:0098939
GO:0098940
GO:0098941
GO:0098942
GO:0098943
GO:0098944
GO:0098945
GO:0098946
GO:0098954
GO:0098957
GO:0098958
GO:0098959
GO:0098961
GO:0098962
GO:0098963
GO:0098964
GO:0098967
GO:0098968
GO:0098969
GO:0098971
GO:0098972
GO:0098974
GO:0098976
GO:0098977
GO:0098980
GO:0098986
GO:0098993
GO:0098994
GO:0098995
GO:0098996
GO:0099012
GO:0099013
GO:0099017
GO:0099019
GO:0099026
GO:0099027
GO:0099029
GO:0099035
GO:0099037
GO:0099043
GO:0099056
GO:0099057
GO:0099059
GO:0099065
GO:0099067
GO:0099074
GO:0099082
GO:0099083
GO:0099087
GO:0099088
GO:0099089
GO:0099093
GO:0099101
GO:0099102
GO:0099110
GO:0099112
GO:0099113
GO:0099114
GO:0099116
GO:0099117
GO:0099122
GO:0099123
GO:0099124
GO:0099133
GO:0099139
GO:0099500
GO:0099501
GO:0099502
GO:0099506
GO:0099509
GO:0099514
GO:0099515
GO:0099517
GO:0099518
GO:0099519
GO:0099521
GO:0099532
GO:0099533
GO:0099536
GO:0099537
GO:0099538
GO:0099539
GO:0099540
GO:0099541
GO:0099542
GO:0099543
GO:0099545
GO:0099546
GO:0099547
GO:0099548
GO:0099549
GO:0099550
GO:0099551
GO:0099552
GO:0099553
GO:0099554
GO:0099555
GO:0099556
GO:0099557
GO:0099562
GO:0099566
GO:0099573
GO:0099574
GO:0099575
GO:0099576
GO:0099577
GO:0099578
GO:0099581
GO:0099585
GO:0099586
GO:0099588
GO:0099590
GO:0099592
GO:0099601
GO:0099604
GO:0099606
GO:0099613
GO:0099614
GO:0099627
GO:0099629
GO:0099630
GO:0099632
GO:0099633
GO:0099636
GO:0099637
GO:0099638
GO:0099639
GO:0099640
GO:0099641
GO:0099642
GO:0099645
GO:0099646
GO:0099703
GO:0100002
GO:0100003
GO:0100004
GO:0100005
GO:0100006
GO:0100007
GO:0100008
GO:0100010
GO:0100011
GO:0100013
GO:0100014
GO:0100015
GO:0100016
GO:0100017
GO:0100018
GO:0100019
GO:0100020
GO:0100021
GO:0100022
GO:0100023
GO:0100024
GO:0100025
GO:0100026
GO:0100028
GO:0100032
GO:0100033
GO:0100034
GO:0100035
GO:0100036
GO:0100037
GO:0100038
GO:0100039
GO:0100040
GO:0100041
GO:0100042
GO:0100043
GO:0100044
GO:0100045
GO:0100046
GO:0100047
GO:0100048
GO:0100049
GO:0100050
GO:0100051
GO:0100052
GO:0100053
GO:0100054
GO:0100055
GO:0100056
GO:0100057
GO:0100058
GO:0100059
GO:0100061
GO:0100062
GO:0100063
GO:0100064
GO:0100065
GO:0100066
GO:0100067
GO:0100068
GO:0100069
GO:0100070
GO:0101003
GO:0101004
GO:0101007
GO:0101008
GO:0101017
GO:0101018
GO:0101027
GO:0101030
GO:0102013
GO:0102014
GO:0102017
GO:0102022
GO:0106004
GO:0106005
GO:0106015
GO:0106016
GO:0106024
GO:0106025
GO:0110002
GO:0110003
GO:0110004
GO:0110005
GO:0110008
GO:0110010
GO:0110013
GO:0110014
GO:0110015
GO:0120007
GO:0120008
GO:0120010
GO:0120027
GO:0120028
GO:0120030
GO:0120039
GO:0140009
GO:0140016
GO:0140018
GO:0140021
GO:0140023
GO:0140024
GO:0198738
GO:1900003
GO:1900004
GO:1900005
GO:1900006
GO:1900008
GO:1900009
GO:1900010
GO:1900011
GO:1900012
GO:1900016
GO:1900017
GO:1900018
GO:1900019
GO:1900020
GO:1900023
GO:1900025
GO:1900026
GO:1900029
GO:1900030
GO:1900033
GO:1900040
GO:1900041
GO:1900042
GO:1900044
GO:1900045
GO:1900053
GO:1900054
GO:1900056
GO:1900057
GO:1900059
GO:1900060
GO:1900074
GO:1900075
GO:1900079
GO:1900080
GO:1900081
GO:1900082
GO:1900084
GO:1900085
GO:1900086
GO:1900087
GO:1900089
GO:1900090
GO:1900094
GO:1900099
GO:1900100
GO:1900101
GO:1900102
GO:1900103
GO:1900107
GO:1900108
GO:1900109
GO:1900110
GO:1900111
GO:1900112
GO:1900113
GO:1900114
GO:1900115
GO:1900116
GO:1900123
GO:1900124
GO:1900125
GO:1900126
GO:1900127
GO:1900128
GO:1900129
GO:1900133
GO:1900134
GO:1900135
GO:1900137
GO:1900139
GO:1900144
GO:1900145
GO:1900146
GO:1900148
GO:1900149
GO:1900151
GO:1900152
GO:1900153
GO:1900158
GO:1900159
GO:1900162
GO:1900163
GO:1900164
GO:1900165
GO:1900166
GO:1900167
GO:1900168
GO:1900169
GO:1900170
GO:1900171
GO:1900175
GO:1900176
GO:1900178
GO:1900179
GO:1900184
GO:1900185
GO:1900186
GO:1900188
GO:1900189
GO:1900193
GO:1900194
GO:1900195
GO:1900196
GO:1900197
GO:1900198
GO:1900199
GO:1900207
GO:1900209
GO:1900210
GO:1900212
GO:1900213
GO:1900215
GO:1900216
GO:1900218
GO:1900219
GO:1900224
GO:1900227
GO:1900229
GO:1900230
GO:1900232
GO:1900233
GO:1900234
GO:1900235
GO:1900236
GO:1900237
GO:1900243
GO:1900244
GO:1900245
GO:1900246
GO:1900247
GO:1900248
GO:1900249
GO:1900256
GO:1900257
GO:1900258
GO:1900259
GO:1900260
GO:1900261
GO:1900262
GO:1900263
GO:1900264
GO:1900268
GO:1900269
GO:1900270
GO:1900273
GO:1900276
GO:1900277
GO:1900278
GO:1900281
GO:1900282
GO:1900283
GO:1900284
GO:1900289
GO:1900290
GO:1900319
GO:1900320
GO:1900331
GO:1900332
GO:1900334
GO:1900335
GO:1900337
GO:1900338
GO:1900340
GO:1900341
GO:1900343
GO:1900344
GO:1900346
GO:1900347
GO:1900349
GO:1900350
GO:1900352
GO:1900353
GO:1900355
GO:1900356
GO:1900363
GO:1900364
GO:1900365
GO:1900369
GO:1900371
GO:1900372
GO:1900373
GO:1900374
GO:1900375
GO:1900380
GO:1900381
GO:1900382
GO:1900387
GO:1900389
GO:1900391
GO:1900392
GO:1900393
GO:1900395
GO:1900396
GO:1900397
GO:1900398
GO:1900399
GO:1900400
GO:1900402
GO:1900403
GO:1900404
GO:1900406
GO:1900413
GO:1900415
GO:1900416
GO:1900417
GO:1900418
GO:1900420
GO:1900421
GO:1900422
GO:1900423
GO:1900425
GO:1900426
GO:1900427
GO:1900435
GO:1900436
GO:1900441
GO:1900442
GO:1900446
GO:1900448
GO:1900449
GO:1900450
GO:1900451
GO:1900453
GO:1900457
GO:1900458
GO:1900459
GO:1900460
GO:1900461
GO:1900462
GO:1900463
GO:1900464
GO:1900465
GO:1900466
GO:1900468
GO:1900469
GO:1900470
GO:1900471
GO:1900472
GO:1900473
GO:1900474
GO:1900477
GO:1900478
GO:1900481
GO:1900482
GO:1900483
GO:1900484
GO:1900485
GO:1900486
GO:1900487
GO:1900488
GO:1900489
GO:1900490
GO:1900491
GO:1900492
GO:1900493
GO:1900494
GO:1900495
GO:1900496
GO:1900498
GO:1900499
GO:1900500
GO:1900501
GO:1900502
GO:1900505
GO:1900507
GO:1900508
GO:1900509
GO:1900510
GO:1900511
GO:1900514
GO:1900515
GO:1900516
GO:1900517
GO:1900524
GO:1900525
GO:1900526
GO:1900533
GO:1900534
GO:1900535
GO:1900539
GO:1900540
GO:1900541
GO:1900542
GO:1900543
GO:1900544
GO:1900545
GO:1900546
GO:1900547
GO:1900548
GO:1900552
GO:1900553
GO:1900554
GO:1900555
GO:1900556
GO:1900557
GO:1900565
GO:1900566
GO:1900567
GO:1900568
GO:1900569
GO:1900570
GO:1900571
GO:1900572
GO:1900573
GO:1900574
GO:1900575
GO:1900576
GO:1900577
GO:1900578
GO:1900579
GO:1900580
GO:1900581
GO:1900582
GO:1900583
GO:1900584
GO:1900588
GO:1900589
GO:1900590
GO:1900591
GO:1900592
GO:1900593
GO:1900595
GO:1900596
GO:1900598
GO:1900599
GO:1900600
GO:1900601
GO:1900602
GO:1900609
GO:1900610
GO:1900611
GO:1900612
GO:1900613
GO:1900614
GO:1900615
GO:1900616
GO:1900617
GO:1900621
GO:1900622
GO:1900630
GO:1900631
GO:1900632
GO:1900633
GO:1900634
GO:1900635
GO:1900636
GO:1900638
GO:1900639
GO:1900643
GO:1900644
GO:1900645
GO:1900646
GO:1900647
GO:1900648
GO:1900653
GO:1900654
GO:1900656
GO:1900657
GO:1900659
GO:1900660
GO:1900661
GO:1900662
GO:1900663
GO:1900665
GO:1900666
GO:1900668
GO:1900669
GO:1900671
GO:1900672
GO:1900676
GO:1900677
GO:1900678
GO:1900679
GO:1900680
GO:1900682
GO:1900684
GO:1900685
GO:1900687
GO:1900688
GO:1900690
GO:1900691
GO:1900693
GO:1900694
GO:1900699
GO:1900700
GO:1900702
GO:1900703
GO:1900705
GO:1900706
GO:1900714
GO:1900715
GO:1900717
GO:1900718
GO:1900722
GO:1900723
GO:1900724
GO:1900726
GO:1900727
GO:1900729
GO:1900730
GO:1900731
GO:1900733
GO:1900734
GO:1900736
GO:1900737
GO:1900738
GO:1900739
GO:1900740
GO:1900744
GO:1900745
GO:1900746
GO:1900747
GO:1900748
GO:1900749
GO:1900751
GO:1900756
GO:1900758
GO:1900759
GO:1900760
GO:1900761
GO:1900762
GO:1900763
GO:1900764
GO:1900765
GO:1900766
GO:1900767
GO:1900768
GO:1900769
GO:1900771
GO:1900772
GO:1900774
GO:1900775
GO:1900776
GO:1900777
GO:1900778
GO:1900779
GO:1900780
GO:1900781
GO:1900782
GO:1900783
GO:1900784
GO:1900785
GO:1900786
GO:1900787
GO:1900789
GO:1900790
GO:1900791
GO:1900792
GO:1900793
GO:1900794
GO:1900795
GO:1900796
GO:1900797
GO:1900798
GO:1900799
GO:1900800
GO:1900801
GO:1900802
GO:1900803
GO:1900804
GO:1900805
GO:1900806
GO:1900808
GO:1900809
GO:1900810
GO:1900811
GO:1900812
GO:1900813
GO:1900814
GO:1900815
GO:1900816
GO:1900817
GO:1900818
GO:1900820
GO:1900821
GO:1900823
GO:1900824
GO:1900825
GO:1900826
GO:1900827
GO:1900828
GO:1900829
GO:1900830
GO:1900831
GO:1900832
GO:1900833
GO:1900835
GO:1900836
GO:1900837
GO:1900838
GO:1900839
GO:1900841
GO:1900842
GO:1900844
GO:1900845
GO:1900847
GO:1900848
GO:1900850
GO:1900851
GO:1900853
GO:1900854
GO:1900856
GO:1900857
GO:1900859
GO:1900860
GO:1900862
GO:1900863
GO:1900864
GO:1900865
GO:1900867
GO:1900868
GO:1900869
GO:1900870
GO:1900871
GO:1900875
GO:1900877
GO:1900881
GO:1900883
GO:1900885
GO:1900886
GO:1900888
GO:1900889
GO:1900891
GO:1900892
GO:1900894
GO:1900895
GO:1900897
GO:1900898
GO:1900900
GO:1900901
GO:1900903
GO:1900904
GO:1900906
GO:1900907
GO:1900915
GO:1900916
GO:1900918
GO:1900919
GO:1900920
GO:1900921
GO:1900922
GO:1900923
GO:1900924
GO:1900925
GO:1900926
GO:1900927
GO:1900928
GO:1900929
GO:1900930
GO:1900931
GO:1900933
GO:1900934
GO:1900936
GO:1900937
GO:1900942
GO:1900943
GO:1900945
GO:1900946
GO:1900948
GO:1900949
GO:1900951
GO:1900952
GO:1900954
GO:1900955
GO:1900957
GO:1900958
GO:1900960
GO:1900961
GO:1900963
GO:1900964
GO:1900966
GO:1900967
GO:1900969
GO:1900970
GO:1900972
GO:1900973
GO:1900975
GO:1900976
GO:1900978
GO:1900979
GO:1900981
GO:1900982
GO:1900984
GO:1900985
GO:1900987
GO:1900988
GO:1900989
GO:1900990
GO:1900991
GO:1900992
GO:1900993
GO:1900994
GO:1901003
GO:1901004
GO:1901005
GO:1901006
GO:1901007
GO:1901008
GO:1901009
GO:1901010
GO:1901011
GO:1901012
GO:1901014
GO:1901015
GO:1901016
GO:1901017
GO:1901018
GO:1901020
GO:1901021
GO:1901022
GO:1901023
GO:1901024
GO:1901027
GO:1901028
GO:1901029
GO:1901030
GO:1901034
GO:1901035
GO:1901036
GO:1901042
GO:1901044
GO:1901045
GO:1901046
GO:1901052
GO:1901053
GO:1901054
GO:1901058
GO:1901059
GO:1901060
GO:1901061
GO:1901062
GO:1901063
GO:1901064
GO:1901065
GO:1901066
GO:1901067
GO:1901068
GO:1901069
GO:1901070
GO:1901075
GO:1901076
GO:1901084
GO:1901085
GO:1901086
GO:1901087
GO:1901088
GO:1901092
GO:1901095
GO:1901097
GO:1901098
GO:1901099
GO:1901102
GO:1901103
GO:1901105
GO:1901106
GO:1901107
GO:1901108
GO:1901109
GO:1901110
GO:1901111
GO:1901112
GO:1901113
GO:1901114
GO:1901115
GO:1901116
GO:1901117
GO:1901118
GO:1901120
GO:1901121
GO:1901123
GO:1901124
GO:1901129
GO:1901130
GO:1901132
GO:1901133
GO:1901142
GO:1901143
GO:1901151
GO:1901152
GO:1901154
GO:1901155
GO:1901157
GO:1901158
GO:1901159
GO:1901164
GO:1901165
GO:1901167
GO:1901168
GO:1901169
GO:1901172
GO:1901173
GO:1901174
GO:1901175
GO:1901176
GO:1901177
GO:1901178
GO:1901179
GO:1901180
GO:1901182
GO:1901183
GO:1901184
GO:1901185
GO:1901186
GO:1901187
GO:1901188
GO:1901189
GO:1901190
GO:1901191
GO:1901192
GO:1901193
GO:1901194
GO:1901195
GO:1901196
GO:1901197
GO:1901198
GO:1901199
GO:1901200
GO:1901204
GO:1901205
GO:1901206
GO:1901208
GO:1901209
GO:1901211
GO:1901212
GO:1901213
GO:1901218
GO:1901222
GO:1901223
GO:1901224
GO:1901227
GO:1901228
GO:1901229
GO:1901230
GO:1901231
GO:1901233
GO:1901234
GO:1901238
GO:1901242
GO:1901243
GO:1901244
GO:1901245
GO:1901247
GO:1901248
GO:1901250
GO:1901251
GO:1901255
GO:1901259
GO:1901260
GO:1901262
GO:1901263
GO:1901266
GO:1901267
GO:1901268
GO:1901270
GO:1901271
GO:1901272
GO:1901273
GO:1901274
GO:1901278
GO:1901279
GO:1901280
GO:1901281
GO:1901282
GO:1901283
GO:1901284
GO:1901285
GO:1901289
GO:1901290
GO:1901291
GO:1901292
GO:1901293
GO:1901294
GO:1901295
GO:1901296
GO:1901297
GO:1901299
GO:1901300
GO:1901303
GO:1901304
GO:1901305
GO:1901307
GO:1901308
GO:1901309
GO:1901310
GO:1901314
GO:1901315
GO:1901316
GO:1901318
GO:1901319
GO:1901330
GO:1901331
GO:1901332
GO:1901333
GO:1901340
GO:1901341
GO:1901344
GO:1901345
GO:1901346
GO:1901350
GO:1901351
GO:1901352
GO:1901353
GO:1901354
GO:1901357
GO:1901358
GO:1901364
GO:1901365
GO:1901366
GO:1901367
GO:1901369
GO:1901372
GO:1901380
GO:1901381
GO:1901386
GO:1901387
GO:1901402
GO:1901403
GO:1901405
GO:1901406
GO:1901407
GO:1901408
GO:1901409
GO:1901410
GO:1901411
GO:1901412
GO:1901413
GO:1901414
GO:1901415
GO:1901428
GO:1901429
GO:1901430
GO:1901435
GO:1901436
GO:1901438
GO:1901439
GO:1901464
GO:1901465
GO:1901467
GO:1901468
GO:1901470
GO:1901471
GO:1901472
GO:1901475
GO:1901477
GO:1901482
GO:1901483
GO:1901484
GO:1901485
GO:1901486
GO:1901487
GO:1901488
GO:1901489
GO:1901491
GO:1901492
GO:1901494
GO:1901495
GO:1901496
GO:1901507
GO:1901508
GO:1901511
GO:1901512
GO:1901514
GO:1901516
GO:1901517
GO:1901518
GO:1901519
GO:1901520
GO:1901521
GO:1901522
GO:1901523
GO:1901525
GO:1901526
GO:1901529
GO:1901533
GO:1901534
GO:1901535
GO:1901536
GO:1901537
GO:1901538
GO:1901539
GO:1901540
GO:1901541
GO:1901543
GO:1901544
GO:1901546
GO:1901547
GO:1901548
GO:1901551
GO:1901552
GO:1901553
GO:1901578
GO:1901579
GO:1901580
GO:1901581
GO:1901582
GO:1901585
GO:1901586
GO:1901587
GO:1901591
GO:1901592
GO:1901598
GO:1901599
GO:1901600
GO:1901601
GO:1901605
GO:1901606
GO:1901607
GO:1901620
GO:1901621
GO:1901622
GO:1901624
GO:1901625
GO:1901639
GO:1901649
GO:1901650
GO:1901651
GO:1901653
GO:1901661
GO:1901662
GO:1901663
GO:1901667
GO:1901668
GO:1901670
GO:1901671
GO:1901672
GO:1901673
GO:1901674
GO:1901675
GO:1901676
GO:1901686
GO:1901687
GO:1901689
GO:1901694
GO:1901695
GO:1901697
GO:1901704
GO:1901705
GO:1901708
GO:1901709
GO:1901710
GO:1901711
GO:1901712
GO:1901713
GO:1901714
GO:1901715
GO:1901716
GO:1901717
GO:1901718
GO:1901719
GO:1901720
GO:1901721
GO:1901723
GO:1901724
GO:1901725
GO:1901726
GO:1901727
GO:1901728
GO:1901729
GO:1901730
GO:1901731
GO:1901734
GO:1901735
GO:1901736
GO:1901737
GO:1901740
GO:1901741
GO:1901743
GO:1901744
GO:1901745
GO:1901746
GO:1901747
GO:1901748
GO:1901749
GO:1901750
GO:1901751
GO:1901752
GO:1901753
GO:1901754
GO:1901755
GO:1901757
GO:1901758
GO:1901759
GO:1901760
GO:1901762
GO:1901763
GO:1901767
GO:1901768
GO:1901769
GO:1901770
GO:1901771
GO:1901772
GO:1901773
GO:1901774
GO:1901775
GO:1901776
GO:1901777
GO:1901778
GO:1901779
GO:1901780
GO:1901781
GO:1901782
GO:1901783
GO:1901784
GO:1901785
GO:1901786
GO:1901787
GO:1901788
GO:1901789
GO:1901790
GO:1901791
GO:1901792
GO:1901793
GO:1901794
GO:1901795
GO:1901796
GO:1901797
GO:1901798
GO:1901799
GO:1901800
GO:1901802
GO:1901803
GO:1901805
GO:1901806
GO:1901807
GO:1901808
GO:1901809
GO:1901810
GO:1901811
GO:1901812
GO:1901813
GO:1901814
GO:1901815
GO:1901816
GO:1901817
GO:1901818
GO:1901819
GO:1901820
GO:1901821
GO:1901822
GO:1901823
GO:1901824
GO:1901825
GO:1901826
GO:1901827
GO:1901828
GO:1901829
GO:1901830
GO:1901831
GO:1901832
GO:1901833
GO:1901834
GO:1901835
GO:1901836
GO:1901837
GO:1901838
GO:1901842
GO:1901843
GO:1901845
GO:1901846
GO:1901847
GO:1901848
GO:1901849
GO:1901851
GO:1901852
GO:1901853
GO:1901854
GO:1901855
GO:1901856
GO:1901857
GO:1901858
GO:1901859
GO:1901860
GO:1901864
GO:1901865
GO:1901866
GO:1901867
GO:1901868
GO:1901869
GO:1901870
GO:1901871
GO:1901872
GO:1901873
GO:1901874
GO:1901875
GO:1901882
GO:1901883
GO:1901884
GO:1901885
GO:1901886
GO:1901887
GO:1901892
GO:1901893
GO:1901895
GO:1901896
GO:1901906
GO:1901907
GO:1901908
GO:1901909
GO:1901910
GO:1901911
GO:1901917
GO:1901918
GO:1901919
GO:1901920
GO:1901921
GO:1901926
GO:1901927
GO:1901928
GO:1901929
GO:1901930
GO:1901931
GO:1901932
GO:1901933
GO:1901934
GO:1901935
GO:1901936
GO:1901937
GO:1901938
GO:1901939
GO:1901940
GO:1901941
GO:1901942
GO:1901943
GO:1901944
GO:1901945
GO:1901946
GO:1901947
GO:1901948
GO:1901949
GO:1901950
GO:1901952
GO:1901953
GO:1901955
GO:1901956
GO:1901958
GO:1901959
GO:1901961
GO:1901962
GO:1901964
GO:1901965
GO:1901967
GO:1901968
GO:1901969
GO:1901970
GO:1901975
GO:1901979
GO:1901980
GO:1901983
GO:1901984
GO:1901985
GO:1901994
GO:1901995
GO:1901996
GO:1901997
GO:1901999
GO:1902000
GO:1902001
GO:1902002
GO:1902003
GO:1902004
GO:1902005
GO:1902006
GO:1902010
GO:1902012
GO:1902014
GO:1902016
GO:1902020
GO:1902027
GO:1902028
GO:1902029
GO:1902030
GO:1902031
GO:1902034
GO:1902035
GO:1902037
GO:1902038
GO:1902039
GO:1902040
GO:1902041
GO:1902042
GO:1902043
GO:1902044
GO:1902045
GO:1902046
GO:1902047
GO:1902048
GO:1902049
GO:1902050
GO:1902054
GO:1902055
GO:1902056
GO:1902057
GO:1902059
GO:1902060
GO:1902064
GO:1902065
GO:1902068
GO:1902069
GO:1902070
GO:1902071
GO:1902072
GO:1902073
GO:1902077
GO:1902078
GO:1902079
GO:1902083
GO:1902084
GO:1902085
GO:1902086
GO:1902091
GO:1902092
GO:1902093
GO:1902097
GO:1902099
GO:1902100
GO:1902101
GO:1902102
GO:1902103
GO:1902104
GO:1902106
GO:1902107
GO:1902108
GO:1902109
GO:1902110
GO:1902113
GO:1902114
GO:1902119
GO:1902120
GO:1902123
GO:1902124
GO:1902125
GO:1902126
GO:1902127
GO:1902128
GO:1902129
GO:1902130
GO:1902131
GO:1902132
GO:1902133
GO:1902134
GO:1902135
GO:1902136
GO:1902137
GO:1902138
GO:1902148
GO:1902152
GO:1902154
GO:1902156
GO:1902158
GO:1902159
GO:1902160
GO:1902161
GO:1902162
GO:1902163
GO:1902164
GO:1902165
GO:1902166
GO:1902167
GO:1902175
GO:1902176
GO:1902177
GO:1902180
GO:1902181
GO:1902189
GO:1902190
GO:1902191
GO:1902192
GO:1902193
GO:1902194
GO:1902195
GO:1902196
GO:1902197
GO:1902198
GO:1902199
GO:1902200
GO:1902201
GO:1902202
GO:1902203
GO:1902204
GO:1902205
GO:1902206
GO:1902207
GO:1902210
GO:1902211
GO:1902212
GO:1902213
GO:1902214
GO:1902215
GO:1902216
GO:1902218
GO:1902219
GO:1902220
GO:1902221
GO:1902222
GO:1902223
GO:1902225
GO:1902226
GO:1902227
GO:1902228
GO:1902229
GO:1902230
GO:1902231
GO:1902233
GO:1902234
GO:1902235
GO:1902236
GO:1902237
GO:1902238
GO:1902239
GO:1902240
GO:1902241
GO:1902242
GO:1902243
GO:1902244
GO:1902245
GO:1902246
GO:1902247
GO:1902253
GO:1902254
GO:1902255
GO:1902257
GO:1902258
GO:1902259
GO:1902260
GO:1902261
GO:1902270
GO:1902273
GO:1902274
GO:1902276
GO:1902277
GO:1902278
GO:1902279
GO:1902283
GO:1902289
GO:1902290
GO:1902291
GO:1902292
GO:1902294
GO:1902295
GO:1902296
GO:1902298
GO:1902302
GO:1902303
GO:1902304
GO:1902306
GO:1902307
GO:1902308
GO:1902309
GO:1902310
GO:1902312
GO:1902313
GO:1902315
GO:1902317
GO:1902318
GO:1902319
GO:1902321
GO:1902322
GO:1902323
GO:1902324
GO:1902325
GO:1902326
GO:1902327
GO:1902328
GO:1902329
GO:1902330
GO:1902331
GO:1902333
GO:1902334
GO:1902336
GO:1902338
GO:1902339
GO:1902346
GO:1902348
GO:1902350
GO:1902352
GO:1902353
GO:1902356
GO:1902357
GO:1902358
GO:1902360
GO:1902361
GO:1902366
GO:1902367
GO:1902369
GO:1902370
GO:1902371
GO:1902372
GO:1902373
GO:1902374
GO:1902375
GO:1902376
GO:1902380
GO:1902381
GO:1902382
GO:1902383
GO:1902384
GO:1902385
GO:1902386
GO:1902389
GO:1902390
GO:1902391
GO:1902392
GO:1902393
GO:1902394
GO:1902413
GO:1902420
GO:1902423
GO:1902424
GO:1902425
GO:1902426
GO:1902428
GO:1902429
GO:1902430
GO:1902433
GO:1902434
GO:1902436
GO:1902437
GO:1902443
GO:1902445
GO:1902450
GO:1902451
GO:1902464
GO:1902465
GO:1902466
GO:1902475
GO:1902476
GO:1902477
GO:1902478
GO:1902479
GO:1902491
GO:1902492
GO:1902498
GO:1902499
GO:1902504
GO:1902505
GO:1902506
GO:1902510
GO:1902511
GO:1902512
GO:1902523
GO:1902524
GO:1902525
GO:1902526
GO:1902527
GO:1902528
GO:1902529
GO:1902530
GO:1902531
GO:1902532
GO:1902533
GO:1902548
GO:1902551
GO:1902552
GO:1902553
GO:1902558
GO:1902559
GO:1902564
GO:1902565
GO:1902567
GO:1902568
GO:1902569
GO:1902571
GO:1902572
GO:1902573
GO:1902574
GO:1902576
GO:1902582
GO:1902583
GO:1902587
GO:1902598
GO:1902599
GO:1902603
GO:1902604
GO:1902606
GO:1902607
GO:1902608
GO:1902609
GO:1902612
GO:1902613
GO:1902614
GO:1902616
GO:1902621
GO:1902623
GO:1902624
GO:1902625
GO:1902633
GO:1902634
GO:1902635
GO:1902640
GO:1902641
GO:1902642
GO:1902643
GO:1902645
GO:1902646
GO:1902647
GO:1902648
GO:1902653
GO:1902655
GO:1902656
GO:1902659
GO:1902660
GO:1902661
GO:1902662
GO:1902663
GO:1902664
GO:1902668
GO:1902669
GO:1902679
GO:1902680
GO:1902681
GO:1902686
GO:1902688
GO:1902689
GO:1902690
GO:1902696
GO:1902697
GO:1902698
GO:1902699
GO:1902700
GO:1902701
GO:1902702
GO:1902703
GO:1902704
GO:1902705
GO:1902706
GO:1902707
GO:1902713
GO:1902714
GO:1902715
GO:1902721
GO:1902722
GO:1902725
GO:1902726
GO:1902729
GO:1902730
GO:1902733
GO:1902739
GO:1902740
GO:1902741
GO:1902747
GO:1902748
GO:1902755
GO:1902756
GO:1902757
GO:1902758
GO:1902759
GO:1902760
GO:1902761
GO:1902763
GO:1902764
GO:1902767
GO:1902768
GO:1902772
GO:1902774
GO:1902790
GO:1902791
GO:1902794
GO:1902795
GO:1902796
GO:1902797
GO:1902798
GO:1902799
GO:1902800
GO:1902810
GO:1902811
GO:1902812
GO:1902813
GO:1902814
GO:1902819
GO:1902821
GO:1902830
GO:1902831
GO:1902834
GO:1902835
GO:1902836
GO:1902841
GO:1902842
GO:1902843
GO:1902844
GO:1902845
GO:1902846
GO:1902847
GO:1902848
GO:1902849
GO:1902853
GO:1902854
GO:1902856
GO:1902857
GO:1902858
GO:1902859
GO:1902860
GO:1902864
GO:1902865
GO:1902870
GO:1902871
GO:1902873
GO:1902874
GO:1902876
GO:1902877
GO:1902878
GO:1902879
GO:1902880
GO:1902885
GO:1902886
GO:1902887
GO:1902891
GO:1902892
GO:1902893
GO:1902894
GO:1902895
GO:1902896
GO:1902898
GO:1902899
GO:1902901
GO:1902902
GO:1902913
GO:1902914
GO:1902915
GO:1902916
GO:1902917
GO:1902925
GO:1902926
GO:1902927
GO:1902928
GO:1902939
GO:1902940
GO:1902942
GO:1902943
GO:1902947
GO:1902948
GO:1902949
GO:1902956
GO:1902957
GO:1902958
GO:1902959
GO:1902960
GO:1902961
GO:1902962
GO:1902963
GO:1902964
GO:1902969
GO:1902972
GO:1902973
GO:1902974
GO:1902975
GO:1902978
GO:1902979
GO:1902980
GO:1902981
GO:1902982
GO:1902983
GO:1902986
GO:1902987
GO:1902989
GO:1902990
GO:1902991
GO:1902992
GO:1902993
GO:1902995
GO:1902998
GO:1902999
GO:1903001
GO:1903002
GO:1903003
GO:1903004
GO:1903005
GO:1903006
GO:1903007
GO:1903014
GO:1903018
GO:1903019
GO:1903020
GO:1903023
GO:1903024
GO:1903028
GO:1903042
GO:1903043
GO:1903048
GO:1903049
GO:1903050
GO:1903051
GO:1903052
GO:1903059
GO:1903060
GO:1903061
GO:1903063
GO:1903064
GO:1903069
GO:1903070
GO:1903071
GO:1903072
GO:1903073
GO:1903075
GO:1903077
GO:1903078
GO:1903080
GO:1903081
GO:1903082
GO:1903086
GO:1903090
GO:1903091
GO:1903092
GO:1903093
GO:1903094
GO:1903098
GO:1903099
GO:1903100
GO:1903101
GO:1903102
GO:1903104
GO:1903105
GO:1903106
GO:1903108
GO:1903109
GO:1903110
GO:1903111
GO:1903112
GO:1903117
GO:1903121
GO:1903122
GO:1903123
GO:1903124
GO:1903125
GO:1903126
GO:1903127
GO:1903134
GO:1903137
GO:1903138
GO:1903139
GO:1903141
GO:1903142
GO:1903147
GO:1903168
GO:1903170
GO:1903173
GO:1903174
GO:1903175
GO:1903177
GO:1903178
GO:1903180
GO:1903181
GO:1903182
GO:1903183
GO:1903184
GO:1903185
GO:1903187
GO:1903188
GO:1903189
GO:1903190
GO:1903191
GO:1903192
GO:1903193
GO:1903195
GO:1903196
GO:1903197
GO:1903202
GO:1903204
GO:1903206
GO:1903208
GO:1903209
GO:1903211
GO:1903214
GO:1903215
GO:1903216
GO:1903217
GO:1903219
GO:1903220
GO:1903221
GO:1903222
GO:1903223
GO:1903225
GO:1903226
GO:1903227
GO:1903228
GO:1903229
GO:1903233
GO:1903234
GO:1903235
GO:1903237
GO:1903238
GO:1903243
GO:1903244
GO:1903245
GO:1903246
GO:1903247
GO:1903248
GO:1903249
GO:1903250
GO:1903252
GO:1903253
GO:1903254
GO:1903255
GO:1903256
GO:1903257
GO:1903265
GO:1903266
GO:1903267
GO:1903268
GO:1903270
GO:1903271
GO:1903272
GO:1903274
GO:1903275
GO:1903277
GO:1903278
GO:1903280
GO:1903281
GO:1903282
GO:1903283
GO:1903284
GO:1903285
GO:1903286
GO:1903287
GO:1903288
GO:1903294
GO:1903295
GO:1903296
GO:1903297
GO:1903298
GO:1903300
GO:1903301
GO:1903302
GO:1903303
GO:1903304
GO:1903306
GO:1903307
GO:1903311
GO:1903312
GO:1903313
GO:1903317
GO:1903318
GO:1903319
GO:1903320
GO:1903321
GO:1903322
GO:1903323
GO:1903324
GO:1903325
GO:1903326
GO:1903327
GO:1903328
GO:1903330
GO:1903331
GO:1903341
GO:1903342
GO:1903343
GO:1903344
GO:1903345
GO:1903346
GO:1903348
GO:1903350
GO:1903351
GO:1903352
GO:1903355
GO:1903356
GO:1903357
GO:1903362
GO:1903363
GO:1903364
GO:1903376
GO:1903377
GO:1903378
GO:1903379
GO:1903380
GO:1903381
GO:1903382
GO:1903383
GO:1903384
GO:1903389
GO:1903390
GO:1903395
GO:1903396
GO:1903397
GO:1903400
GO:1903401
GO:1903406
GO:1903407
GO:1903408
GO:1903413
GO:1903424
GO:1903427
GO:1903428
GO:1903430
GO:1903431
GO:1903432
GO:1903434
GO:1903435
GO:1903437
GO:1903438
GO:1903442
GO:1903443
GO:1903444
GO:1903445
GO:1903446
GO:1903447
GO:1903448
GO:1903449
GO:1903453
GO:1903455
GO:1903456
GO:1903457
GO:1903459
GO:1903460
GO:1903461
GO:1903463
GO:1903464
GO:1903465
GO:1903466
GO:1903467
GO:1903468
GO:1903469
GO:1903472
GO:1903473
GO:1903475
GO:1903480
GO:1903481
GO:1903482
GO:1903484
GO:1903485
GO:1903488
GO:1903489
GO:1903490
GO:1903495
GO:1903496
GO:1903497
GO:1903499
GO:1903500
GO:1903501
GO:1903504
GO:1903505
GO:1903506
GO:1903507
GO:1903508
GO:1903509
GO:1903510
GO:1903511
GO:1903512
GO:1903513
GO:1903514
GO:1903516
GO:1903517
GO:1903518
GO:1903528
GO:1903529
GO:1903533
GO:1903535
GO:1903536
GO:1903538
GO:1903540
GO:1903542
GO:1903543
GO:1903544
GO:1903545
GO:1903553
GO:1903558
GO:1903559
GO:1903560
GO:1903568
GO:1903569
GO:1903570
GO:1903571
GO:1903572
GO:1903574
GO:1903576
GO:1903577
GO:1903578
GO:1903579
GO:1903580
GO:1903582
GO:1903583
GO:1903584
GO:1903585
GO:1903586
GO:1903588
GO:1903589
GO:1903593
GO:1903594
GO:1903595
GO:1903598
GO:1903599
GO:1903604
GO:1903605
GO:1903606
GO:1903607
GO:1903609
GO:1903613
GO:1903614
GO:1903615
GO:1903616
GO:1903617
GO:1903619
GO:1903620
GO:1903622
GO:1903623
GO:1903624
GO:1903625
GO:1903626
GO:1903636
GO:1903637
GO:1903638
GO:1903640
GO:1903641
GO:1903647
GO:1903648
GO:1903654
GO:1903655
GO:1903662
GO:1903663
GO:1903668
GO:1903669
GO:1903671
GO:1903672
GO:1903674
GO:1903675
GO:1903676
GO:1903677
GO:1903678
GO:1903679
GO:1903684
GO:1903687
GO:1903688
GO:1903690
GO:1903691
GO:1903692
GO:1903694
GO:1903695
GO:1903698
GO:1903704
GO:1903705
GO:1903710
GO:1903711
GO:1903712
GO:1903713
GO:1903714
GO:1903716
GO:1903719
GO:1903720
GO:1903721
GO:1903723
GO:1903724
GO:1903726
GO:1903727
GO:1903740
GO:1903741
GO:1903743
GO:1903744
GO:1903750
GO:1903751
GO:1903752
GO:1903753
GO:1903755
GO:1903756
GO:1903757
GO:1903758
GO:1903760
GO:1903761
GO:1903762
GO:1903764
GO:1903765
GO:1903766
GO:1903775
GO:1903776
GO:1903783
GO:1903784
GO:1903785
GO:1903787
GO:1903788
GO:1903789
GO:1903790
GO:1903791
GO:1903796
GO:1903797
GO:1903798
GO:1903799
GO:1903800
GO:1903801
GO:1903803
GO:1903804
GO:1903805
GO:1903806
GO:1903807
GO:1903808
GO:1903810
GO:1903811
GO:1903812
GO:1903817
GO:1903818
GO:1903823
GO:1903824
GO:1903826
GO:1903833
GO:1903840
GO:1903841
GO:1903843
GO:1903845
GO:1903848
GO:1903849
GO:1903857
GO:1903860
GO:1903861
GO:1903862
GO:1903863
GO:1903864
GO:1903869
GO:1903870
GO:1903881
GO:1903882
GO:1903883
GO:1903889
GO:1903890
GO:1903891
GO:1903892
GO:1903893
GO:1903894
GO:1903895
GO:1903896
GO:1903897
GO:1903898
GO:1903899
GO:1903904
GO:1903905
GO:1903912
GO:1903916
GO:1903917
GO:1903921
GO:1903922
GO:1903923
GO:1903930
GO:1903931
GO:1903932
GO:1903933
GO:1903934
GO:1903936
GO:1903938
GO:1903939
GO:1903940
GO:1903946
GO:1903947
GO:1903948
GO:1903949
GO:1903950
GO:1903951
GO:1903952
GO:1903953
GO:1903954
GO:1903955
GO:1903957
GO:1903960
GO:1903961
GO:1903964
GO:1903965
GO:1903966
GO:1903968
GO:1903976
GO:1903977
GO:1903979
GO:1903980
GO:1903982
GO:1903983
GO:1903984
GO:1903995
GO:1903996
GO:1903997
GO:1904001
GO:1904015
GO:1904020
GO:1904021
GO:1904022
GO:1904023
GO:1904024
GO:1904025
GO:1904029
GO:1904030
GO:1904031
GO:1904039
GO:1904040
GO:1904044
GO:1904045
GO:1904048
GO:1904049
GO:1904050
GO:1904051
GO:1904052
GO:1904053
GO:1904063
GO:1904064
GO:1904070
GO:1904074
GO:1904075
GO:1904077
GO:1904078
GO:1904080
GO:1904081
GO:1904082
GO:1904087
GO:1904088
GO:1904089
GO:1904095
GO:1904098
GO:1904099
GO:1904100
GO:1904102
GO:1904104
GO:1904105
GO:1904109
GO:1904113
GO:1904114
GO:1904117
GO:1904119
GO:1904120
GO:1904122
GO:1904123
GO:1904128
GO:1904129
GO:1904131
GO:1904132
GO:1904134
GO:1904135
GO:1904137
GO:1904138
GO:1904140
GO:1904141
GO:1904142
GO:1904143
GO:1904145
GO:1904146
GO:1904152
GO:1904153
GO:1904154
GO:1904161
GO:1904167
GO:1904168
GO:1904169
GO:1904172
GO:1904173
GO:1904174
GO:1904175
GO:1904180
GO:1904181
GO:1904183
GO:1904184
GO:1904191
GO:1904198
GO:1904199
GO:1904200
GO:1904205
GO:1904206
GO:1904207
GO:1904208
GO:1904209
GO:1904211
GO:1904213
GO:1904214
GO:1904215
GO:1904216
GO:1904230
GO:1904231
GO:1904236
GO:1904237
GO:1904241
GO:1904242
GO:1904243
GO:1904244
GO:1904249
GO:1904250
GO:1904252
GO:1904253
GO:1904255
GO:1904256
GO:1904260
GO:1904261
GO:1904262
GO:1904263
GO:1904267
GO:1904268
GO:1904271
GO:1904272
GO:1904273
GO:1904279
GO:1904280
GO:1904281
GO:1904285
GO:1904286
GO:1904287
GO:1904290
GO:1904291
GO:1904292
GO:1904293
GO:1904294
GO:1904295
GO:1904296
GO:1904297
GO:1904302
GO:1904303
GO:1904308
GO:1904310
GO:1904315
GO:1904317
GO:1904319
GO:1904320
GO:1904322
GO:1904323
GO:1904324
GO:1904325
GO:1904326
GO:1904331
GO:1904332
GO:1904333
GO:1904334
GO:1904336
GO:1904337
GO:1904339
GO:1904340
GO:1904350
GO:1904351
GO:1904352
GO:1904353
GO:1904354
GO:1904355
GO:1904356
GO:1904357
GO:1904358
GO:1904362
GO:1904363
GO:1904364
GO:1904369
GO:1904373
GO:1904374
GO:1904380
GO:1904381
GO:1904382
GO:1904385
GO:1904387
GO:1904388
GO:1904392
GO:1904394
GO:1904395
GO:1904403
GO:1904406
GO:1904407
GO:1904416
GO:1904417
GO:1904418
GO:1904419
GO:1904420
GO:1904427
GO:1904428
GO:1904429
GO:1904430
GO:1904431
GO:1904439
GO:1904440
GO:1904445
GO:1904446
GO:1904447
GO:1904448
GO:1904449
GO:1904450
GO:1904451
GO:1904452
GO:1904453
GO:1904456
GO:1904457
GO:1904458
GO:1904459
GO:1904460
GO:1904461
GO:1904462
GO:1904463
GO:1904464
GO:1904465
GO:1904466
GO:1904467
GO:1904468
GO:1904469
GO:1904470
GO:1904471
GO:1904472
GO:1904473
GO:1904474
GO:1904482
GO:1904487
GO:1904488
GO:1904489
GO:1904490
GO:1904494
GO:1904495
GO:1904496
GO:1904497
GO:1904498
GO:1904499
GO:1904500
GO:1904501
GO:1904503
GO:1904504
GO:1904505
GO:1904506
GO:1904507
GO:1904512
GO:1904513
GO:1904514
GO:1904515
GO:1904523
GO:1904524
GO:1904525
GO:1904533
GO:1904534
GO:1904535
GO:1904538
GO:1904539
GO:1904540
GO:1904544
GO:1904550
GO:1904551
GO:1904553
GO:1904554
GO:1904555
GO:1904556
GO:1904557
GO:1904559
GO:1904561
GO:1904562
GO:1904563
GO:1904566
GO:1904569
GO:1904570
GO:1904571
GO:1904579
GO:1904584
GO:1904586
GO:1904588
GO:1904590
GO:1904591
GO:1904594
GO:1904595
GO:1904597
GO:1904598
GO:1904600
GO:1904603
GO:1904604
GO:1904605
GO:1904624
GO:1904625
GO:1904626
GO:1904636
GO:1904637
GO:1904640
GO:1904642
GO:1904644
GO:1904646
GO:1904663
GO:1904664
GO:1904665
GO:1904666
GO:1904667
GO:1904668
GO:1904669
GO:1904671
GO:1904673
GO:1904674
GO:1904683
GO:1904684
GO:1904685
GO:1904688
GO:1904689
GO:1904690
GO:1904694
GO:1904712
GO:1904714
GO:1904715
GO:1904716
GO:1904720
GO:1904721
GO:1904722
GO:1904727
GO:1904728
GO:1904730
GO:1904731
GO:1904735
GO:1904736
GO:1904737
GO:1904740
GO:1904741
GO:1904753
GO:1904754
GO:1904757
GO:1904761
GO:1904762
GO:1904765
GO:1904766
GO:1904768
GO:1904774
GO:1904775
GO:1904782
GO:1904783
GO:1904786
GO:1904787
GO:1904788
GO:1904800
GO:1904801
GO:1904803
GO:1904805
GO:1904806
GO:1904807
GO:1904808
GO:1904812
GO:1904823
GO:1904827
GO:1904828
GO:1904830
GO:1904831
GO:1904832
GO:1904833
GO:1904839
GO:1904840
GO:1904843
GO:1904844
GO:1904845
GO:1904848
GO:1904849
GO:1904856
GO:1904858
GO:1904859
GO:1904860
GO:1904865
GO:1904875
GO:1904876
GO:1904877
GO:1904878
GO:1904879
GO:1904889
GO:1904890
GO:1904891
GO:1904892
GO:1904893
GO:1904894
GO:1904907
GO:1904908
GO:1904909
GO:1904916
GO:1904917
GO:1904918
GO:1904919
GO:1904920
GO:1904921
GO:1904922
GO:1904925
GO:1904926
GO:1904927
GO:1904930
GO:1904932
GO:1904934
GO:1904935
GO:1904943
GO:1904944
GO:1904947
GO:1904957
GO:1904958
GO:1904960
GO:1904962
GO:1904964
GO:1904966
GO:1904967
GO:1904968
GO:1904976
GO:1904983
GO:1904985
GO:1904986
GO:1904990
GO:1904991
GO:1904992
GO:1905000
GO:1905001
GO:1905002
GO:1905003
GO:1905004
GO:1905006
GO:1905007
GO:1905008
GO:1905009
GO:1905010
GO:1905011
GO:1905012
GO:1905013
GO:1905014
GO:1905024
GO:1905025
GO:1905026
GO:1905027
GO:1905028
GO:1905029
GO:1905032
GO:1905033
GO:1905034
GO:1905035
GO:1905036
GO:1905042
GO:1905043
GO:1905044
GO:1905045
GO:1905046
GO:1905048
GO:1905049
GO:1905050
GO:1905051
GO:1905052
GO:1905053
GO:1905054
GO:1905056
GO:1905058
GO:1905059
GO:1905061
GO:1905062
GO:1905064
GO:1905065
GO:1905066
GO:1905067
GO:1905068
GO:1905076
GO:1905077
GO:1905078
GO:1905080
GO:1905081
GO:1905082
GO:1905083
GO:1905084
GO:1905086
GO:1905087
GO:1905088
GO:1905090
GO:1905091
GO:1905092
GO:1905093
GO:1905094
GO:1905095
GO:1905096
GO:1905098
GO:1905099
GO:1905100
GO:1905101
GO:1905102
GO:1905108
GO:1905110
GO:1905115
GO:1905116
GO:1905118
GO:1905120
GO:1905122
GO:1905126
GO:1905127
GO:1905128
GO:1905132
GO:1905133
GO:1905134
GO:1905135
GO:1905136
GO:1905145
GO:1905146
GO:1905148
GO:1905149
GO:1905151
GO:1905152
GO:1905156
GO:1905157
GO:1905165
GO:1905166
GO:1905167
GO:1905168
GO:1905179
GO:1905180
GO:1905183
GO:1905184
GO:1905186
GO:1905187
GO:1905188
GO:1905189
GO:1905190
GO:1905191
GO:1905200
GO:1905206
GO:1905208
GO:1905209
GO:1905211
GO:1905212
GO:1905213
GO:1905220
GO:1905221
GO:1905229
GO:1905232
GO:1905234
GO:1905238
GO:1905239
GO:1905240
GO:1905241
GO:1905242
GO:1905243
GO:1905245
GO:1905246
GO:1905247
GO:1905255
GO:1905256
GO:1905257
GO:1905258
GO:1905259
GO:1905260
GO:1905261
GO:1905262
GO:1905263
GO:1905264
GO:1905265
GO:1905266
GO:1905267
GO:1905272
GO:1905273
GO:1905282
GO:1905283
GO:1905284
GO:1905287
GO:1905289
GO:1905290
GO:1905291
GO:1905293
GO:1905294
GO:1905295
GO:1905296
GO:1905297
GO:1905299
GO:1905300
GO:1905302
GO:1905303
GO:1905304
GO:1905305
GO:1905306
GO:1905308
GO:1905309
GO:1905311
GO:1905312
GO:1905318
GO:1905321
GO:1905322
GO:1905325
GO:1905326
GO:1905336
GO:1905337
GO:1905338
GO:1905339
GO:1905343
GO:1905344
GO:1905356
GO:1905357
GO:1905358
GO:1905362
GO:1905363
GO:1905371
GO:1905372
GO:1905373
GO:1905374
GO:1905375
GO:1905376
GO:1905378
GO:1905380
GO:1905381
GO:1905382
GO:1905389
GO:1905390
GO:1905405
GO:1905406
GO:1905407
GO:1905408
GO:1905409
GO:1905410
GO:1905411
GO:1905412
GO:1905414
GO:1905415
GO:1905417
GO:1905418
GO:1905424
GO:1905425
GO:1905426
GO:1905429
GO:1905430
GO:1905435
GO:1905436
GO:1905437
GO:1905440
GO:1905442
GO:1905445
GO:1905446
GO:1905447
GO:1905448
GO:1905449
GO:1905450
GO:1905451
GO:1905454
GO:1905455
GO:1905457
GO:1905458
GO:1905471
GO:1905472
GO:1905473
GO:1905484
GO:1905485
GO:1905486
GO:1905487
GO:1905488
GO:1905489
GO:1905490
GO:1905491
GO:1905492
GO:1905499
GO:1905504
GO:1905505
GO:1905511
GO:1905515
GO:1905518
GO:1905519
GO:1905520
GO:1905522
GO:1905523
GO:1905524
GO:1905526
GO:1905527
GO:1905528
GO:1905532
GO:1905533
GO:1905534
GO:1905537
GO:1905539
GO:1905541
GO:1905542
GO:1905544
GO:1905549
GO:1905554
GO:1905555
GO:1905558
GO:1905559
GO:1905560
GO:1905561
GO:1905568
GO:1905569
GO:1905570
GO:1905578
GO:1905579
GO:1905580
GO:1905583
GO:1905586
GO:1905587
GO:1905589
GO:1905591
GO:1905592
GO:1905593
GO:1905598
GO:1905599
GO:1905601
GO:1905602
GO:1905606
GO:1905607
GO:1905608
GO:1905614
GO:1905615
GO:1905616
GO:1905617
GO:1905618
GO:1905624
GO:1905625
GO:1905626
GO:1905628
GO:1905629
GO:1905631
GO:1905637
GO:1905638
GO:1905639
GO:1905642
GO:1905643
GO:1905646
GO:1905647
GO:1905649
GO:1905650
GO:1905652
GO:1905653
GO:1905655
GO:1905656
GO:1905661
GO:1905662
GO:1905663
GO:1905664
GO:1905665
GO:1905675
GO:1905676
GO:1905678
GO:1905679
GO:1905681
GO:1905682
GO:1905685
GO:1905688
GO:1905689
GO:1905693
GO:1905694
GO:1905695
GO:1905702
GO:1905703
GO:1905704
GO:1905706
GO:1905707
GO:1905712
GO:1905716
GO:1905717
GO:1905723
GO:1905724
GO:1905735
GO:1905736
GO:1905737
GO:1905741
GO:1905743
GO:1905744
GO:1905745
GO:1905746
GO:1905747
GO:1905749
GO:1905750
GO:1905751
GO:1905756
GO:1905757
GO:1905758
GO:1905764
GO:1905765
GO:1905766
GO:1905771
GO:1905772
GO:1905777
GO:1905778
GO:1905779
GO:1905781
GO:1905782
GO:1905784
GO:1905785
GO:1905786
GO:1905795
GO:1905796
GO:1905797
GO:1905798
GO:1905799
GO:1905800
GO:1905801
GO:1905812
GO:1905813
GO:1905814
GO:1905815
GO:1905816
GO:1905817
GO:1905822
GO:1905823
GO:1905824
GO:1905825
GO:1905826
GO:1905827
GO:1905829
GO:1905830
GO:1905832
GO:1905833
GO:1905835
GO:1905838
GO:1905839
GO:1905840
GO:1905841
GO:1905842
GO:1905856
GO:1905857
GO:1905866
GO:1905880
GO:1905881
GO:1905884
GO:1905885
GO:1905903
GO:1905904
GO:1905906
GO:1905907
GO:1905908
GO:1905910
GO:1905911
GO:1905916
GO:1905917
GO:1905921
GO:1905922
GO:1905923
GO:1905926
GO:1905931
GO:1905932
GO:1905934
GO:1905935
GO:1905937
GO:1905938
GO:1905942
GO:1905943
GO:1905944
GO:1905948
GO:1905949
GO:1905951
GO:1905963
GO:1905964
GO:1905965
GO:1990000
GO:1990001
GO:1990036
GO:1990046
GO:1990048
GO:1990049
GO:1990051
GO:1990052
GO:1990067
GO:1990070
GO:1990071
GO:1990072
GO:1990074
GO:1990091
GO:1990092
GO:1990095
GO:1990096
GO:1990108
GO:1990111
GO:1990116
GO:1990117
GO:1990126
GO:1990127
GO:1990141
GO:1990153
GO:1990163
GO:1990164
GO:1990167
GO:1990168
GO:1990172
GO:1990180
GO:1990181
GO:1990216
GO:1990217
GO:1990236
GO:1990245
GO:1990248
GO:1990253
GO:1990256
GO:1990258
GO:1990259
GO:1990260
GO:1990261
GO:1990263
GO:1990264
GO:1990269
GO:1990273
GO:1990274
GO:1990294
GO:1990314
GO:1990349
GO:1990355
GO:1990383
GO:1990387
GO:1990389
GO:1990390
GO:1990396
GO:1990397
GO:1990399
GO:1990414
GO:1990416
GO:1990417
GO:1990420
GO:1990426
GO:1990431
GO:1990432
GO:1990437
GO:1990438
GO:1990440
GO:1990441
GO:1990443
GO:1990456
GO:1990466
GO:1990474
GO:1990475
GO:1990476
GO:1990481
GO:1990484
GO:1990485
GO:1990486
GO:1990487
GO:1990488
GO:1990489
GO:1990491
GO:1990492
GO:1990497
GO:1990502
GO:1990505
GO:1990506
GO:1990508
GO:1990511
GO:1990514
GO:1990515
GO:1990516
GO:1990518
GO:1990519
GO:1990523
GO:1990524
GO:1990536
GO:1990541
GO:1990542
GO:1990543
GO:1990544
GO:1990545
GO:1990546
GO:1990547
GO:1990548
GO:1990550
GO:1990551
GO:1990553
GO:1990554
GO:1990555
GO:1990556
GO:1990557
GO:1990558
GO:1990559
GO:1990561
GO:1990562
GO:1990564
GO:1990569
GO:1990573
GO:1990575
GO:1990577
GO:1990579
GO:1990580
GO:1990584
GO:1990591
GO:1990592
GO:1990596
GO:1990611
GO:1990613
GO:1990614
GO:1990616
GO:1990619
GO:1990625
GO:1990626
GO:1990627
GO:1990632
GO:1990636
GO:1990646
GO:1990668
GO:1990669
GO:1990670
GO:1990671
GO:1990672
GO:1990677
GO:1990678
GO:1990679
GO:1990687
GO:1990688
GO:1990689
GO:1990690
GO:1990691
GO:1990692
GO:1990697
GO:1990708
GO:1990710
GO:1990729
GO:1990731
GO:1990743
GO:1990744
GO:1990747
GO:1990755
GO:1990762
GO:1990767
GO:1990771
GO:1990773
GO:1990774
GO:1990775
GO:1990787
GO:1990793
GO:1990799
GO:1990801
GO:1990802
GO:1990803
GO:1990804
GO:1990818
GO:1990821
GO:1990822
GO:1990831
GO:1990832
GO:1990849
GO:1990852
GO:1990853
GO:1990854
GO:1990859
GO:1990860
GO:1990872
GO:1990878
GO:1990882
GO:1990884
GO:1990918
GO:1990938
GO:1990942
GO:1990944
GO:1990949
GO:1990950
GO:1990953
GO:1990966
GO:1990969
GO:1990974
GO:1990976
GO:1990983
GO:2000002
GO:2000003
GO:2000005
GO:2000007
GO:2000013
GO:2000019
GO:2000020
GO:2000022
GO:2000025
GO:2000031
GO:2000040
GO:2000041
GO:2000042
GO:2000044
GO:2000050
GO:2000051
GO:2000052
GO:2000053
GO:2000054
GO:2000055
GO:2000056
GO:2000057
GO:2000058
GO:2000059
GO:2000060
GO:2000062
GO:2000063
GO:2000064
GO:2000065
GO:2000066
GO:2000072
GO:2000075
GO:2000076
GO:2000077
GO:2000078
GO:2000079
GO:2000080
GO:2000081
GO:2000083
GO:2000085
GO:2000086
GO:2000088
GO:2000089
GO:2000090
GO:2000091
GO:2000092
GO:2000094
GO:2000095
GO:2000096
GO:2000104
GO:2000105
GO:2000113
GO:2000116
GO:2000117
GO:2000122
GO:2000123
GO:2000124
GO:2000125
GO:2000126
GO:2000127
GO:2000128
GO:2000129
GO:2000130
GO:2000131
GO:2000132
GO:2000133
GO:2000134
GO:2000139
GO:2000140
GO:2000141
GO:2000142
GO:2000143
GO:2000144
GO:2000148
GO:2000149
GO:2000150
GO:2000151
GO:2000152
GO:2000155
GO:2000157
GO:2000158
GO:2000159
GO:2000160
GO:2000161
GO:2000162
GO:2000163
GO:2000164
GO:2000165
GO:2000166
GO:2000167
GO:2000168
GO:2000169
GO:2000170
GO:2000171
GO:2000173
GO:2000175
GO:2000176
GO:2000180
GO:2000181
GO:2000183
GO:2000184
GO:2000186
GO:2000187
GO:2000192
GO:2000193
GO:2000195
GO:2000196
GO:2000200
GO:2000201
GO:2000202
GO:2000203
GO:2000204
GO:2000205
GO:2000206
GO:2000207
GO:2000208
GO:2000211
GO:2000212
GO:2000213
GO:2000214
GO:2000215
GO:2000216
GO:2000221
GO:2000222
GO:2000223
GO:2000225
GO:2000227
GO:2000228
GO:2000232
GO:2000233
GO:2000234
GO:2000235
GO:2000236
GO:2000237
GO:2000238
GO:2000239
GO:2000240
GO:2000245
GO:2000246
GO:2000248
GO:2000254
GO:2000255
GO:2000256
GO:2000257
GO:2000258
GO:2000259
GO:2000260
GO:2000261
GO:2000262
GO:2000263
GO:2000264
GO:2000265
GO:2000266
GO:2000267
GO:2000268
GO:2000272
GO:2000273
GO:2000276
GO:2000277
GO:2000278
GO:2000279
GO:2000281
GO:2000282
GO:2000283
GO:2000284
GO:2000286
GO:2000287
GO:2000289
GO:2000296
GO:2000297
GO:2000298
GO:2000299
GO:2000300
GO:2000301
GO:2000302
GO:2000303
GO:2000304
GO:2000306
GO:2000310
GO:2000311
GO:2000312
GO:2000313
GO:2000314
GO:2000315
GO:2000317
GO:2000318
GO:2000319
GO:2000320
GO:2000321
GO:2000322
GO:2000323
GO:2000324
GO:2000325
GO:2000326
GO:2000327
GO:2000328
GO:2000329
GO:2000330
GO:2000336
GO:2000337
GO:2000344
GO:2000348
GO:2000349
GO:2000350
GO:2000355
GO:2000357
GO:2000358
GO:2000360
GO:2000364
GO:2000365
GO:2000366
GO:2000368
GO:2000370
GO:2000375
GO:2000376
GO:2000378
GO:2000379
GO:2000386
GO:2000388
GO:2000390
GO:2000391
GO:2000396
GO:2000397
GO:2000402
GO:2000403
GO:2000405
GO:2000406
GO:2000408
GO:2000409
GO:2000411
GO:2000412
GO:2000414
GO:2000415
GO:2000417
GO:2000418
GO:2000420
GO:2000421
GO:2000423
GO:2000424
GO:2000426
GO:2000427
GO:2000432
GO:2000433
GO:2000434
GO:2000435
GO:2000436
GO:2000438
GO:2000439
GO:2000440
GO:2000441
GO:2000442
GO:2000443
GO:2000444
GO:2000445
GO:2000446
GO:2000447
GO:2000448
GO:2000450
GO:2000451
GO:2000453
GO:2000454
GO:2000456
GO:2000457
GO:2000459
GO:2000463
GO:2000464
GO:2000469
GO:2000470
GO:2000472
GO:2000473
GO:2000474
GO:2000475
GO:2000476
GO:2000477
GO:2000478
GO:2000479
GO:2000480
GO:2000481
GO:2000482
GO:2000483
GO:2000484
GO:2000485
GO:2000486
GO:2000487
GO:2000488
GO:2000492
GO:2000493
GO:2000494
GO:2000502
GO:2000503
GO:2000509
GO:2000510
GO:2000515
GO:2000516
GO:2000518
GO:2000519
GO:2000521
GO:2000522
GO:2000525
GO:2000526
GO:2000528
GO:2000529
GO:2000531
GO:2000538
GO:2000539
GO:2000540
GO:2000541
GO:2000542
GO:2000543
GO:2000544
GO:2000545
GO:2000546
GO:2000549
GO:2000550
GO:2000551
GO:2000552
GO:2000553
GO:2000554
GO:2000555
GO:2000556
GO:2000558
GO:2000559
GO:2000560
GO:2000562
GO:2000563
GO:2000565
GO:2000566
GO:2000568
GO:2000570
GO:2000571
GO:2000572
GO:2000573
GO:2000583
GO:2000584
GO:2000585
GO:2000586
GO:2000587
GO:2000588
GO:2000590
GO:2000591
GO:2000593
GO:2000594
GO:2000596
GO:2000597
GO:2000601
GO:2000607
GO:2000608
GO:2000610
GO:2000611
GO:2000612
GO:2000613
GO:2000614
GO:2000615
GO:2000616
GO:2000617
GO:2000618
GO:2000619
GO:2000620
GO:2000621
GO:2000622
GO:2000623
GO:2000624
GO:2000625
GO:2000626
GO:2000627
GO:2000628
GO:2000629
GO:2000630
GO:2000631
GO:2000632
GO:2000633
GO:2000634
GO:2000635
GO:2000636
GO:2000637
GO:2000638
GO:2000639
GO:2000640
GO:2000645
GO:2000646
GO:2000650
GO:2000651
GO:2000653
GO:2000659
GO:2000660
GO:2000661
GO:2000662
GO:2000663
GO:2000664
GO:2000665
GO:2000666
GO:2000667
GO:2000672
GO:2000673
GO:2000687
GO:2000688
GO:2000691
GO:2000692
GO:2000693
GO:2000697
GO:2000698
GO:2000700
GO:2000702
GO:2000703
GO:2000704
GO:2000708
GO:2000709
GO:2000710
GO:2000711
GO:2000712
GO:2000713
GO:2000714
GO:2000715
GO:2000716
GO:2000717
GO:2000718
GO:2000719
GO:2000720
GO:2000721
GO:2000723
GO:2000724
GO:2000726
GO:2000727
GO:2000728
GO:2000730
GO:2000731
GO:2000732
GO:2000733
GO:2000734
GO:2000735
GO:2000737
GO:2000738
GO:2000740
GO:2000741
GO:2000747
GO:2000748
GO:2000749
GO:2000751
GO:2000753
GO:2000754
GO:2000755
GO:2000756
GO:2000757
GO:2000758
GO:2000759
GO:2000760
GO:2000761
GO:2000763
GO:2000764
GO:2000765
GO:2000766
GO:2000767
GO:2000768
GO:2000773
GO:2000774
GO:2000775
GO:2000776
GO:2000777
GO:2000778
GO:2000779
GO:2000780
GO:2000781
GO:2000786
GO:2000788
GO:2000789
GO:2000798
GO:2000799
GO:2000801
GO:2000802
GO:2000804
GO:2000805
GO:2000806
GO:2000812
GO:2000813
GO:2000814
GO:2000816
GO:2000817
GO:2000819
GO:2000820
GO:2000823
GO:2000824
GO:2000825
GO:2000827
GO:2000828
GO:2000829
GO:2000830
GO:2000831
GO:2000832
GO:2000833
GO:2000834
GO:2000835
GO:2000836
GO:2000838
GO:2000839
GO:2000841
GO:2000842
GO:2000844
GO:2000845
GO:2000846
GO:2000847
GO:2000848
GO:2000849
GO:2000850
GO:2000851
GO:2000852
GO:2000853
GO:2000854
GO:2000855
GO:2000856
GO:2000857
GO:2000858
GO:2000859
GO:2000860
GO:2000861
GO:2000862
GO:2000863
GO:2000865
GO:2000866
GO:2000868
GO:2000869
GO:2000870
GO:2000871
GO:2000872
GO:2000873
GO:2000875
GO:2000876
GO:2000881
GO:2000882
GO:2000883
GO:2000884
GO:2000885
GO:2000886
GO:2000887
GO:2000888
GO:2000890
GO:2000891
GO:2000892
GO:2000894
GO:2000895
GO:2000899
GO:2000901
GO:2000903
GO:2000905
GO:2000906
GO:2000908
GO:2000910
GO:2000911
GO:2000915
GO:2000916
GO:2000917
GO:2000918
GO:2000919
GO:2000920
GO:2000921
GO:2000922
GO:2000923
GO:2000928
GO:2000929
GO:2000931
GO:2000932
GO:2000937
GO:2000938
GO:2000939
GO:2000940
GO:2000941
GO:2000943
GO:2000944
GO:2000946
GO:2000947
GO:2000948
GO:2000949
GO:2000950
GO:2000951
GO:2000952
GO:2000953
GO:2000966
GO:2000967
GO:2000968
GO:2000969
GO:2000974
GO:2000975
GO:2000978
GO:2000979
GO:2000981
GO:2000982
GO:2000986
GO:2000987
GO:2000988
GO:2000989
GO:2000990
GO:2000994
GO:2000995
GO:2000996
GO:2000997
GO:2000998
GO:2000999
GO:2001000
GO:2001001
GO:2001002
GO:2001003
GO:2001004
GO:2001005
GO:2001006
GO:2001007
GO:2001008
GO:2001009
GO:2001010
GO:2001011
GO:2001015
GO:2001016
GO:2001027
GO:2001028
GO:2001030
GO:2001031
GO:2001032
GO:2001033
GO:2001034
GO:2001036
GO:2001037
GO:2001044
GO:2001045
GO:2001046
GO:2001050
GO:2001051
GO:2001056
GO:2001059
GO:2001061
GO:2001075
GO:2001076
GO:2001106
GO:2001107
GO:2001108
GO:2001113
GO:2001115
GO:2001116
GO:2001117
GO:2001118
GO:2001121
GO:2001123
GO:2001124
GO:2001125
GO:2001126
GO:2001127
GO:2001128
GO:2001129
GO:2001130
GO:2001131
GO:2001132
GO:2001133
GO:2001134
GO:2001139
GO:2001140
GO:2001141
GO:2001143
GO:2001145
GO:2001146
GO:2001152
GO:2001153
GO:2001154
GO:2001155
GO:2001156
GO:2001157
GO:2001158
GO:2001159
GO:2001160
GO:2001161
GO:2001162
GO:2001163
GO:2001164
GO:2001165
GO:2001166
GO:2001167
GO:2001168
GO:2001169
GO:2001170
GO:2001171
GO:2001172
GO:2001173
GO:2001174
GO:2001175
GO:2001178
GO:2001179
GO:2001180
GO:2001181
GO:2001182
GO:2001183
GO:2001184
GO:2001186
GO:2001187
GO:2001189
GO:2001190
GO:2001192
GO:2001193
GO:2001194
GO:2001195
GO:2001196
GO:2001197
GO:2001199
GO:2001200
GO:2001201
GO:2001202
GO:2001203
GO:2001205
GO:2001206
GO:2001207
GO:2001208
GO:2001209
GO:2001210
GO:2001211
GO:2001213
GO:2001214
GO:2001216
GO:2001223
GO:2001224
GO:2001231
GO:2001232
GO:2001233
GO:2001234
GO:2001235
GO:2001236
GO:2001237
GO:2001238
GO:2001239
GO:2001240
GO:2001241
GO:2001242
GO:2001243
GO:2001244
GO:2001245
GO:2001246
GO:2001247
GO:2001248
GO:2001249
GO:2001250
GO:2001253
GO:2001254
GO:2001255
GO:2001258
GO:2001259
GO:2001260
GO:2001261
GO:2001262
GO:2001267
GO:2001268
GO:2001269
GO:2001270
GO:2001271
GO:2001272
GO:2001274
GO:2001275
GO:2001276
GO:2001277
GO:2001278
GO:2001279
GO:2001280
GO:2001282
GO:2001284
GO:2001285
GO:2001287
GO:2001288
GO:2001291
GO:2001292
GO:2001293
GO:2001294
GO:2001295
GO:2001296
GO:2001297
GO:2001298
GO:2001299
GO:2001300
GO:2001301
GO:2001302
GO:2001303
GO:2001304
GO:2001305
GO:2001306
GO:2001307
GO:2001308
GO:2001309
GO:2001310
GO:2001311
GO:2001312
GO:2001313
GO:2001314
GO:2001315
GO:2001316